Archive member included to satisfy reference by file (symbol)

C:/devkitPro/libogc/lib/wii\libwiiuse.a(wpad.o)
                              gxsprites.o (WPAD_SetDataFormat)
C:/devkitPro/libogc/lib/wii\libwiiuse.a(motion_plus.o)
                              C:/devkitPro/libogc/lib/wii\libwiiuse.a(wpad.o) (wiiuse_set_motion_plus)
C:/devkitPro/libogc/lib/wii\libwiiuse.a(dynamics.o)
                              C:/devkitPro/libogc/lib/wii\libwiiuse.a(wpad.o) (calculate_gforce)
C:/devkitPro/libogc/lib/wii\libwiiuse.a(io.o)
                              C:/devkitPro/libogc/lib/wii\libwiiuse.a(motion_plus.o) (wiiuse_disable_expansion)
C:/devkitPro/libogc/lib/wii\libwiiuse.a(io_wii.o)
                              C:/devkitPro/libogc/lib/wii\libwiiuse.a(wpad.o) (__wiiuse_sensorbar_enable)
C:/devkitPro/libogc/lib/wii\libwiiuse.a(ir.o)
                              C:/devkitPro/libogc/lib/wii\libwiiuse.a(motion_plus.o) (wiiuse_set_ir_mode)
C:/devkitPro/libogc/lib/wii\libwiiuse.a(nunchuk.o)
                              C:/devkitPro/libogc/lib/wii\libwiiuse.a(io.o) (nunchuk_handshake)
C:/devkitPro/libogc/lib/wii\libwiiuse.a(wiiboard.o)
                              C:/devkitPro/libogc/lib/wii\libwiiuse.a(io.o) (wii_board_handshake)
C:/devkitPro/libogc/lib/wii\libwiiuse.a(wiiuse.o)
                              C:/devkitPro/libogc/lib/wii\libwiiuse.a(wpad.o) (wiiuse_init)
C:/devkitPro/libogc/lib/wii\libwiiuse.a(speaker.o)
                              C:/devkitPro/libogc/lib/wii\libwiiuse.a(wpad.o) (wencdata)
C:/devkitPro/libogc/lib/wii\libwiiuse.a(classic.o)
                              C:/devkitPro/libogc/lib/wii\libwiiuse.a(io.o) (classic_ctrl_handshake)
C:/devkitPro/libogc/lib/wii\libwiiuse.a(events.o)
                              C:/devkitPro/libogc/lib/wii\libwiiuse.a(io_wii.o) (parse_event)
C:/devkitPro/libogc/lib/wii\libwiiuse.a(guitar_hero_3.o)
                              C:/devkitPro/libogc/lib/wii\libwiiuse.a(io.o) (guitar_hero_3_handshake)
C:/devkitPro/libogc/lib/wii\libbte.a(bte.o)
                              C:/devkitPro/libogc/lib/wii\libwiiuse.a(wpad.o) (BTE_Init)
C:/devkitPro/libogc/lib/wii\libbte.a(hci.o)
                              C:/devkitPro/libogc/lib/wii\libbte.a(bte.o) (hci_init)
C:/devkitPro/libogc/lib/wii\libbte.a(l2cap.o)
                              C:/devkitPro/libogc/lib/wii\libbte.a(bte.o) (l2cap_init)
C:/devkitPro/libogc/lib/wii\libbte.a(btmemb.o)
                              C:/devkitPro/libogc/lib/wii\libbte.a(bte.o) (btmemb_init)
C:/devkitPro/libogc/lib/wii\libbte.a(btmemr.o)
                              C:/devkitPro/libogc/lib/wii\libbte.a(hci.o) (btmemr_init)
C:/devkitPro/libogc/lib/wii\libbte.a(btpbuf.o)
                              C:/devkitPro/libogc/lib/wii\libbte.a(hci.o) (btpbuf_init)
C:/devkitPro/libogc/lib/wii\libbte.a(physbusif.o)
                              C:/devkitPro/libogc/lib/wii\libbte.a(bte.o) (physbusif_init)
C:/devkitPro/libogc/lib/wii\libmad.a(mp3player.o)
                              gxsprites.o (MP3Player_Init)
C:/devkitPro/libogc/lib/wii\libmad.a(frame.o)
                              C:/devkitPro/libogc/lib/wii\libmad.a(mp3player.o) (mad_frame_finish)
C:/devkitPro/libogc/lib/wii\libmad.a(layer12.o)
                              C:/devkitPro/libogc/lib/wii\libmad.a(frame.o) (mad_layer_I)
C:/devkitPro/libogc/lib/wii\libmad.a(layer3.o)
                              C:/devkitPro/libogc/lib/wii\libmad.a(frame.o) (mad_layer_III)
C:/devkitPro/libogc/lib/wii\libmad.a(stream.o)
                              C:/devkitPro/libogc/lib/wii\libmad.a(mp3player.o) (mad_stream_init)
C:/devkitPro/libogc/lib/wii\libmad.a(synth.o)
                              C:/devkitPro/libogc/lib/wii\libmad.a(mp3player.o) (mad_synth_init)
C:/devkitPro/libogc/lib/wii\libmad.a(timer.o)
                              C:/devkitPro/libogc/lib/wii\libmad.a(frame.o) (mad_timer_set)
C:/devkitPro/libogc/lib/wii\libmad.a(bit.o)
                              C:/devkitPro/libogc/lib/wii\libmad.a(frame.o) (mad_bit_init)
C:/devkitPro/libogc/lib/wii\libmad.a(huffman.o)
                              C:/devkitPro/libogc/lib/wii\libmad.a(layer3.o) (mad_huff_pair_table)
C:/devkitPro/libogc/lib/wii\libasnd.a(asndlib.o)
                              gxsprites.o (ASND_Init)
C:/devkitPro/libogc/lib/wii\libogc.a(lwp_queue.o)
                              C:/devkitPro/libogc/lib/wii\libwiiuse.a(io_wii.o) (__lwp_queue_initialize)
C:/devkitPro/libogc/lib/wii\libogc.a(lwp_threads.o)
                              C:/devkitPro/libogc/lib/wii\libwiiuse.a(wpad.o) (_thread_dispatch_disable_level)
C:/devkitPro/libogc/lib/wii\libogc.a(lwp.o)
                              C:/devkitPro/libogc/lib/wii\libmad.a(mp3player.o) (LWP_CreateThread)
C:/devkitPro/libogc/lib/wii\libogc.a(lwp_handler.o)
                              C:/devkitPro/libogc/lib/wii\libogc.a(lwp_threads.o) (_cpu_context_save_fp)
C:/devkitPro/libogc/lib/wii\libogc.a(lwp_stack.o)
[...]
Memory Configuration

Name             Origin             Length             Attributes
*default*        0x00000000         0xffffffff

Linker script and memory map

                0x00003400                . = 0x3400

.stub
 *(.stub)
                0x80004000                . = 0x80004000

.init           0x80004000      0x194
 *crt0.o(*.init)
 .init          0x80004000      0x170 C:/devkitPro/libogc/lib/wii\libogc.a(ogc_crt0.o)
                0x80004000                _start
                0x80004140                _memset
 *(.init)
 .init          0x80004170        0xc c:/devkitpro/devkitppc/bin/../lib/gcc/powerpc-eabi/6.3.0/ecrti.o
                0x80004170                __init
 .init          0x8000417c        0x4 c:/devkitpro/devkitppc/bin/../lib/gcc/powerpc-eabi/6.3.0/crtbegin.o
 .init          0x80004180        0x4 c:/devkitpro/devkitppc/bin/../lib/gcc/powerpc-eabi/6.3.0/crtend.o
 .init          0x80004184       0x10 c:/devkitpro/devkitppc/bin/../lib/gcc/powerpc-eabi/6.3.0/ecrtn.o

.rela.dyn       0x80004194        0x0
 .rela.iplt     0x80004194        0x0 c:/devkitpro/devkitppc/bin/../lib/gcc/powerpc-eabi/6.3.0/crtbegin.o

.plt
 *(.plt)

.interp
 *(.interp)

.hash
 *(.hash)

.dynsym
 *(.dynsym)

.dynstr
 *(.dynstr)

.gnu.version
 *(.gnu.version)

.gnu.version_d
 *(.gnu.version_d)

.gnu.version_r
 *(.gnu.version_r)

.rel.init
 *(.rel.init)

.rela.init      0x80004194        0x0
 *(.rela.init)
 .rela.init     0x80004194        0x0 c:/devkitpro/devkitppc/bin/../lib/gcc/powerpc-eabi/6.3.0/crtbegin.o

.rel.text
 *(.rel.text .rel.text.* .rel.gnu.linkonce.t.*)

.rela.text      0x80004194        0x0
 *(.rela.text .rela.text.* .rela.gnu.linkonce.t.*)
 .rela.text.deregister_tm_clones
                0x80004194        0x0 c:/devkitpro/devkitppc/bin/../lib/gcc/powerpc-eabi/6.3.0/crtbegin.o
 .rela.text.register_tm_clones
                0x80004194        0x0 c:/devkitpro/devkitppc/bin/../lib/gcc/powerpc-eabi/6.3.0/crtbegin.o
 .rela.text.__do_global_dtors_aux
                0x80004194        0x0 c:/devkitpro/devkitppc/bin/../lib/gcc/powerpc-eabi/6.3.0/crtbegin.o
 .rela.text.frame_dummy
                0x80004194        0x0 c:/devkitpro/devkitppc/bin/../lib/gcc/powerpc-eabi/6.3.0/crtbegin.o
 .rela.text.drawDoodleJumper
                0x80004194        0x0 c:/devkitpro/devkitppc/bin/../lib/gcc/powerpc-eabi/6.3.0/crtbegin.o
 .rela.text.drawPlatform
                0x80004194        0x0 c:/devkitpro/devkitppc/bin/../lib/gcc/powerpc-eabi/6.3.0/crtbegin.o
 .rela.text.drawBackground
                0x80004194        0x0 c:/devkitpro/devkitppc/bin/../lib/gcc/powerpc-eabi/6.3.0/crtbegin.o
 .rela.text.startup.main
                0x80004194        0x0 c:/devkitpro/devkitppc/bin/../lib/gcc/powerpc-eabi/6.3.0/crtbegin.o
 .rela.text.collidesWithPlatformFromAbove
                0x80004194        0x0 c:/devkitpro/devkitppc/bin/../lib/gcc/powerpc-eabi/6.3.0/crtbegin.o
 .rela.text.wiiuse_probe_motion_plus_check1
                0x80004194        0x0 c:/devkitpro/devkitppc/bin/../lib/gcc/powerpc-eabi/6.3.0/crtbegin.o
 .rela.text.wiiuse_probe_motion_plus
                0x80004194        0x0 c:/devkitpro/devkitppc/bin/../lib/gcc/powerpc-eabi/6.3.0/crtbegin.o
 .rela.text.wiiuse_handshake
                0x80004194        0x0 c:/devkitpro/devkitppc/bin/../lib/gcc/powerpc-eabi/6.3.0/crtbegin.o
 .rela.text.wiiuse_handshake_expansion
                0x80004194        0x0 c:/devkitpro/devkitppc/bin/../lib/gcc/powerpc-eabi/6.3.0/crtbegin.o
 .rela.text.wiiuse_init_cmd_queue
                0x80004194        0x0 c:/devkitpro/devkitppc/bin/../lib/gcc/powerpc-eabi/6.3.0/crtbegin.o
 .rela.text.wiiuse_init
                0x80004194        0x0 c:/devkitpro/devkitppc/bin/../lib/gcc/powerpc-eabi/6.3.0/crtbegin.o
 .rela.text.bt_alarmhandler
                0x80004194        0x0 c:/devkitpro/devkitppc/bin/../lib/gcc/powerpc-eabi/6.3.0/crtbegin.o
 .rela.text.MP3Player_PlayBuffer
                0x80004194        0x0 c:/devkitpro/devkitppc/bin/../lib/gcc/powerpc-eabi/6.3.0/crtbegin.o
 .rela.text.III_decode
                0x80004194        0x0 c:/devkitpro/devkitppc/bin/../lib/gcc/powerpc-eabi/6.3.0/crtbegin.o
 .rela.text.__lwp_rotate_readyqueue
                0x80004194        0x0 c:/devkitpro/devkitppc/bin/../lib/gcc/powerpc-eabi/6.3.0/crtbegin.o
 .rela.text.__lwp_thread_tickle_timeslice
                0x80004194        0x0 c:/devkitpro/devkitppc/bin/../lib/gcc/powerpc-eabi/6.3.0/crtbegin.o
 .rela.text.__lwp_thread_setstate
                0x80004194        0x0 c:/devkitpro/devkitppc/bin/../lib/gcc/powerpc-eabi/6.3.0/crtbegin.o
 .rela.text.__lwp_thread_setpriority
                0x80004194        0x0 c:/devkitpro/devkitppc/bin/../lib/gcc/powerpc-eabi/6.3.0/crtbegin.o
 .rela.text.__lwp_thread_suspend
                0x80004194        0x0 c:/devkitpro/devkitppc/bin/../lib/gcc/powerpc-eabi/6.3.0/crtbegin.o
 .rela.text.__lwp_thread_changepriority
                0x80004194        0x0 c:/devkitpro/devkitppc/bin/../lib/gcc/powerpc-eabi/6.3.0/crtbegin.o
 .rela.text.__lwp_thread_ready
                0x80004194        0x0 c:/devkitpro/devkitppc/bin/../lib/gcc/powerpc-eabi/6.3.0/crtbegin.o
 .rela.text.__lwp_thread_init
                0x80004194        0x0 c:/devkitpro/devkitppc/bin/../lib/gcc/powerpc-eabi/6.3.0/crtbegin.o
 .rela.text.__lwp_thread_close
                0x80004194        0x0 c:/devkitpro/devkitppc/bin/../lib/gcc/powerpc-eabi/6.3.0/crtbegin.o
 .rela.text.__lwp_thread_closeall
                0x80004194        0x0 c:/devkitpro/devkitppc/bin/../lib/gcc/powerpc-eabi/6.3.0/crtbegin.o
 .rela.text.__lwp_thread_startmultitasking
                0x80004194        0x0 c:/devkitpro/devkitppc/bin/../lib/gcc/powerpc-eabi/6.3.0/crtbegin.o
 .rela.text.__lwp_thread_stopmultitasking
                0x80004194        0x0 c:/devkitpro/devkitppc/bin/../lib/gcc/powerpc-eabi/6.3.0/crtbegin.o
 .rela.text.__lwp_thread_coreinit
                0x80004194        0x0 c:/devkitpro/devkitppc/bin/../lib/gcc/powerpc-eabi/6.3.0/crtbegin.o
 .rela.text.__lwp_sysinit
                0x80004194        0x0 c:/devkitpro/devkitppc/bin/../lib/gcc/powerpc-eabi/6.3.0/crtbegin.o
 .rela.text.__lwp_thread_isalive
                0x80004194        0x0 c:/devkitpro/devkitppc/bin/../lib/gcc/powerpc-eabi/6.3.0/crtbegin.o
 .rela.text.__lwp_thread_exists
                0x80004194        0x0 c:/devkitpro/devkitppc/bin/../lib/gcc/powerpc-eabi/6.3.0/crtbegin.o
 .rela.text.__lwp_thread_context
                0x80004194        0x0 c:/devkitpro/devkitppc/bin/../lib/gcc/powerpc-eabi/6.3.0/crtbegin.o
 .rela.text.LWP_CreateThread
                0x80004194        0x0 c:/devkitpro/devkitppc/bin/../lib/gcc/powerpc-eabi/6.3.0/crtbegin.o
 .rela.text.LWP_SuspendThread
                0x80004194        0x0 c:/devkitpro/devkitppc/bin/../lib/gcc/powerpc-eabi/6.3.0/crtbegin.o
 .rela.text.LWP_ResumeThread
                0x80004194        0x0 c:/devkitpro/devkitppc/bin/../lib/gcc/powerpc-eabi/6.3.0/crtbegin.o
 .rela.text.LWP_SetThreadPriority
                0x80004194        0x0 c:/devkitpro/devkitppc/bin/../lib/gcc/powerpc-eabi/6.3.0/crtbegin.o
 .rela.text.LWP_ThreadIsSuspended
                0x80004194        0x0 c:/devkitpro/devkitppc/bin/../lib/gcc/powerpc-eabi/6.3.0/crtbegin.o
 .rela.text.LWP_JoinThread
                0x80004194        0x0 c:/devkitpro/devkitppc/bin/../lib/gcc/powerpc-eabi/6.3.0/crtbegin.o
 .rela.text.LWP_InitQueue
                0x80004194        0x0 c:/devkitpro/devkitppc/bin/../lib/gcc/powerpc-eabi/6.3.0/crtbegin.o
 .rela.text.LWP_CloseQueue
                0x80004194        0x0 c:/devkitpro/devkitppc/bin/../lib/gcc/powerpc-eabi/6.3.0/crtbegin.o
 .rela.text.LWP_ThreadSleep
                0x80004194        0x0 c:/devkitpro/devkitppc/bin/../lib/gcc/powerpc-eabi/6.3.0/crtbegin.o
 .rela.text.LWP_ThreadBroadcast
                0x80004194        0x0 c:/devkitpro/devkitppc/bin/../lib/gcc/powerpc-eabi/6.3.0/crtbegin.o
 .rela.text.LWP_ThreadSignal
                0x80004194        0x0 c:/devkitpro/devkitppc/bin/../lib/gcc/powerpc-eabi/6.3.0/crtbegin.o
 .rela.text.__lwp_stack_allocate
                0x80004194        0x0 c:/devkitpro/devkitppc/bin/../lib/gcc/powerpc-eabi/6.3.0/crtbegin.o
 .rela.text.__lwp_stack_free
                0x80004194        0x0 c:/devkitpro/devkitppc/bin/../lib/gcc/powerpc-eabi/6.3.0/crtbegin.o
 .rela.text.__lwp_watchdog_init
                0x80004194        0x0 c:/devkitpro/devkitppc/bin/../lib/gcc/powerpc-eabi/6.3.0/crtbegin.o
 .rela.text.__lwp_wd_tickle
                0x80004194        0x0 c:/devkitpro/devkitppc/bin/../lib/gcc/powerpc-eabi/6.3.0/crtbegin.o
 .rela.text.__lwp_wkspace_heapfree
                0x80004194        0x0 c:/devkitpro/devkitppc/bin/../lib/gcc/powerpc-eabi/6.3.0/crtbegin.o
 .rela.text.__lwp_wkspace_heapused
                0x80004194        0x0 c:/devkitpro/devkitppc/bin/../lib/gcc/powerpc-eabi/6.3.0/crtbegin.o
 .rela.text.__lwp_wkspace_init
                0x80004194        0x0 c:/devkitpro/devkitppc/bin/../lib/gcc/powerpc-eabi/6.3.0/crtbegin.o
 .rela.text.__lwp_objmgr_initinfo
                0x80004194        0x0 c:/devkitpro/devkitppc/bin/../lib/gcc/powerpc-eabi/6.3.0/crtbegin.o
 .rela.text.__irq_init
                0x80004194        0x0 c:/devkitpro/devkitppc/bin/../lib/gcc/powerpc-eabi/6.3.0/crtbegin.o
 .rela.text.__call_resetfuncs
                0x80004194        0x0 c:/devkitpro/devkitppc/bin/../lib/gcc/powerpc-eabi/6.3.0/crtbegin.o
 .rela.text.__unlocksram
                0x80004194        0x0 c:/devkitpro/devkitppc/bin/../lib/gcc/powerpc-eabi/6.3.0/crtbegin.o
 .rela.text.__sram_writecallback
                0x80004194        0x0 c:/devkitpro/devkitppc/bin/../lib/gcc/powerpc-eabi/6.3.0/crtbegin.o
 .rela.text.__sys_alarmhandler
                0x80004194        0x0 c:/devkitpro/devkitppc/bin/../lib/gcc/powerpc-eabi/6.3.0/crtbegin.o
 .rela.text.__sram_read.constprop.10
                0x80004194        0x0 c:/devkitpro/devkitppc/bin/../lib/gcc/powerpc-eabi/6.3.0/crtbegin.o
 .rela.text.__sram_init
                0x80004194        0x0 c:/devkitpro/devkitppc/bin/../lib/gcc/powerpc-eabi/6.3.0/crtbegin.o
 .rela.text.__SYS_LockSram
                0x80004194        0x0 c:/devkitpro/devkitppc/bin/../lib/gcc/powerpc-eabi/6.3.0/crtbegin.o
 .rela.text.__SYS_LockSramEx
                0x80004194        0x0 c:/devkitpro/devkitppc/bin/../lib/gcc/powerpc-eabi/6.3.0/crtbegin.o
 .rela.text.__SYS_SyncSram
                0x80004194        0x0 c:/devkitpro/devkitppc/bin/../lib/gcc/powerpc-eabi/6.3.0/crtbegin.o
 .rela.text.__SYS_SetBootTime
                0x80004194        0x0 c:/devkitpro/devkitppc/bin/../lib/gcc/powerpc-eabi/6.3.0/crtbegin.o
 .rela.text.SYS_Init
                0x80004194        0x0 c:/devkitpro/devkitppc/bin/../lib/gcc/powerpc-eabi/6.3.0/crtbegin.o
 .rela.text.SYS_SetAlarm
                0x80004194        0x0 c:/devkitpro/devkitppc/bin/../lib/gcc/powerpc-eabi/6.3.0/crtbegin.o
 .rela.text.SYS_SetPeriodicAlarm
                0x80004194        0x0 c:/devkitpro/devkitppc/bin/../lib/gcc/powerpc-eabi/6.3.0/crtbegin.o
 .rela.text.SYS_RemoveAlarm
                0x80004194        0x0 c:/devkitpro/devkitppc/bin/../lib/gcc/powerpc-eabi/6.3.0/crtbegin.o
 .rela.text.SYS_CancelAlarm
                0x80004194        0x0 c:/devkitpro/devkitppc/bin/../lib/gcc/powerpc-eabi/6.3.0/crtbegin.o
 .rela.text.SYS_SetWirelessID
                0x80004194        0x0 c:/devkitpro/devkitppc/bin/../lib/gcc/powerpc-eabi/6.3.0/crtbegin.o
 .rela.text.SYS_GetWirelessID
                0x80004194        0x0 c:/devkitpro/devkitppc/bin/../lib/gcc/powerpc-eabi/6.3.0/crtbegin.o
 .rela.text.__lwp_cond_waitsupp.constprop.4
                0x80004194        0x0 c:/devkitpro/devkitppc/bin/../lib/gcc/powerpc-eabi/6.3.0/crtbegin.o
 .rela.text.__lwp_cond_signalsupp
                0x80004194        0x0 c:/devkitpro/devkitppc/bin/../lib/gcc/powerpc-eabi/6.3.0/crtbegin.o
 .rela.text.__lwp_cond_init
                0x80004194        0x0 c:/devkitpro/devkitppc/bin/../lib/gcc/powerpc-eabi/6.3.0/crtbegin.o
 .rela.text.LWP_CondInit
                0x80004194        0x0 c:/devkitpro/devkitppc/bin/../lib/gcc/powerpc-eabi/6.3.0/crtbegin.o
 .rela.text.LWP_CondDestroy
                0x80004194        0x0 c:/devkitpro/devkitppc/bin/../lib/gcc/powerpc-eabi/6.3.0/crtbegin.o
 .rela.text.__GX_InitRevBits
                0x80004194        0x0 c:/devkitpro/devkitppc/bin/../lib/gcc/powerpc-eabi/6.3.0/crtbegin.o
 .rela.text.__GX_CleanGPFifo
                0x80004194        0x0 c:/devkitpro/devkitppc/bin/../lib/gcc/powerpc-eabi/6.3.0/crtbegin.o
 .rela.text.__GXDefTexRegionCallback
                0x80004194        0x0 c:/devkitpro/devkitppc/bin/../lib/gcc/powerpc-eabi/6.3.0/crtbegin.o
 .rela.text.__GXDefTlutRegionCallback
                0x80004194        0x0 c:/devkitpro/devkitppc/bin/../lib/gcc/powerpc-eabi/6.3.0/crtbegin.o
 .rela.text.__SetSURegs
                0x80004194        0x0 c:/devkitpro/devkitppc/bin/../lib/gcc/powerpc-eabi/6.3.0/crtbegin.o
 .rela.text.__GXCPInterruptHandler
                0x80004194        0x0 c:/devkitpro/devkitppc/bin/../lib/gcc/powerpc-eabi/6.3.0/crtbegin.o
 .rela.text.__GX_Abort
                0x80004194        0x0 c:/devkitpro/devkitppc/bin/../lib/gcc/powerpc-eabi/6.3.0/crtbegin.o
 .rela.text.GX_SetTexCoordGen2.part.7
                0x80004194        0x0 c:/devkitpro/devkitppc/bin/../lib/gcc/powerpc-eabi/6.3.0/crtbegin.o
 .rela.text.__GX_SetDirtyState
                0x80004194        0x0 c:/devkitpro/devkitppc/bin/../lib/gcc/powerpc-eabi/6.3.0/crtbegin.o
 .rela.text.GX_SetCPUFifo
                0x80004194        0x0 c:/devkitpro/devkitppc/bin/../lib/gcc/powerpc-eabi/6.3.0/crtbegin.o
 .rela.text.GX_SetGPFifo
                0x80004194        0x0 c:/devkitpro/devkitppc/bin/../lib/gcc/powerpc-eabi/6.3.0/crtbegin.o
 .rela.text.GX_RestoreWriteGatherPipe
                0x80004194        0x0 c:/devkitpro/devkitppc/bin/../lib/gcc/powerpc-eabi/6.3.0/crtbegin.o
 .rela.text.GX_Flush
                0x80004194        0x0 c:/devkitpro/devkitppc/bin/../lib/gcc/powerpc-eabi/6.3.0/crtbegin.o
 .rela.text.GX_RedirectWriteGatherPipe
                0x80004194        0x0 c:/devkitpro/devkitppc/bin/../lib/gcc/powerpc-eabi/6.3.0/crtbegin.o
 .rela.text.__gx_onreset
                0x80004194        0x0 c:/devkitpro/devkitppc/bin/../lib/gcc/powerpc-eabi/6.3.0/crtbegin.o
 .rela.text.GX_EnableBreakPt
                0x80004194        0x0 c:/devkitpro/devkitppc/bin/../lib/gcc/powerpc-eabi/6.3.0/crtbegin.o
 .rela.text.GX_DisableBreakPt
                0x80004194        0x0 c:/devkitpro/devkitppc/bin/../lib/gcc/powerpc-eabi/6.3.0/crtbegin.o
 .rela.text.GX_AbortFrame
                0x80004194        0x0 c:/devkitpro/devkitppc/bin/../lib/gcc/powerpc-eabi/6.3.0/crtbegin.o
 .rela.text.GX_PixModeSync
                0x80004194        0x0 c:/devkitpro/devkitppc/bin/../lib/gcc/powerpc-eabi/6.3.0/crtbegin.o
 .rela.text.GX_SetMisc
                0x80004194        0x0 c:/devkitpro/devkitppc/bin/../lib/gcc/powerpc-eabi/6.3.0/crtbegin.o
 .rela.text.GX_SetCopyClamp
                0x80004194        0x0 c:/devkitpro/devkitppc/bin/../lib/gcc/powerpc-eabi/6.3.0/crtbegin.o
 .rela.text.GX_SetDispCopyGamma
                0x80004194        0x0 c:/devkitpro/devkitppc/bin/../lib/gcc/powerpc-eabi/6.3.0/crtbegin.o
 .rela.text.GX_SetDispCopyFrame2Field
                0x80004194        0x0 c:/devkitpro/devkitppc/bin/../lib/gcc/powerpc-eabi/6.3.0/crtbegin.o
 .rela.text.GX_SetDispCopyYScale
                0x80004194        0x0 c:/devkitpro/devkitppc/bin/../lib/gcc/powerpc-eabi/6.3.0/crtbegin.o
 .rela.text.GX_SetDispCopyDst
                0x80004194        0x0 c:/devkitpro/devkitppc/bin/../lib/gcc/powerpc-eabi/6.3.0/crtbegin.o
 .rela.text.GX_SetDispCopySrc
                0x80004194        0x0 c:/devkitpro/devkitppc/bin/../lib/gcc/powerpc-eabi/6.3.0/crtbegin.o
 .rela.text.GX_CopyDisp
                0x80004194        0x0 c:/devkitpro/devkitppc/bin/../lib/gcc/powerpc-eabi/6.3.0/crtbegin.o
 .rela.text.GX_CopyTex
                0x80004194        0x0 c:/devkitpro/devkitppc/bin/../lib/gcc/powerpc-eabi/6.3.0/crtbegin.o
 .rela.text.GX_SetTexCopySrc
                0x80004194        0x0 c:/devkitpro/devkitppc/bin/../lib/gcc/powerpc-eabi/6.3.0/crtbegin.o
 .rela.text.GX_SetTexCopyDst
                0x80004194        0x0 c:/devkitpro/devkitppc/bin/../lib/gcc/powerpc-eabi/6.3.0/crtbegin.o
 .rela.text.GX_BeginDispList
                0x80004194        0x0 c:/devkitpro/devkitppc/bin/../lib/gcc/powerpc-eabi/6.3.0/crtbegin.o
 .rela.text.GX_EndDispList
                0x80004194        0x0 c:/devkitpro/devkitppc/bin/../lib/gcc/powerpc-eabi/6.3.0/crtbegin.o
 .rela.text.GX_CallDispList
                0x80004194        0x0 c:/devkitpro/devkitppc/bin/../lib/gcc/powerpc-eabi/6.3.0/crtbegin.o
 .rela.text.GX_SetChanCtrl
                0x80004194        0x0 c:/devkitpro/devkitppc/bin/../lib/gcc/powerpc-eabi/6.3.0/crtbegin.o
 .rela.text.GX_SetChanAmbColor
                0x80004194        0x0 c:/devkitpro/devkitppc/bin/../lib/gcc/powerpc-eabi/6.3.0/crtbegin.o
 .rela.text.GX_SetChanMatColor
                0x80004194        0x0 c:/devkitpro/devkitppc/bin/../lib/gcc/powerpc-eabi/6.3.0/crtbegin.o
 .rela.text.GX_SetVtxDesc
                0x80004194        0x0 c:/devkitpro/devkitppc/bin/../lib/gcc/powerpc-eabi/6.3.0/crtbegin.o
 .rela.text.GX_SetVtxDescv
                0x80004194        0x0 c:/devkitpro/devkitppc/bin/../lib/gcc/powerpc-eabi/6.3.0/crtbegin.o
 .rela.text.GX_GetVtxDescv
                0x80004194        0x0 c:/devkitpro/devkitppc/bin/../lib/gcc/powerpc-eabi/6.3.0/crtbegin.o
 .rela.text.GX_SetVtxAttrFmt
                0x80004194        0x0 c:/devkitpro/devkitppc/bin/../lib/gcc/powerpc-eabi/6.3.0/crtbegin.o
 .rela.text.GX_SetVtxAttrFmtv
                0x80004194        0x0 c:/devkitpro/devkitppc/bin/../lib/gcc/powerpc-eabi/6.3.0/crtbegin.o
 .rela.text.GX_Begin
                0x80004194        0x0 c:/devkitpro/devkitppc/bin/../lib/gcc/powerpc-eabi/6.3.0/crtbegin.o
 .rela.text.GX_SetCurrentMtx
                0x80004194        0x0 c:/devkitpro/devkitppc/bin/../lib/gcc/powerpc-eabi/6.3.0/crtbegin.o
 .rela.text.GX_SetNumTexGens
                0x80004194        0x0 c:/devkitpro/devkitppc/bin/../lib/gcc/powerpc-eabi/6.3.0/crtbegin.o
 .rela.text.GX_SetZMode
                0x80004194        0x0 c:/devkitpro/devkitppc/bin/../lib/gcc/powerpc-eabi/6.3.0/crtbegin.o
 .rela.text.GX_LoadTexObjPreloaded
                0x80004194        0x0 c:/devkitpro/devkitppc/bin/../lib/gcc/powerpc-eabi/6.3.0/crtbegin.o
 .rela.text.GX_PreloadEntireTexture
                0x80004194        0x0 c:/devkitpro/devkitppc/bin/../lib/gcc/powerpc-eabi/6.3.0/crtbegin.o
 .rela.text.GX_InvalidateTexAll
                0x80004194        0x0 c:/devkitpro/devkitppc/bin/../lib/gcc/powerpc-eabi/6.3.0/crtbegin.o
 .rela.text.GX_InvalidateTexRegion
                0x80004194        0x0 c:/devkitpro/devkitppc/bin/../lib/gcc/powerpc-eabi/6.3.0/crtbegin.o
 .rela.text.GX_LoadTlut
                0x80004194        0x0 c:/devkitpro/devkitppc/bin/../lib/gcc/powerpc-eabi/6.3.0/crtbegin.o
 .rela.text.GX_SetTexCoordScaleManually
                0x80004194        0x0 c:/devkitpro/devkitppc/bin/../lib/gcc/powerpc-eabi/6.3.0/crtbegin.o
 .rela.text.GX_SetTexCoordCylWrap
                0x80004194        0x0 c:/devkitpro/devkitppc/bin/../lib/gcc/powerpc-eabi/6.3.0/crtbegin.o
 .rela.text.GX_SetTexCoordBias
                0x80004194        0x0 c:/devkitpro/devkitppc/bin/../lib/gcc/powerpc-eabi/6.3.0/crtbegin.o
 .rela.text.GX_SetBlendMode
                0x80004194        0x0 c:/devkitpro/devkitppc/bin/../lib/gcc/powerpc-eabi/6.3.0/crtbegin.o
 .rela.text.GX_ClearVtxDesc
                0x80004194        0x0 c:/devkitpro/devkitppc/bin/../lib/gcc/powerpc-eabi/6.3.0/crtbegin.o
 .rela.text.GX_SetLineWidth
                0x80004194        0x0 c:/devkitpro/devkitppc/bin/../lib/gcc/powerpc-eabi/6.3.0/crtbegin.o
 .rela.text.GX_SetPointSize
                0x80004194        0x0 c:/devkitpro/devkitppc/bin/../lib/gcc/powerpc-eabi/6.3.0/crtbegin.o
 .rela.text.GX_SetTevColorIn
                0x80004194        0x0 c:/devkitpro/devkitppc/bin/../lib/gcc/powerpc-eabi/6.3.0/crtbegin.o
 .rela.text.GX_SetTevAlphaIn
                0x80004194        0x0 c:/devkitpro/devkitppc/bin/../lib/gcc/powerpc-eabi/6.3.0/crtbegin.o
 .rela.text.GX_SetTevColorOp
                0x80004194        0x0 c:/devkitpro/devkitppc/bin/../lib/gcc/powerpc-eabi/6.3.0/crtbegin.o
 .rela.text.GX_SetTevAlphaOp
                0x80004194        0x0 c:/devkitpro/devkitppc/bin/../lib/gcc/powerpc-eabi/6.3.0/crtbegin.o
 .rela.text.GX_SetTevOp
                0x80004194        0x0 c:/devkitpro/devkitppc/bin/../lib/gcc/powerpc-eabi/6.3.0/crtbegin.o
 .rela.text.GX_SetCullMode
                0x80004194        0x0 c:/devkitpro/devkitppc/bin/../lib/gcc/powerpc-eabi/6.3.0/crtbegin.o
 .rela.text.GX_SetCoPlanar
                0x80004194        0x0 c:/devkitpro/devkitppc/bin/../lib/gcc/powerpc-eabi/6.3.0/crtbegin.o
 .rela.text.GX_EnableTexOffsets
                0x80004194        0x0 c:/devkitpro/devkitppc/bin/../lib/gcc/powerpc-eabi/6.3.0/crtbegin.o
 .rela.text.GX_SetScissor
                0x80004194        0x0 c:/devkitpro/devkitppc/bin/../lib/gcc/powerpc-eabi/6.3.0/crtbegin.o
 .rela.text.GX_SetNumChans
                0x80004194        0x0 c:/devkitpro/devkitppc/bin/../lib/gcc/powerpc-eabi/6.3.0/crtbegin.o
 .rela.text.GX_SetTevOrder
                0x80004194        0x0 c:/devkitpro/devkitppc/bin/../lib/gcc/powerpc-eabi/6.3.0/crtbegin.o
 .rela.text.GX_SetNumTevStages
                0x80004194        0x0 c:/devkitpro/devkitppc/bin/../lib/gcc/powerpc-eabi/6.3.0/crtbegin.o
 .rela.text.GX_SetTevKColorSel
                0x80004194        0x0 c:/devkitpro/devkitppc/bin/../lib/gcc/powerpc-eabi/6.3.0/crtbegin.o
 .rela.text.GX_SetTevKAlphaSel
                0x80004194        0x0 c:/devkitpro/devkitppc/bin/../lib/gcc/powerpc-eabi/6.3.0/crtbegin.o
 .rela.text.GX_SetTevSwapMode
                0x80004194        0x0 c:/devkitpro/devkitppc/bin/../lib/gcc/powerpc-eabi/6.3.0/crtbegin.o
 .rela.text.GX_SetTevSwapModeTable
                0x80004194        0x0 c:/devkitpro/devkitppc/bin/../lib/gcc/powerpc-eabi/6.3.0/crtbegin.o
 .rela.text.GX_SetNumIndStages
                0x80004194        0x0 c:/devkitpro/devkitppc/bin/../lib/gcc/powerpc-eabi/6.3.0/crtbegin.o
 .rela.text.GX_SetIndTexCoordScale
                0x80004194        0x0 c:/devkitpro/devkitppc/bin/../lib/gcc/powerpc-eabi/6.3.0/crtbegin.o
 .rela.text.GX_SetColorUpdate
                0x80004194        0x0 c:/devkitpro/devkitppc/bin/../lib/gcc/powerpc-eabi/6.3.0/crtbegin.o
 .rela.text.GX_SetAlphaUpdate
                0x80004194        0x0 c:/devkitpro/devkitppc/bin/../lib/gcc/powerpc-eabi/6.3.0/crtbegin.o
 .rela.text.GX_SetZCompLoc
                0x80004194        0x0 c:/devkitpro/devkitppc/bin/../lib/gcc/powerpc-eabi/6.3.0/crtbegin.o
 .rela.text.GX_SetPixelFmt
                0x80004194        0x0 c:/devkitpro/devkitppc/bin/../lib/gcc/powerpc-eabi/6.3.0/crtbegin.o
 .rela.text.GX_SetDither
                0x80004194        0x0 c:/devkitpro/devkitppc/bin/../lib/gcc/powerpc-eabi/6.3.0/crtbegin.o
 .rela.text.GX_SetDstAlpha
                0x80004194        0x0 c:/devkitpro/devkitppc/bin/../lib/gcc/powerpc-eabi/6.3.0/crtbegin.o
 .rela.text.GX_SetFieldMode
                0x80004194        0x0 c:/devkitpro/devkitppc/bin/../lib/gcc/powerpc-eabi/6.3.0/crtbegin.o
 .rela.text.GX_SetIndTexOrder
                0x80004194        0x0 c:/devkitpro/devkitppc/bin/../lib/gcc/powerpc-eabi/6.3.0/crtbegin.o
 .rela.text.GX_SetGPMetric
                0x80004194        0x0 c:/devkitpro/devkitppc/bin/../lib/gcc/powerpc-eabi/6.3.0/crtbegin.o
 .rela.text.GX_Init
                0x80004194        0x0 c:/devkitpro/devkitppc/bin/../lib/gcc/powerpc-eabi/6.3.0/crtbegin.o
 .rela.text.GX_ReadGPMetric
                0x80004194        0x0 c:/devkitpro/devkitppc/bin/../lib/gcc/powerpc-eabi/6.3.0/crtbegin.o
 .rela.text.c_decrementer_handler
                0x80004194        0x0 c:/devkitpro/devkitppc/bin/../lib/gcc/powerpc-eabi/6.3.0/crtbegin.o
 .rela.text.__lwp_mqbox_init
                0x80004194        0x0 c:/devkitpro/devkitppc/bin/../lib/gcc/powerpc-eabi/6.3.0/crtbegin.o
 .rela.text.MQ_Init
                0x80004194        0x0 c:/devkitpro/devkitppc/bin/../lib/gcc/powerpc-eabi/6.3.0/crtbegin.o
 .rela.text.MQ_Close
                0x80004194        0x0 c:/devkitpro/devkitppc/bin/../lib/gcc/powerpc-eabi/6.3.0/crtbegin.o
 .rela.text.MQ_Send
                0x80004194        0x0 c:/devkitpro/devkitppc/bin/../lib/gcc/powerpc-eabi/6.3.0/crtbegin.o
 .rela.text.MQ_Receive
                0x80004194        0x0 c:/devkitpro/devkitppc/bin/../lib/gcc/powerpc-eabi/6.3.0/crtbegin.o
 .rela.text.MQ_Jam
                0x80004194        0x0 c:/devkitpro/devkitppc/bin/../lib/gcc/powerpc-eabi/6.3.0/crtbegin.o
 .rela.text.__ios_ioctlvformat_parse
                0x80004194        0x0 c:/devkitpro/devkitppc/bin/../lib/gcc/powerpc-eabi/6.3.0/crtbegin.o
 .rela.text.__ioctlvfmtCB
                0x80004194        0x0 c:/devkitpro/devkitppc/bin/../lib/gcc/powerpc-eabi/6.3.0/crtbegin.o
 .rela.text.IOS_IoctlvFormat
                0x80004194        0x0 c:/devkitpro/devkitppc/bin/../lib/gcc/powerpc-eabi/6.3.0/crtbegin.o
 .rela.text.IOS_IoctlvFormatAsync
                0x80004194        0x0 c:/devkitpro/devkitppc/bin/../lib/gcc/powerpc-eabi/6.3.0/crtbegin.o
 .rela.text.nanosleep
                0x80004194        0x0 c:/devkitpro/devkitppc/bin/../lib/gcc/powerpc-eabi/6.3.0/crtbegin.o
 .rela.text.__libc_delete_hook
                0x80004194        0x0 c:/devkitpro/devkitppc/bin/../lib/gcc/powerpc-eabi/6.3.0/crtbegin.o
 .rela.text.__libc_init
                0x80004194        0x0 c:/devkitpro/devkitppc/bin/../lib/gcc/powerpc-eabi/6.3.0/crtbegin.o
 .rela.text.__CheckARGV
                0x80004194        0x0 c:/devkitpro/devkitppc/bin/../lib/gcc/powerpc-eabi/6.3.0/crtbegin.o
 .rela.text.__lwp_priority_init
                0x80004194        0x0 c:/devkitpro/devkitppc/bin/../lib/gcc/powerpc-eabi/6.3.0/crtbegin.o
 .rela.text.__lwp_threadqueue_enqueuefifo
                0x80004194        0x0 c:/devkitpro/devkitppc/bin/../lib/gcc/powerpc-eabi/6.3.0/crtbegin.o
 .rela.text.__lwp_threadqueue_dequeuefifo
                0x80004194        0x0 c:/devkitpro/devkitppc/bin/../lib/gcc/powerpc-eabi/6.3.0/crtbegin.o
 .rela.text.__lwp_threadqueue_enqueuepriority
                0x80004194        0x0 c:/devkitpro/devkitppc/bin/../lib/gcc/powerpc-eabi/6.3.0/crtbegin.o
 .rela.text.__lwp_threadqueue_dequeuepriority
                0x80004194        0x0 c:/devkitpro/devkitppc/bin/../lib/gcc/powerpc-eabi/6.3.0/crtbegin.o
 .rela.text.__lwp_threadqueue_enqueue
                0x80004194        0x0 c:/devkitpro/devkitppc/bin/../lib/gcc/powerpc-eabi/6.3.0/crtbegin.o
 .rela.text.__lwp_threadqueue_extractfifo
                0x80004194        0x0 c:/devkitpro/devkitppc/bin/../lib/gcc/powerpc-eabi/6.3.0/crtbegin.o
 .rela.text.__lwp_threadqueue_extractpriority
                0x80004194        0x0 c:/devkitpro/devkitppc/bin/../lib/gcc/powerpc-eabi/6.3.0/crtbegin.o
 .rela.text.__lwpmq_initialize
                0x80004194        0x0 c:/devkitpro/devkitppc/bin/../lib/gcc/powerpc-eabi/6.3.0/crtbegin.o
 .rela.text.__lwpmq_close
                0x80004194        0x0 c:/devkitpro/devkitppc/bin/../lib/gcc/powerpc-eabi/6.3.0/crtbegin.o
 .rela.text.__systemcall_init
                0x80004194        0x0 c:/devkitpro/devkitppc/bin/../lib/gcc/powerpc-eabi/6.3.0/crtbegin.o
 .rela.text.__exception_init
                0x80004194        0x0 c:/devkitpro/devkitppc/bin/../lib/gcc/powerpc-eabi/6.3.0/crtbegin.o
 .rela.text.__exception_close
                0x80004194        0x0 c:/devkitpro/devkitppc/bin/../lib/gcc/powerpc-eabi/6.3.0/crtbegin.o
 .rela.text.__exception_sethandler
                0x80004194        0x0 c:/devkitpro/devkitppc/bin/../lib/gcc/powerpc-eabi/6.3.0/crtbegin.o
 .rela.text     0x80004194        0x0 c:/devkitpro/devkitppc/bin/../lib/gcc/powerpc-eabi/6.3.0/crtbegin.o
 .rela.text.__lwp_sema_init
                0x80004194        0x0 c:/devkitpro/devkitppc/bin/../lib/gcc/powerpc-eabi/6.3.0/crtbegin.o
 .rela.text.LWP_SemInit
                0x80004194        0x0 c:/devkitpro/devkitppc/bin/../lib/gcc/powerpc-eabi/6.3.0/crtbegin.o
 .rela.text.LWP_SemWait
                0x80004194        0x0 c:/devkitpro/devkitppc/bin/../lib/gcc/powerpc-eabi/6.3.0/crtbegin.o
 .rela.text.LWP_SemPost
                0x80004194        0x0 c:/devkitpro/devkitppc/bin/../lib/gcc/powerpc-eabi/6.3.0/crtbegin.o
 .rela.text.LWP_SemDestroy
                0x80004194        0x0 c:/devkitpro/devkitppc/bin/../lib/gcc/powerpc-eabi/6.3.0/crtbegin.o
 .rela.text.__lwp_mutex_locksupp.constprop.8
                0x80004194        0x0 c:/devkitpro/devkitppc/bin/../lib/gcc/powerpc-eabi/6.3.0/crtbegin.o
 .rela.text.__lwp_mutex_init
                0x80004194        0x0 c:/devkitpro/devkitppc/bin/../lib/gcc/powerpc-eabi/6.3.0/crtbegin.o
 .rela.text.LWP_MutexInit
                0x80004194        0x0 c:/devkitpro/devkitppc/bin/../lib/gcc/powerpc-eabi/6.3.0/crtbegin.o
 .rela.text.LWP_MutexDestroy
                0x80004194        0x0 c:/devkitpro/devkitppc/bin/../lib/gcc/powerpc-eabi/6.3.0/crtbegin.o
 .rela.text.LWP_MutexUnlock
                0x80004194        0x0 c:/devkitpro/devkitppc/bin/../lib/gcc/powerpc-eabi/6.3.0/crtbegin.o
 .rela.text.kprintf
                0x80004194        0x0 c:/devkitpro/devkitppc/bin/../lib/gcc/powerpc-eabi/6.3.0/crtbegin.o
 .rela.text.__console_init
                0x80004194        0x0 c:/devkitpro/devkitppc/bin/../lib/gcc/powerpc-eabi/6.3.0/crtbegin.o
 .rela.text.__console_init_ex
                0x80004194        0x0 c:/devkitpro/devkitppc/bin/../lib/gcc/powerpc-eabi/6.3.0/crtbegin.o
 .rela.text.CON_EnableGecko
                0x80004194        0x0 c:/devkitpro/devkitppc/bin/../lib/gcc/powerpc-eabi/6.3.0/crtbegin.o
 .rela.text.atangent
                0x80004194        0x0 c:/devkitpro/devkitppc/bin/../lib/gcc/powerpc-eabi/6.3.0/crtbegin.o
 .rela.text.atangentf
                0x80004194        0x0 c:/devkitpro/devkitppc/bin/../lib/gcc/powerpc-eabi/6.3.0/crtbegin.o
 .rela.text.sinef
                0x80004194        0x0 c:/devkitpro/devkitppc/bin/../lib/gcc/powerpc-eabi/6.3.0/crtbegin.o
 .rela.text.sqrtf
                0x80004194        0x0 c:/devkitpro/devkitppc/bin/../lib/gcc/powerpc-eabi/6.3.0/crtbegin.o
 .rela.text.tanf
                0x80004194        0x0 c:/devkitpro/devkitppc/bin/../lib/gcc/powerpc-eabi/6.3.0/crtbegin.o
 .rela.text._exit
                0x80004194        0x0 c:/devkitpro/devkitppc/bin/../lib/gcc/powerpc-eabi/6.3.0/crtbegin.o
 .rela.text.calloc
                0x80004194        0x0 c:/devkitpro/devkitppc/bin/../lib/gcc/powerpc-eabi/6.3.0/crtbegin.o
 .rela.text.__errno
                0x80004194        0x0 c:/devkitpro/devkitppc/bin/../lib/gcc/powerpc-eabi/6.3.0/crtbegin.o
 .rela.text.exit
                0x80004194        0x0 c:/devkitpro/devkitppc/bin/../lib/gcc/powerpc-eabi/6.3.0/crtbegin.o
 .rela.text.fclose
                0x80004194        0x0 c:/devkitpro/devkitppc/bin/../lib/gcc/powerpc-eabi/6.3.0/crtbegin.o
 .rela.text.fflush
                0x80004194        0x0 c:/devkitpro/devkitppc/bin/../lib/gcc/powerpc-eabi/6.3.0/crtbegin.o
 .rela.text.std.isra.0
                0x80004194        0x0 c:/devkitpro/devkitppc/bin/../lib/gcc/powerpc-eabi/6.3.0/crtbegin.o
 .rela.text._cleanup
                0x80004194        0x0 c:/devkitpro/devkitppc/bin/../lib/gcc/powerpc-eabi/6.3.0/crtbegin.o
 .rela.text.__sfp
                0x80004194        0x0 c:/devkitpro/devkitppc/bin/../lib/gcc/powerpc-eabi/6.3.0/crtbegin.o
 .rela.text.__fp_lock_all
                0x80004194        0x0 c:/devkitpro/devkitppc/bin/../lib/gcc/powerpc-eabi/6.3.0/crtbegin.o
 .rela.text.__fp_unlock_all
                0x80004194        0x0 c:/devkitpro/devkitppc/bin/../lib/gcc/powerpc-eabi/6.3.0/crtbegin.o
 .rela.text._fopen_r
                0x80004194        0x0 c:/devkitpro/devkitppc/bin/../lib/gcc/powerpc-eabi/6.3.0/crtbegin.o
 .rela.text.fopen
                0x80004194        0x0 c:/devkitpro/devkitppc/bin/../lib/gcc/powerpc-eabi/6.3.0/crtbegin.o
 .rela.text.fprintf
                0x80004194        0x0 c:/devkitpro/devkitppc/bin/../lib/gcc/powerpc-eabi/6.3.0/crtbegin.o
 .rela.text.fread
                0x80004194        0x0 c:/devkitpro/devkitppc/bin/../lib/gcc/powerpc-eabi/6.3.0/crtbegin.o
 .rela.text._malloc_trim_r
                0x80004194        0x0 c:/devkitpro/devkitppc/bin/../lib/gcc/powerpc-eabi/6.3.0/crtbegin.o
 .rela.text._free_r
                0x80004194        0x0 c:/devkitpro/devkitppc/bin/../lib/gcc/powerpc-eabi/6.3.0/crtbegin.o
 .rela.text.fseek
                0x80004194        0x0 c:/devkitpro/devkitppc/bin/../lib/gcc/powerpc-eabi/6.3.0/crtbegin.o
 .rela.text._fseeko_r
                0x80004194        0x0 c:/devkitpro/devkitppc/bin/../lib/gcc/powerpc-eabi/6.3.0/crtbegin.o
 .rela.text.fseeko
                0x80004194        0x0 c:/devkitpro/devkitppc/bin/../lib/gcc/powerpc-eabi/6.3.0/crtbegin.o
 .rela.text.fwrite
                0x80004194        0x0 c:/devkitpro/devkitppc/bin/../lib/gcc/powerpc-eabi/6.3.0/crtbegin.o
 .rela.text.__loadlocale
                0x80004194        0x0 c:/devkitpro/devkitppc/bin/../lib/gcc/powerpc-eabi/6.3.0/crtbegin.o
 .rela.text._dtoa_r
                0x80004194        0x0 c:/devkitpro/devkitppc/bin/../lib/gcc/powerpc-eabi/6.3.0/crtbegin.o
 .rela.text._findenv_r
                0x80004194        0x0 c:/devkitpro/devkitppc/bin/../lib/gcc/powerpc-eabi/6.3.0/crtbegin.o

.rel.fini
 *(.rel.fini)

.rela.fini
 *(.rela.fini)

.rel.rodata
 *(.rel.rodata .rel.rodata.* .rel.gnu.linkonce.r.*)

.rela.rodata    0x80004194        0x0
 *(.rela.rodata .rela.rodata.* .rela.gnu.linkonce.r.*)
 .rela.rodata.decoder_table
                0x80004194        0x0 c:/devkitpro/devkitppc/bin/../lib/gcc/powerpc-eabi/6.3.0/crtbegin.o
 .rela.rodata.__C_locale
                0x80004194        0x0 c:/devkitpro/devkitppc/bin/../lib/gcc/powerpc-eabi/6.3.0/crtbegin.o

.rel.data
 *(.rel.data .rel.data.* .rel.gnu.linkonce.d.*)

.rela.data      0x80004194        0x0
 *(.rela.data .rela.data.* .rela.gnu.linkonce.d.*)
 .rela.data.__global_locale
                0x80004194        0x0 c:/devkitpro/devkitppc/bin/../lib/gcc/powerpc-eabi/6.3.0/crtbegin.o

.rel.tdata
 *(.rel.tdata .rel.tdata.* .rel.gnu.linkonce.td.*)

.rela.tdata
 *(.rela.tdata .rela.tdata.* .rela.gnu.linkonce.td.*)

.rel.tbss
 *(.rel.tbss .rel.tbss.* .rel.gnu.linkonce.tb.*)

.rela.tbss
 *(.rela.tbss .rela.tbss.* .rela.gnu.linkonce.tb.*)

.rel.ctors
 *(.rel.ctors)

.rela.ctors
 *(.rela.ctors)

.rel.dtors
 *(.rel.dtors)

.rela.dtors
 *(.rela.dtors)

.rel.got
 *(.rel.got)

.rela.got
 *(.rela.got)

.rela.got1
 *(.rela.got1)

.rela.got2      0x80004194        0x0
 *(.rela.got2)
 .rela.got2     0x80004194        0x0 c:/devkitpro/devkitppc/bin/../lib/gcc/powerpc-eabi/6.3.0/crtbegin.o

.rel.sdata
 *(.rel.sdata .rel.sdata.* .rel.gnu.linkonce.s.*)

.rela.sdata
 *(.rela.sdata .rela.sdata.* .rela.gnu.linkonce.s.*)

.rel.sbss
 *(.rel.sbss .rel.sbss.* .rel.gnu.linkonce.sb.*)

.rela.sbss
 *(.rela.sbss .rela.sbss.* .rel.gnu.linkonce.sb.*)

.rel.sdata2
 *(.rel.sdata2 .rel.sdata2.* .rel.gnu.linkonce.s2.*)

.rela.sdata2    0x80004194        0x0
 *(.rela.sdata2 .rela.sdata2.* .rela.gnu.linkonce.s2.*)
 .rela.sdata2.__sys_inIPL
                0x80004194        0x0 c:/devkitpro/devkitppc/bin/../lib/gcc/powerpc-eabi/6.3.0/crtbegin.o

.rel.sbss2
 *(.rel.sbss2 .rel.sbss2.* .rel.gnu.linkonce.sb2.*)

.rela.sbss2
 *(.rela.sbss2 .rela.sbss2.* .rela.gnu.linkonce.sb2.*)

.rel.bss
 *(.rel.bss .rel.bss.* .rel.gnu.linkonce.b.*)

.rela.bss
 *(.rela.bss .rela.bss.* .rela.gnu.linkonce.b.*)

.rel.plt
 *(.rel.plt)

.rela.plt
 *(.rela.plt)

.text           0x800041a0    0x46ee0
 *(.text)
 .text          0x800041a0      0x44c C:/devkitPro/libogc/lib/wii\libogc.a(lwp_handler.o)
                0x800041a0                _cpu_context_save_fp
                0x800042e0                _cpu_context_restore_fp
                0x80004420                _cpu_context_switch
                0x80004500                _cpu_context_save
                0x80004580                _cpu_context_restore
 .text          0x800045ec      0x4f4 C:/devkitPro/libogc/lib/wii\libogc.a(cache_asm.o)
                0x800045ec                DCFlashInvalidate
                0x80004600                DCEnable
                0x80004614                DCDisable
                0x80004628                DCFreeze
                0x8000463c                DCUnfreeze
                0x80004650                DCTouchLoad
                0x80004658                DCBlockZero
                0x80004660                DCBlockStore
                0x80004668                DCBlockFlush
                0x80004670                DCBlockInvalidate
                0x80004678                DCInvalidateRange
                0x800046a8                DCFlushRange
                0x800046dc                DCStoreRange
                0x80004710                DCFlushRangeNoSync
                0x80004740                DCStoreRangeNoSync
                0x80004770                DCZeroRange
                0x800047a0                DCTouchRange
                0x800047d0                ICInvalidateRange
                0x80004808                ICFlashInvalidate
                0x8000481c                ICEnable
                0x80004830                ICDisable
                0x80004844                ICFreeze
                0x80004858                ICUnfreeze
                0x8000486c                ICBlockInvalidate
                0x80004874                ICSync
                0x8000487c                L2Init
                0x800048c4                L2Enable
                0x800048e0                L2Disable
                0x800048f8                L2GlobalInvalidate
                0x80004950                __LCEnable
                0x80004a1c                LCDisable
                0x80004a44                LCAllocOneTag
                0x80004a58                LCAllocTags
                0x80004a98                LCLoadBlocks
                0x80004abc                LCStoreBlocks
 .text          0x80004ae0      0x4a0 C:/devkitPro/libogc/lib/wii\libogc.a(system_asm.o)
                0x80004ae0                __realmode
                0x80004af8                __configBATS
                0x80004c28                __InitFPRS
                0x80004d54                __InitPS
                0x80004db0                __InitCache
                0x80004e08                __InitSystem
                0x80004e90                __flush_cache
                0x80004ec4                __reset
                0x80004f34                __InitBATS
                0x80004f50                SYS_SwitchFiber
 .text          0x80004f80      0x8dc C:/devkitPro/libogc/lib/wii\libogc.a(gu_psasm.o)
                0x80004f80                ps_guMtxConcat
                0x80005044                ps_guMtxIdentity
                0x80005070                ps_guMtxCopy
                0x800050a4                ps_guMtxTranspose
                0x800050f4                ps_guMtxInverse
                0x800051ec                ps_guMtxInvXpose
                0x800052b4                ps_guMtxScale
                0x800052dc                ps_guMtxScaleApply
                0x80005334                ps_guMtxApplyScale
                0x80005398                ps_guMtxTrans
                0x800053cc                ps_guMtxTransApply
                0x80005418                ps_guMtxApplyTrans
                0x80005494                ps_guMtxRotTrig
                0x80005544                __ps_guMtxRotAxisRadInternal
                0x80005604                ps_guMtxReflect
                0x80005674                ps_guVecAdd
                0x80005698                ps_guVecSub
                0x800056bc                ps_guVecScale
                0x800056d8                ps_guVecNormalize
                0x8000571c                ps_guVecCross
                0x80005758                ps_guVecDotProduct
                0x80005778                ps_guVecMultiply
                0x800057cc                ps_guVecMultiplySR
                0x8000583c                ps_guQuatDotProduct
 .text          0x8000585c      0x1ac C:/devkitPro/libogc/lib/wii\libogc.a(irq_handler.o)
                0x8000585c                irq_exceptionhandler
 .text          0x80005a08      0x1ac C:/devkitPro/libogc/lib/wii\libogc.a(decrementer_handler.o)
                0x80005a08                dec_exceptionhandler
 .text          0x80005bb4      0x35c C:/devkitPro/libogc/lib/wii\libogc.a(exception_handler.o)
                0x80005bb4                exceptionhandler_start
                0x80005c30                exceptionhandler_patch
                0x80005c64                exceptionhandler_end
                0x80005c68                default_exceptionhandler
                0x80005d98                fpu_exceptionhandler
                0x80005ee0                systemcallhandler_start
                0x80005f0c                systemcallhandler_end
 .text          0x80005f10       0x48 c:/devkitpro/devkitppc/bin/../lib/gcc/powerpc-eabi/6.3.0\libgcc.a(eabi.o)
                0x80005f10                __eabi
 *(.text.*)
 .text.deregister_tm_clones
                0x80005f58       0x38 c:/devkitpro/devkitppc/bin/../lib/gcc/powerpc-eabi/6.3.0/crtbegin.o
 .text.register_tm_clones
                0x80005f90       0x3c c:/devkitpro/devkitppc/bin/../lib/gcc/powerpc-eabi/6.3.0/crtbegin.o
 .text.__do_global_dtors_aux
                0x80005fcc       0xd4 c:/devkitpro/devkitppc/bin/../lib/gcc/powerpc-eabi/6.3.0/crtbegin.o
 .text.frame_dummy
                0x800060a0       0x74 c:/devkitpro/devkitppc/bin/../lib/gcc/powerpc-eabi/6.3.0/crtbegin.o
 .text.__crtmain
                0x80006114       0x44 c:/devkitpro/devkitppc/bin/../lib/gcc/powerpc-eabi/6.3.0/../../../../powerpc-eabi/lib/crtmain.o
                0x80006118                __crtmain
 .text.drawDoodleJumper
                0x80006158      0x1e0 gxsprites.o
                0x80006158                drawDoodleJumper
 .text.drawPlatform
                0x80006338      0x120 gxsprites.o
                0x80006338                drawPlatform
 .text.drawBackground
                0x80006458       0x9c gxsprites.o
                0x80006458                drawBackground
 .text.startup.main
                0x800064f4      0x6e8 gxsprites.o
                0x800064f4                main
 .text.__wpad_assign_slot
                0x80006bdc      0x20c C:/devkitPro/libogc/lib/wii\libwiiuse.a(wpad.o)
                0x80006bdc                __wpad_assign_slot
 .text.__wpad_def_powcb
                0x80006de8        0x4 C:/devkitPro/libogc/lib/wii\libwiiuse.a(wpad.o)
 .text.__wpad_disconnect
                0x80006dec       0x4c C:/devkitPro/libogc/lib/wii\libwiiuse.a(wpad.o)
 .text.__readlinkkey_finished
                0x80006e38       0x34 C:/devkitPro/libogc/lib/wii\libwiiuse.a(wpad.o)
 .text.__wpad_patch_finished
                0x80006e6c       0x2c C:/devkitPro/libogc/lib/wii\libwiiuse.a(wpad.o)
 .text.__wpad_setfmt
                0x80006e98      0x124 C:/devkitPro/libogc/lib/wii\libwiiuse.a(wpad.o)
 .text.__wpad_eventCB
                0x80006fbc      0xa48 C:/devkitPro/libogc/lib/wii\libwiiuse.a(wpad.o)
 .text.__wpad_disconnectCB
                0x80007a04       0xd4 C:/devkitPro/libogc/lib/wii\libwiiuse.a(wpad.o)
                0x80007a04                __wpad_disconnectCB
 .text.__wpad_timeouthandler
                0x80007ad8       0xb0 C:/devkitPro/libogc/lib/wii\libwiiuse.a(wpad.o)
 .text.__initcore_finished
                0x80007b88       0x48 C:/devkitPro/libogc/lib/wii\libwiiuse.a(wpad.o)
 .text.__wpad_init_finished
                0x80007bd0      0x1d0 C:/devkitPro/libogc/lib/wii\libwiiuse.a(wpad.o)
 .text.WPAD_ReadEvent
                0x80007da0      0x64c C:/devkitPro/libogc/lib/wii\libwiiuse.a(wpad.o)
                0x80007da0                WPAD_ReadEvent
 .text.WPAD_ReadPending
                0x800083ec      0x188 C:/devkitPro/libogc/lib/wii\libwiiuse.a(wpad.o)
                0x800083ec                WPAD_ReadPending
 .text.WPAD_ReadPending.part.5
                0x80008574       0x68 C:/devkitPro/libogc/lib/wii\libwiiuse.a(wpad.o)
 .text.WPAD_SetDataFormat
                0x800085dc      0x124 C:/devkitPro/libogc/lib/wii\libwiiuse.a(wpad.o)
                0x800085dc                WPAD_SetDataFormat
 .text.WPAD_Shutdown
                0x80008700       0xcc C:/devkitPro/libogc/lib/wii\libwiiuse.a(wpad.o)
                0x80008700                WPAD_Shutdown
 .text.WPAD_Init
                0x800087cc      0x294 C:/devkitPro/libogc/lib/wii\libwiiuse.a(wpad.o)
                0x800087cc                WPAD_Init
 .text.__wpad_onreset
                0x80008a60       0x34 C:/devkitPro/libogc/lib/wii\libwiiuse.a(wpad.o)
 .text.WPAD_ScanPads
                0x80008a94        0x8 C:/devkitPro/libogc/lib/wii\libwiiuse.a(wpad.o)
                0x80008a94                WPAD_ScanPads
 .text.WPAD_ButtonsDown
                0x80008a9c       0x28 C:/devkitPro/libogc/lib/wii\libwiiuse.a(wpad.o)
                0x80008a9c                WPAD_ButtonsDown
 .text.WPAD_ButtonsHeld
                0x80008ac4       0x28 C:/devkitPro/libogc/lib/wii\libwiiuse.a(wpad.o)
                0x80008ac4                WPAD_ButtonsHeld
 .text.WPAD_GForce
                0x80008aec       0x3c C:/devkitPro/libogc/lib/wii\libwiiuse.a(wpad.o)
                0x80008aec                WPAD_GForce
 .text.motion_plus_disconnected
                0x80008b28       0x10 C:/devkitPro/libogc/lib/wii\libwiiuse.a(motion_plus.o)
                0x80008b28                motion_plus_disconnected
 .text.motion_plus_event
                0x80008b38       0x64 C:/devkitPro/libogc/lib/wii\libwiiuse.a(motion_plus.o)
                0x80008b38                motion_plus_event
 .text.apply_smoothing.part.0
                0x80008b9c       0x8c C:/devkitPro/libogc/lib/wii\libwiiuse.a(dynamics.o)
 .text.calculate_gforce
                0x80008c28      0x114 C:/devkitPro/libogc/lib/wii\libwiiuse.a(dynamics.o)
                0x80008c28                calculate_gforce
 .text.calc_joystick_state
                0x80008d3c      0x20c C:/devkitPro/libogc/lib/wii\libwiiuse.a(dynamics.o)
                0x80008d3c                calc_joystick_state
 .text.apply_smoothing
                0x80008f48       0xa8 C:/devkitPro/libogc/lib/wii\libwiiuse.a(dynamics.o)
                0x80008f48                apply_smoothing
 .text.calculate_orientation
                0x80008ff0      0x2f0 C:/devkitPro/libogc/lib/wii\libwiiuse.a(dynamics.o)
                0x80008ff0                calculate_orientation
 .text.calc_balanceboard_state
                0x800092e0      0x3a4 C:/devkitPro/libogc/lib/wii\libwiiuse.a(dynamics.o)
                0x800092e0                calc_balanceboard_state
 .text.wiiuse_handshake
                0x80009684      0x1fc C:/devkitPro/libogc/lib/wii\libwiiuse.a(io.o)
                0x80009684                wiiuse_handshake
 .text.wiiuse_handshake_expansion
                0x80009880      0x228 C:/devkitPro/libogc/lib/wii\libwiiuse.a(io.o)
                0x80009880                wiiuse_handshake_expansion
 .text.wiiuse_handshake_expansion_start
                0x80009aa8       0x24 C:/devkitPro/libogc/lib/wii\libwiiuse.a(io.o)
                0x80009aa8                wiiuse_handshake_expansion_start
 .text.wiiuse_disable_expansion
                0x80009acc      0x1b0 C:/devkitPro/libogc/lib/wii\libwiiuse.a(io.o)
                0x80009acc                wiiuse_disable_expansion
 .text.__wiiuse_connected
                0x80009c7c       0x9c C:/devkitPro/libogc/lib/wii\libwiiuse.a(io_wii.o)
 .text.__wiiuse_disconnected
                0x80009d18       0xb4 C:/devkitPro/libogc/lib/wii\libwiiuse.a(io_wii.o)
 .text.__wiiuse_receive
                0x80009dcc       0xbc C:/devkitPro/libogc/lib/wii\libwiiuse.a(io_wii.o)
 .text.__wiiuse_sensorbar_enable
                0x80009e88       0x54 C:/devkitPro/libogc/lib/wii\libwiiuse.a(io_wii.o)
                0x80009e88                __wiiuse_sensorbar_enable
 .text.wiiuse_register
                0x80009edc       0xe4 C:/devkitPro/libogc/lib/wii\libwiiuse.a(io_wii.o)
                0x80009edc                wiiuse_register
 .text.wiiuse_disconnect
                0x80009fc0       0x24 C:/devkitPro/libogc/lib/wii\libwiiuse.a(io_wii.o)
                0x80009fc0                wiiuse_disconnect
 .text.wiiuse_init_cmd_queue
                0x80009fe4       0xa4 C:/devkitPro/libogc/lib/wii\libwiiuse.a(io_wii.o)
                0x80009fe4                wiiuse_init_cmd_queue
 .text.wiiuse_io_write
                0x8000a088       0x1c C:/devkitPro/libogc/lib/wii\libwiiuse.a(io_wii.o)
                0x8000a088                wiiuse_io_write
 .text.get_ir_sens.isra.0
                0x8000a0a4       0xe4 C:/devkitPro/libogc/lib/wii\libwiiuse.a(ir.o)
 .text.rotate_dots
                0x8000a188      0x11c C:/devkitPro/libogc/lib/wii\libwiiuse.a(ir.o)
 .text.wiiuse_set_ir_mode
                0x8000a2a4       0x88 C:/devkitPro/libogc/lib/wii\libwiiuse.a(ir.o)
                0x8000a2a4                wiiuse_set_ir_mode
 .text.wiiuse_set_ir
                0x8000a32c      0x228 C:/devkitPro/libogc/lib/wii\libwiiuse.a(ir.o)
                0x8000a32c                wiiuse_set_ir
 .text.wiiuse_set_ir_position
                0x8000a554       0x84 C:/devkitPro/libogc/lib/wii\libwiiuse.a(ir.o)
                0x8000a554                wiiuse_set_ir_position
 .text.wiiuse_set_aspect_ratio
                0x8000a5d8       0x44 C:/devkitPro/libogc/lib/wii\libwiiuse.a(ir.o)
                0x8000a5d8                wiiuse_set_aspect_ratio
 .text.wiiuse_set_ir_sensitivity
                0x8000a61c      0x138 C:/devkitPro/libogc/lib/wii\libwiiuse.a(ir.o)
                0x8000a61c                wiiuse_set_ir_sensitivity
 .text.calculate_basic_ir
                0x8000a754       0xec C:/devkitPro/libogc/lib/wii\libwiiuse.a(ir.o)
                0x8000a754                calculate_basic_ir
 .text.calculate_extended_ir
                0x8000a840       0x70 C:/devkitPro/libogc/lib/wii\libwiiuse.a(ir.o)
                0x8000a840                calculate_extended_ir
 .text.find_sensorbar
                0x8000a8b0      0x940 C:/devkitPro/libogc/lib/wii\libwiiuse.a(ir.o)
                0x8000a8b0                find_sensorbar
 .text.apply_ir_smoothing
                0x8000b1f0      0x100 C:/devkitPro/libogc/lib/wii\libwiiuse.a(ir.o)
                0x8000b1f0                apply_ir_smoothing
 .text.interpret_ir_data
                0x8000b2f0      0x3cc C:/devkitPro/libogc/lib/wii\libwiiuse.a(ir.o)
                0x8000b2f0                interpret_ir_data
 .text.nunchuk_handshake
                0x8000b6bc      0x2d8 C:/devkitPro/libogc/lib/wii\libwiiuse.a(nunchuk.o)
                0x8000b6bc                nunchuk_handshake
 .text.nunchuk_disconnected
                0x8000b994        0xc C:/devkitPro/libogc/lib/wii\libwiiuse.a(nunchuk.o)
                0x8000b994                nunchuk_disconnected
 .text.nunchuk_event
                0x8000b9a0       0xe0 C:/devkitPro/libogc/lib/wii\libwiiuse.a(nunchuk.o)
                0x8000b9a0                nunchuk_event
 .text.wii_board_handshake
                0x8000ba80      0x2a4 C:/devkitPro/libogc/lib/wii\libwiiuse.a(wiiboard.o)
                0x8000ba80                wii_board_handshake
 .text.wii_board_disconnected
                0x8000bd24        0xc C:/devkitPro/libogc/lib/wii\libwiiuse.a(wiiboard.o)
                0x8000bd24                wii_board_disconnected
 .text.wii_board_event
                0x8000bd30       0x54 C:/devkitPro/libogc/lib/wii\libwiiuse.a(wiiboard.o)
                0x8000bd30                wii_board_event
 .text.wiiuse_send_next_command
                0x8000bd84       0x50 C:/devkitPro/libogc/lib/wii\libwiiuse.a(wiiuse.o)
                0x8000bd84                wiiuse_send_next_command
 .text.wiiuse_init
                0x8000bdd4      0x1d4 C:/devkitPro/libogc/lib/wii\libwiiuse.a(wiiuse.o)
                0x8000bdd4                wiiuse_init
 .text.wiiuse_set_flags
                0x8000bfa8       0x24 C:/devkitPro/libogc/lib/wii\libwiiuse.a(wiiuse.o)
                0x8000bfa8                wiiuse_set_flags
 .text.wiiuse_read_data
                0x8000bfcc      0x140 C:/devkitPro/libogc/lib/wii\libwiiuse.a(wiiuse.o)
                0x8000bfcc                wiiuse_read_data
 .text.wiiuse_write_data
                0x8000c10c      0x184 C:/devkitPro/libogc/lib/wii\libwiiuse.a(wiiuse.o)
                0x8000c10c                wiiuse_write_data
 .text.wiiuse_sendcmd
                0x8000c290      0x154 C:/devkitPro/libogc/lib/wii\libwiiuse.a(wiiuse.o)
                0x8000c290                wiiuse_sendcmd
 .text.wiiuse_set_report_type
                0x8000c3e4      0x144 C:/devkitPro/libogc/lib/wii\libwiiuse.a(wiiuse.o)
                0x8000c3e4                wiiuse_set_report_type
 .text.wiiuse_motion_sensing
                0x8000c528       0x7c C:/devkitPro/libogc/lib/wii\libwiiuse.a(wiiuse.o)
                0x8000c528                wiiuse_motion_sensing
 .text.wiiuse_status
                0x8000c5a4       0x4c C:/devkitPro/libogc/lib/wii\libwiiuse.a(wiiuse.o)
                0x8000c5a4                wiiuse_status
 .text.wiiuse_set_leds
                0x8000c5f0       0x50 C:/devkitPro/libogc/lib/wii\libwiiuse.a(wiiuse.o)
                0x8000c5f0                wiiuse_set_leds
 .text.wiiuse_set_speaker
                0x8000c640      0x25c C:/devkitPro/libogc/lib/wii\libwiiuse.a(speaker.o)
                0x8000c640                wiiuse_set_speaker
 .text.classic_ctrl_handshake
                0x8000c89c      0x2b4 C:/devkitPro/libogc/lib/wii\libwiiuse.a(classic.o)
                0x8000c89c                classic_ctrl_handshake
 .text.classic_ctrl_disconnected
                0x8000cb50        0xc C:/devkitPro/libogc/lib/wii\libwiiuse.a(classic.o)
                0x8000cb50                classic_ctrl_disconnected
 .text.classic_ctrl_event
                0x8000cb5c      0x164 C:/devkitPro/libogc/lib/wii\libwiiuse.a(classic.o)
                0x8000cb5c                classic_ctrl_event
 .text.handle_expansion
                0x8000ccc0       0x54 C:/devkitPro/libogc/lib/wii\libwiiuse.a(events.o)
 .text.parse_event
                0x8000cd14      0x710 C:/devkitPro/libogc/lib/wii\libwiiuse.a(events.o)
                0x8000cd14                parse_event
 .text.guitar_hero_3_handshake
                0x8000d424       0x70 C:/devkitPro/libogc/lib/wii\libwiiuse.a(guitar_hero_3.o)
                0x8000d424                guitar_hero_3_handshake
 .text.guitar_hero_3_disconnected
                0x8000d494        0xc C:/devkitPro/libogc/lib/wii\libwiiuse.a(guitar_hero_3.o)
                0x8000d494                guitar_hero_3_disconnected
 .text.guitar_hero_3_event
                0x8000d4a0       0x64 C:/devkitPro/libogc/lib/wii\libwiiuse.a(guitar_hero_3.o)
                0x8000d4a0                guitar_hero_3_event
 .text.bt_alarmhandler
                0x8000d504       0x60 C:/devkitPro/libogc/lib/wii\libbte.a(bte.o)
 .text.__bte_send_pending_request
                0x8000d564      0x114 C:/devkitPro/libogc/lib/wii\libbte.a(bte.o)
 .text.acl_conn_complete
                0x8000d678       0x2c C:/devkitPro/libogc/lib/wii\libbte.a(bte.o)
                0x8000d678                acl_conn_complete
 .text.l2cap_disconnected_ind
                0x8000d6a4      0x180 C:/devkitPro/libogc/lib/wii\libbte.a(bte.o)
                0x8000d6a4                l2cap_disconnected_ind
 .text.bte_process_input
                0x8000d824      0x13c C:/devkitPro/libogc/lib/wii\libbte.a(bte.o)
 .text.l2cap_accepted
                0x8000d960      0x110 C:/devkitPro/libogc/lib/wii\libbte.a(bte.o)
                0x8000d960                l2cap_accepted
 .text.acl_wlp_completed
                0x8000da70        0x8 C:/devkitPro/libogc/lib/wii\libbte.a(bte.o)
                0x8000da70                acl_wlp_completed
 .text.l2cap_disconnect_cfm
                0x8000da78      0x180 C:/devkitPro/libogc/lib/wii\libbte.a(bte.o)
                0x8000da78                l2cap_disconnect_cfm
 .text.__bte_shutdown_finished
                0x8000dbf8       0xd8 C:/devkitPro/libogc/lib/wii\libbte.a(bte.o)
 .text.bte_hci_apply_patch_complete
                0x8000dcd0      0x154 C:/devkitPro/libogc/lib/wii\libbte.a(bte.o)
                0x8000dcd0                bte_hci_apply_patch_complete
 .text.bte_hci_initsub_complete
                0x8000de24      0x234 C:/devkitPro/libogc/lib/wii\libbte.a(bte.o)
                0x8000de24                bte_hci_initsub_complete
 .text.bte_hci_initcore_complete
                0x8000e058      0x1f0 C:/devkitPro/libogc/lib/wii\libbte.a(bte.o)
                0x8000e058                bte_hci_initcore_complete
 .text.bte_read_stored_link_key_complete
                0x8000e248      0x278 C:/devkitPro/libogc/lib/wii\libbte.a(bte.o)
                0x8000e248                bte_read_stored_link_key_complete
 .text.bte_hci_initcore_complete2
                0x8000e4c0      0x1e8 C:/devkitPro/libogc/lib/wii\libbte.a(bte.o)
                0x8000e4c0                bte_hci_initcore_complete2
 .text.bte_hci_patch_complete
                0x8000e6a8      0x2e0 C:/devkitPro/libogc/lib/wii\libbte.a(bte.o)
                0x8000e6a8                bte_hci_patch_complete
 .text.BTE_Init
                0x8000e988      0x138 C:/devkitPro/libogc/lib/wii\libbte.a(bte.o)
                0x8000e988                BTE_Init
 .text.BTE_Shutdown
                0x8000eac0      0x11c C:/devkitPro/libogc/lib/wii\libbte.a(bte.o)
                0x8000eac0                BTE_Shutdown
 .text.BTE_InitCore
                0x8000ebdc       0x94 C:/devkitPro/libogc/lib/wii\libbte.a(bte.o)
                0x8000ebdc                BTE_InitCore
 .text.BTE_ApplyPatch
                0x8000ec70       0xb8 C:/devkitPro/libogc/lib/wii\libbte.a(bte.o)
                0x8000ec70                BTE_ApplyPatch
 .text.BTE_InitSub
                0x8000ed28       0x98 C:/devkitPro/libogc/lib/wii\libbte.a(bte.o)
                0x8000ed28                BTE_InitSub
 .text.BTE_ReadStoredLinkKey
                0x8000edc0       0x98 C:/devkitPro/libogc/lib/wii\libbte.a(bte.o)
                0x8000edc0                BTE_ReadStoredLinkKey
 .text.BTE_SetDisconnectCallback
                0x8000ee58        0x4 C:/devkitPro/libogc/lib/wii\libbte.a(bte.o)
                0x8000ee58                BTE_SetDisconnectCallback
 .text.bte_new  0x8000ee5c       0x54 C:/devkitPro/libogc/lib/wii\libbte.a(bte.o)
                0x8000ee5c                bte_new
 .text.bte_registerdeviceasync
                0x8000eeb0      0x154 C:/devkitPro/libogc/lib/wii\libbte.a(bte.o)
                0x8000eeb0                bte_registerdeviceasync
 .text.bte_disconnect
                0x8000f004       0xd8 C:/devkitPro/libogc/lib/wii\libbte.a(bte.o)
                0x8000f004                bte_disconnect
 .text.bte_senddata
                0x8000f0dc       0xdc C:/devkitPro/libogc/lib/wii\libbte.a(bte.o)
                0x8000f0dc                bte_senddata
 .text.bte_arg  0x8000f1b8       0x3c C:/devkitPro/libogc/lib/wii\libbte.a(bte.o)
                0x8000f1b8                bte_arg
 .text.bte_received
                0x8000f1f4       0x3c C:/devkitPro/libogc/lib/wii\libbte.a(bte.o)
                0x8000f1f4                bte_received
 .text.bte_disconnected
                0x8000f230       0x3c C:/devkitPro/libogc/lib/wii\libbte.a(bte.o)
                0x8000f230                bte_disconnected
 .text.hci_init
                0x8000f26c       0x7c C:/devkitPro/libogc/lib/wii\libbte.a(hci.o)
                0x8000f26c                hci_init
 .text.hci_new  0x8000f2e8       0x48 C:/devkitPro/libogc/lib/wii\libbte.a(hci.o)
                0x8000f2e8                hci_new
 .text.hci_get_link
                0x8000f330       0x84 C:/devkitPro/libogc/lib/wii\libbte.a(hci.o)
                0x8000f330                hci_get_link
 .text.hci_close
                0x8000f3b4       0xd8 C:/devkitPro/libogc/lib/wii\libbte.a(hci.o)
                0x8000f3b4                hci_close
 .text.hci_reset_all
                0x8000f48c       0xbc C:/devkitPro/libogc/lib/wii\libbte.a(hci.o)
                0x8000f48c                hci_reset_all
 .text.hci_arg  0x8000f548        0xc C:/devkitPro/libogc/lib/wii\libbte.a(hci.o)
                0x8000f548                hci_arg
 .text.hci_cmd_complete
                0x8000f554        0xc C:/devkitPro/libogc/lib/wii\libbte.a(hci.o)
                0x8000f554                hci_cmd_complete
 .text.hci_connection_complete
                0x8000f560        0xc C:/devkitPro/libogc/lib/wii\libbte.a(hci.o)
                0x8000f560                hci_connection_complete
 .text.hci_wlp_complete
                0x8000f56c        0xc C:/devkitPro/libogc/lib/wii\libbte.a(hci.o)
                0x8000f56c                hci_wlp_complete
 .text.hci_reset
                0x8000f578       0xa8 C:/devkitPro/libogc/lib/wii\libbte.a(hci.o)
                0x8000f578                hci_reset
 .text.hci_read_buffer_size
                0x8000f620       0xa8 C:/devkitPro/libogc/lib/wii\libbte.a(hci.o)
                0x8000f620                hci_read_buffer_size
 .text.hci_read_bd_addr
                0x8000f6c8       0xa8 C:/devkitPro/libogc/lib/wii\libbte.a(hci.o)
                0x8000f6c8                hci_read_bd_addr
 .text.hci_read_local_version
                0x8000f770       0xa4 C:/devkitPro/libogc/lib/wii\libbte.a(hci.o)
                0x8000f770                hci_read_local_version
 .text.hci_read_local_features
                0x8000f814       0xa8 C:/devkitPro/libogc/lib/wii\libbte.a(hci.o)
                0x8000f814                hci_read_local_features
 .text.hci_read_stored_link_key
                0x8000f8bc       0xfc C:/devkitPro/libogc/lib/wii\libbte.a(hci.o)
                0x8000f8bc                hci_read_stored_link_key
 .text.hci_write_page_timeout
                0x8000f9b8       0xcc C:/devkitPro/libogc/lib/wii\libbte.a(hci.o)
                0x8000f9b8                hci_write_page_timeout
 .text.hci_write_scan_enable
                0x8000fa84       0xb8 C:/devkitPro/libogc/lib/wii\libbte.a(hci.o)
                0x8000fa84                hci_write_scan_enable
 .text.hci_accecpt_conn_request
                0x8000fb3c       0xdc C:/devkitPro/libogc/lib/wii\libbte.a(hci.o)
                0x8000fb3c                hci_accecpt_conn_request
 .text.hci_write_local_name
                0x8000fc18       0xd4 C:/devkitPro/libogc/lib/wii\libbte.a(hci.o)
                0x8000fc18                hci_write_local_name
 .text.hci_write_pin_type
                0x8000fcec       0xb8 C:/devkitPro/libogc/lib/wii\libbte.a(hci.o)
                0x8000fcec                hci_write_pin_type
 .text.hci_write_inquiry_mode
                0x8000fda4       0xb8 C:/devkitPro/libogc/lib/wii\libbte.a(hci.o)
                0x8000fda4                hci_write_inquiry_mode
 .text.hci_write_page_scan_type
                0x8000fe5c       0xb8 C:/devkitPro/libogc/lib/wii\libbte.a(hci.o)
                0x8000fe5c                hci_write_page_scan_type
 .text.hci_write_inquiry_scan_type
                0x8000ff14       0xb8 C:/devkitPro/libogc/lib/wii\libbte.a(hci.o)
                0x8000ff14                hci_write_inquiry_scan_type
 .text.hci_vendor_specific_command
                0x8000ffcc       0xe4 C:/devkitPro/libogc/lib/wii\libbte.a(hci.o)
                0x8000ffcc                hci_vendor_specific_command
 .text.hci_write_link_policy_settings
                0x800100b0       0xfc C:/devkitPro/libogc/lib/wii\libbte.a(hci.o)
                0x800100b0                hci_write_link_policy_settings
 .text.hci_pin_code_request_neg_reply
                0x800101ac       0xc8 C:/devkitPro/libogc/lib/wii\libbte.a(hci.o)
                0x800101ac                hci_pin_code_request_neg_reply
 .text.hci_link_key_req_neg_reply
                0x80010274       0xc8 C:/devkitPro/libogc/lib/wii\libbte.a(hci.o)
                0x80010274                hci_link_key_req_neg_reply
 .text.hci_disconnect
                0x8001033c       0xf4 C:/devkitPro/libogc/lib/wii\libbte.a(hci.o)
                0x8001033c                hci_disconnect
 .text.hci_write_cod
                0x80010430       0xc8 C:/devkitPro/libogc/lib/wii\libbte.a(hci.o)
                0x80010430                hci_write_cod
 .text.hci_host_buffer_size
                0x800104f8      0x108 C:/devkitPro/libogc/lib/wii\libbte.a(hci.o)
                0x800104f8                hci_host_buffer_size
 .text.hci_host_num_comp_packets
                0x80010600      0x104 C:/devkitPro/libogc/lib/wii\libbte.a(hci.o)
                0x80010600                hci_host_num_comp_packets
 .text.lp_pdu_maxsize
                0x80010704        0xc C:/devkitPro/libogc/lib/wii\libbte.a(hci.o)
                0x80010704                lp_pdu_maxsize
 .text.lp_acl_write
                0x80010710      0x16c C:/devkitPro/libogc/lib/wii\libbte.a(hci.o)
                0x80010710                lp_acl_write
 .text.lp_write_flush_timeout
                0x8001087c       0xfc C:/devkitPro/libogc/lib/wii\libbte.a(hci.o)
                0x8001087c                lp_write_flush_timeout
 .text.hci_event_handler
                0x80010978      0xb7c C:/devkitPro/libogc/lib/wii\libbte.a(hci.o)
                0x80010978                hci_event_handler
 .text.hci_acldata_handler
                0x800114f4      0x120 C:/devkitPro/libogc/lib/wii\libbte.a(hci.o)
                0x800114f4                hci_acldata_handler
 .text.l2cap_init
                0x80011614       0x60 C:/devkitPro/libogc/lib/wii\libbte.a(l2cap.o)
                0x80011614                l2cap_init
 .text.l2cap_write
                0x80011674      0x158 C:/devkitPro/libogc/lib/wii\libbte.a(l2cap.o)
                0x80011674                l2cap_write
 .text.l2cap_new
                0x800117cc       0x74 C:/devkitPro/libogc/lib/wii\libbte.a(l2cap.o)
                0x800117cc                l2cap_new
 .text.l2cap_close
                0x80011840      0x1b4 C:/devkitPro/libogc/lib/wii\libbte.a(l2cap.o)
                0x80011840                l2cap_close
 .text.l2cap_reset_all
                0x800119f4      0x17c C:/devkitPro/libogc/lib/wii\libbte.a(l2cap.o)
                0x800119f4                l2cap_reset_all
 .text.l2cap_signal
                0x80011b70      0x21c C:/devkitPro/libogc/lib/wii\libbte.a(l2cap.o)
                0x80011b70                l2cap_signal
 .text.l2ca_config_req
                0x80011d8c      0x138 C:/devkitPro/libogc/lib/wii\libbte.a(l2cap.o)
                0x80011d8c                l2ca_config_req
 .text.l2ca_disconnect_req
                0x80011ec4       0xc4 C:/devkitPro/libogc/lib/wii\libbte.a(l2cap.o)
                0x80011ec4                l2ca_disconnect_req
 .text.l2cap_tmr
                0x80011f88      0x288 C:/devkitPro/libogc/lib/wii\libbte.a(l2cap.o)
                0x80011f88                l2cap_tmr
 .text.l2cap_process_sig
                0x80012210     0x1270 C:/devkitPro/libogc/lib/wii\libbte.a(l2cap.o)
                0x80012210                l2cap_process_sig
 .text.l2cap_input
                0x80013480      0x564 C:/devkitPro/libogc/lib/wii\libbte.a(l2cap.o)
                0x80013480                l2cap_input
 .text.l2ca_datawrite
                0x800139e4      0x128 C:/devkitPro/libogc/lib/wii\libbte.a(l2cap.o)
                0x800139e4                l2ca_datawrite
 .text.lp_connect_cfm
                0x80013b0c      0x148 C:/devkitPro/libogc/lib/wii\libbte.a(l2cap.o)
                0x80013b0c                lp_connect_cfm
 .text.lp_connect_ind
                0x80013c54        0x4 C:/devkitPro/libogc/lib/wii\libbte.a(l2cap.o)
                0x80013c54                lp_connect_ind
 .text.lp_disconnect_ind
                0x80013c58      0x134 C:/devkitPro/libogc/lib/wii\libbte.a(l2cap.o)
                0x80013c58                lp_disconnect_ind
 .text.l2cap_disconnect_bb
                0x80013d8c       0x10 C:/devkitPro/libogc/lib/wii\libbte.a(l2cap.o)
                0x80013d8c                l2cap_disconnect_bb
 .text.l2cap_arg
                0x80013d9c        0x8 C:/devkitPro/libogc/lib/wii\libbte.a(l2cap.o)
                0x80013d9c                l2cap_arg
 .text.l2cap_connect_ind
                0x80013da4      0x104 C:/devkitPro/libogc/lib/wii\libbte.a(l2cap.o)
                0x80013da4                l2cap_connect_ind
 .text.l2cap_disconnect_ind
                0x80013ea8        0x8 C:/devkitPro/libogc/lib/wii\libbte.a(l2cap.o)
                0x80013ea8                l2cap_disconnect_ind
 .text.l2cap_recv
                0x80013eb0        0x8 C:/devkitPro/libogc/lib/wii\libbte.a(l2cap.o)
                0x80013eb0                l2cap_recv
 .text.btmemb_init
                0x80013eb8       0x24 C:/devkitPro/libogc/lib/wii\libbte.a(btmemb.o)
                0x80013eb8                btmemb_init
 .text.btmemb_alloc
                0x80013edc       0xb0 C:/devkitPro/libogc/lib/wii\libbte.a(btmemb.o)
                0x80013edc                btmemb_alloc
 .text.btmemb_free
                0x80013f8c       0xb0 C:/devkitPro/libogc/lib/wii\libbte.a(btmemb.o)
                0x80013f8c                btmemb_free
 .text.plug_holes
                0x8001403c       0xa4 C:/devkitPro/libogc/lib/wii\libbte.a(btmemr.o)
 .text.btmemr_free.part.0
                0x800140e0       0x7c C:/devkitPro/libogc/lib/wii\libbte.a(btmemr.o)
 .text.btmemr_init
                0x8001415c       0xa4 C:/devkitPro/libogc/lib/wii\libbte.a(btmemr.o)
                0x8001415c                btmemr_init
 .text.btmemr_malloc
                0x80014200      0x190 C:/devkitPro/libogc/lib/wii\libbte.a(btmemr.o)
                0x80014200                btmemr_malloc
 .text.btmemr_free
                0x80014390       0x28 C:/devkitPro/libogc/lib/wii\libbte.a(btmemr.o)
                0x80014390                btmemr_free
 .text.btmemr_realloc
                0x800143b8      0x11c C:/devkitPro/libogc/lib/wii\libbte.a(btmemr.o)
                0x800143b8                btmemr_realloc
 .text.btpbuf_init
                0x800144d4       0x28 C:/devkitPro/libogc/lib/wii\libbte.a(btpbuf.o)
                0x800144d4                btpbuf_init
 .text.btpbuf_free
                0x800144fc      0x15c C:/devkitPro/libogc/lib/wii\libbte.a(btpbuf.o)
                0x800144fc                btpbuf_free
 .text.btpbuf_alloc
                0x80014658      0x234 C:/devkitPro/libogc/lib/wii\libbte.a(btpbuf.o)
                0x80014658                btpbuf_alloc
 .text.btpbuf_realloc
                0x8001488c       0xc4 C:/devkitPro/libogc/lib/wii\libbte.a(btpbuf.o)
                0x8001488c                btpbuf_realloc
 .text.btpbuf_header
                0x80014950       0x94 C:/devkitPro/libogc/lib/wii\libbte.a(btpbuf.o)
                0x80014950                btpbuf_header
 .text.btpbuf_ref
                0x800149e4       0x4c C:/devkitPro/libogc/lib/wii\libbte.a(btpbuf.o)
                0x800149e4                btpbuf_ref
 .text.btpbuf_chain
                0x80014a30       0xac C:/devkitPro/libogc/lib/wii\libbte.a(btpbuf.o)
                0x80014a30                btpbuf_chain
 .text.btpbuf_dechain
                0x80014adc       0x84 C:/devkitPro/libogc/lib/wii\libbte.a(btpbuf.o)
                0x80014adc                btpbuf_dechain
 .text.btpbuf_take
                0x80014b60      0x110 C:/devkitPro/libogc/lib/wii\libbte.a(btpbuf.o)
                0x80014b60                btpbuf_take
 .text.__usb_closeCB
                0x80014c70       0x10 C:/devkitPro/libogc/lib/wii\libbte.a(physbusif.o)
 .text.__writebulkmsgCB
                0x80014c80       0x3c C:/devkitPro/libogc/lib/wii\libbte.a(physbusif.o)
 .text.__writectrlmsgCB
                0x80014cbc       0x3c C:/devkitPro/libogc/lib/wii\libbte.a(physbusif.o)
 .text.__issue_intrread.part.0
                0x80014cf8       0x80 C:/devkitPro/libogc/lib/wii\libbte.a(physbusif.o)
 .text.__readintrdataCB
                0x80014d78      0x13c C:/devkitPro/libogc/lib/wii\libbte.a(physbusif.o)
 .text.__issue_bulkread.part.2
                0x80014eb4       0x80 C:/devkitPro/libogc/lib/wii\libbte.a(physbusif.o)
 .text.__readbulkdataCB
                0x80014f34      0x13c C:/devkitPro/libogc/lib/wii\libbte.a(physbusif.o)
 .text.physbusif_init
                0x80015070      0x200 C:/devkitPro/libogc/lib/wii\libbte.a(physbusif.o)
                0x80015070                physbusif_init
 .text.physbusif_close
                0x80015270       0x20 C:/devkitPro/libogc/lib/wii\libbte.a(physbusif.o)
                0x80015270                physbusif_close
 .text.physbusif_shutdown
                0x80015290       0x24 C:/devkitPro/libogc/lib/wii\libbte.a(physbusif.o)
                0x80015290                physbusif_shutdown
 .text.physbusif_reset_all
                0x800152b4        0x4 C:/devkitPro/libogc/lib/wii\libbte.a(physbusif.o)
                0x800152b4                physbusif_reset_all
 .text.physbusif_output
                0x800152b8      0x1a8 C:/devkitPro/libogc/lib/wii\libbte.a(physbusif.o)
                0x800152b8                physbusif_output
 .text.Do3Band  0x80015460      0x120 C:/devkitPro/libogc/lib/wii\libmad.a(mp3player.o)
 .text._mp3ramcopy
                0x80015580       0x84 C:/devkitPro/libogc/lib/wii\libmad.a(mp3player.o)
 .text.StreamPlay
                0x80015604      0x5fc C:/devkitPro/libogc/lib/wii\libmad.a(mp3player.o)
 .text.DataTransferCallback
                0x80015c00      0x398 C:/devkitPro/libogc/lib/wii\libmad.a(mp3player.o)
 .text.MP3Player_Init
                0x80015f98       0x3c C:/devkitPro/libogc/lib/wii\libmad.a(mp3player.o)
                0x80015f98                MP3Player_Init
 .text.MP3Player_PlayBuffer
                0x80015fd4       0x9c C:/devkitPro/libogc/lib/wii\libmad.a(mp3player.o)
                0x80015fd4                MP3Player_PlayBuffer
 .text.decode_header
                0x80016070      0x2c0 C:/devkitPro/libogc/lib/wii\libmad.a(frame.o)
 .text.mad_frame_finish
                0x80016330       0x44 C:/devkitPro/libogc/lib/wii\libmad.a(frame.o)
                0x80016330                mad_frame_finish
 .text.mad_header_decode
                0x80016374      0x4f8 C:/devkitPro/libogc/lib/wii\libmad.a(frame.o)
                0x80016374                mad_header_decode
 .text.mad_frame_decode
                0x8001686c       0xf4 C:/devkitPro/libogc/lib/wii\libmad.a(frame.o)
                0x8001686c                mad_frame_decode
 .text.mad_frame_mute
                0x80016960       0x8c C:/devkitPro/libogc/lib/wii\libmad.a(frame.o)
                0x80016960                mad_frame_mute
 .text.mad_frame_init
                0x800169ec       0x48 C:/devkitPro/libogc/lib/wii\libmad.a(frame.o)
                0x800169ec                mad_frame_init
 .text.I_sample
                0x80016a34       0x80 C:/devkitPro/libogc/lib/wii\libmad.a(layer12.o)
 .text.II_samples
                0x80016ab4      0x128 C:/devkitPro/libogc/lib/wii\libmad.a(layer12.o)
 .text.mad_layer_I
                0x80016bdc      0x408 C:/devkitPro/libogc/lib/wii\libmad.a(layer12.o)
                0x80016bdc                mad_layer_I
 .text.mad_layer_II
                0x80016fe4      0x880 C:/devkitPro/libogc/lib/wii\libmad.a(layer12.o)
                0x80016fe4                mad_layer_II
 .text.III_requantize
                0x80017864       0xb0 C:/devkitPro/libogc/lib/wii\libmad.a(layer3.o)
 .text.III_aliasreduce
                0x80017914      0x11c C:/devkitPro/libogc/lib/wii\libmad.a(layer3.o)
 .text.III_imdct_l
                0x80017a30     0x1928 C:/devkitPro/libogc/lib/wii\libmad.a(layer3.o)
 .text.III_imdct_s
                0x80019358      0x380 C:/devkitPro/libogc/lib/wii\libmad.a(layer3.o)
 .text.III_freqinver
                0x800196d8       0x60 C:/devkitPro/libogc/lib/wii\libmad.a(layer3.o)
 .text.III_decode
                0x80019738     0x1cf4 C:/devkitPro/libogc/lib/wii\libmad.a(layer3.o)
 .text.mad_layer_III
                0x8001b42c      0x814 C:/devkitPro/libogc/lib/wii\libmad.a(layer3.o)
                0x8001b42c                mad_layer_III
 .text.mad_stream_init
                0x8001bc40       0x7c C:/devkitPro/libogc/lib/wii\libmad.a(stream.o)
                0x8001bc40                mad_stream_init
 .text.mad_stream_finish
                0x8001bcbc       0x44 C:/devkitPro/libogc/lib/wii\libmad.a(stream.o)
                0x8001bcbc                mad_stream_finish
 .text.mad_stream_buffer
                0x8001bd00       0x24 C:/devkitPro/libogc/lib/wii\libmad.a(stream.o)
                0x8001bd00                mad_stream_buffer
 .text.mad_stream_sync
                0x8001bd24       0xa0 C:/devkitPro/libogc/lib/wii\libmad.a(stream.o)
                0x8001bd24                mad_stream_sync
 .text.dct32    0x8001bdc4     0x1160 C:/devkitPro/libogc/lib/wii\libmad.a(synth.o)
 .text.synth_full
                0x8001cf24      0x8f0 C:/devkitPro/libogc/lib/wii\libmad.a(synth.o)
 .text.synth_half
                0x8001d814      0x8e4 C:/devkitPro/libogc/lib/wii\libmad.a(synth.o)
 .text.mad_synth_init
                0x8001e0f8       0x58 C:/devkitPro/libogc/lib/wii\libmad.a(synth.o)
                0x8001e0f8                mad_synth_init
 .text.mad_synth_frame
                0x8001e150      0x144 C:/devkitPro/libogc/lib/wii\libmad.a(synth.o)
                0x8001e150                mad_synth_frame
 .text.scale_rational
                0x8001e294      0x100 C:/devkitPro/libogc/lib/wii\libmad.a(timer.o)
 .text.mad_timer_set
                0x8001e394      0x1d0 C:/devkitPro/libogc/lib/wii\libmad.a(timer.o)
                0x8001e394                mad_timer_set
 .text.mad_timer_add
                0x8001e564       0x60 C:/devkitPro/libogc/lib/wii\libmad.a(timer.o)
                0x8001e564                mad_timer_add
 .text.mad_bit_init
                0x8001e5c4       0x18 C:/devkitPro/libogc/lib/wii\libmad.a(bit.o)
                0x8001e5c4                mad_bit_init
 .text.mad_bit_length
                0x8001e5dc       0x2c C:/devkitPro/libogc/lib/wii\libmad.a(bit.o)
                0x8001e5dc                mad_bit_length
 .text.mad_bit_nextbyte
                0x8001e608       0x1c C:/devkitPro/libogc/lib/wii\libmad.a(bit.o)
                0x8001e608                mad_bit_nextbyte
 .text.mad_bit_skip
                0x8001e624       0x58 C:/devkitPro/libogc/lib/wii\libmad.a(bit.o)
                0x8001e624                mad_bit_skip
 .text.mad_bit_read
                0x8001e67c       0xdc C:/devkitPro/libogc/lib/wii\libmad.a(bit.o)
                0x8001e67c                mad_bit_read
 .text.mad_bit_crc
                0x8001e758      0x1f8 C:/devkitPro/libogc/lib/wii\libmad.a(bit.o)
                0x8001e758                mad_bit_crc
 .text.__dsp_donecallback
                0x8001e950        0xc C:/devkitPro/libogc/lib/wii\libasnd.a(asndlib.o)
 .text.__dsp_initcallback
                0x8001e95c       0x58 C:/devkitPro/libogc/lib/wii\libasnd.a(asndlib.o)
 .text.audio_dma_callback
                0x8001e9b4      0x554 C:/devkitPro/libogc/lib/wii\libasnd.a(asndlib.o)
 .text.__dsp_requestcallback
                0x8001ef08      0x638 C:/devkitPro/libogc/lib/wii\libasnd.a(asndlib.o)
 .text.ASND_Init
                0x8001f540      0x1e0 C:/devkitPro/libogc/lib/wii\libasnd.a(asndlib.o)
                0x8001f540                ASND_Init
 .text.ASND_SetVoice
                0x8001f720      0x1bc C:/devkitPro/libogc/lib/wii\libasnd.a(asndlib.o)
                0x8001f720                ASND_SetVoice
 .text.ASND_AddVoice
                0x8001f8dc      0x124 C:/devkitPro/libogc/lib/wii\libasnd.a(asndlib.o)
                0x8001f8dc                ASND_AddVoice
 .text.ASND_TestPointer
                0x8001fa00       0x80 C:/devkitPro/libogc/lib/wii\libasnd.a(asndlib.o)
                0x8001fa00                ASND_TestPointer
 .text.ASND_StopVoice
                0x8001fa80       0x74 C:/devkitPro/libogc/lib/wii\libasnd.a(asndlib.o)
                0x8001fa80                ASND_StopVoice
 .text.ASND_StatusVoice
                0x8001faf4       0x94 C:/devkitPro/libogc/lib/wii\libasnd.a(asndlib.o)
                0x8001faf4                ASND_StatusVoice
 .text.ASND_Pause
                0x8001fb88        0x8 C:/devkitPro/libogc/lib/wii\libasnd.a(asndlib.o)
                0x8001fb88                ASND_Pause
 .text.__lwp_queue_initialize
                0x8001fb90       0x54 C:/devkitPro/libogc/lib/wii\libogc.a(lwp_queue.o)
                0x8001fb90                __lwp_queue_initialize
 .text.__lwp_queue_get
                0x8001fbe4       0x64 C:/devkitPro/libogc/lib/wii\libogc.a(lwp_queue.o)
                0x8001fbe4                __lwp_queue_get
 .text.__lwp_queue_append
                0x8001fc48       0x50 C:/devkitPro/libogc/lib/wii\libogc.a(lwp_queue.o)
                0x8001fc48                __lwp_queue_append
 .text.__lwp_isr_in_progress
                0x8001fc98        0x8 C:/devkitPro/libogc/lib/wii\libogc.a(lwp_threads.o)
                0x8001fc98                __lwp_isr_in_progress
 .text.__thread_dispatch_fp
                0x8001fca0       0x90 C:/devkitPro/libogc/lib/wii\libogc.a(lwp_threads.o)
                0x8001fca0                __thread_dispatch_fp
 .text.__thread_dispatch
                0x8001fd30      0x11c C:/devkitPro/libogc/lib/wii\libogc.a(lwp_threads.o)
                0x8001fd30                __thread_dispatch
 .text.__lwp_thread_resettimeslice
                0x8001fe4c       0xf0 C:/devkitPro/libogc/lib/wii\libogc.a(lwp_threads.o)
                0x8001fe4c                __lwp_thread_resettimeslice
 .text.__lwp_thread_tickle_timeslice
                0x8001ff3c       0xcc C:/devkitPro/libogc/lib/wii\libogc.a(lwp_threads.o)
                0x8001ff3c                __lwp_thread_tickle_timeslice
 .text.__lwp_thread_setstate
                0x80020008      0x158 C:/devkitPro/libogc/lib/wii\libogc.a(lwp_threads.o)
                0x80020008                __lwp_thread_setstate
 .text.__lwp_thread_clearstate
                0x80020160       0xf0 C:/devkitPro/libogc/lib/wii\libogc.a(lwp_threads.o)
                0x80020160                __lwp_thread_clearstate
 .text.__lwp_thread_delayended
                0x80020250       0x48 C:/devkitPro/libogc/lib/wii\libogc.a(lwp_threads.o)
                0x80020250                __lwp_thread_delayended
 .text.__lwp_thread_suspend
                0x80020298      0x168 C:/devkitPro/libogc/lib/wii\libogc.a(lwp_threads.o)
                0x80020298                __lwp_thread_suspend
 .text.__lwp_thread_settransient
                0x80020400       0xbc C:/devkitPro/libogc/lib/wii\libogc.a(lwp_threads.o)
                0x80020400                __lwp_thread_settransient
 .text.__lwp_thread_changepriority
                0x800204bc      0x1fc C:/devkitPro/libogc/lib/wii\libogc.a(lwp_threads.o)
                0x800204bc                __lwp_thread_changepriority
 .text.__lwp_thread_resume
                0x800206b8      0x130 C:/devkitPro/libogc/lib/wii\libogc.a(lwp_threads.o)
                0x800206b8                __lwp_thread_resume
 .text.__lwp_thread_ready
                0x800207e8       0xf8 C:/devkitPro/libogc/lib/wii\libogc.a(lwp_threads.o)
                0x800207e8                __lwp_thread_ready
 .text.__lwp_thread_init
                0x800208e0      0x16c C:/devkitPro/libogc/lib/wii\libogc.a(lwp_threads.o)
                0x800208e0                __lwp_thread_init
 .text.__lwp_thread_close
                0x80020a4c      0x138 C:/devkitPro/libogc/lib/wii\libogc.a(lwp_threads.o)
                0x80020a4c                __lwp_thread_close
 .text.__lwp_thread_closeall
                0x80020b84       0xc0 C:/devkitPro/libogc/lib/wii\libogc.a(lwp_threads.o)
                0x80020b84                __lwp_thread_closeall
 .text.__lwp_thread_exit
                0x80020c44       0x5c C:/devkitPro/libogc/lib/wii\libogc.a(lwp_threads.o)
                0x80020c44                __lwp_thread_exit
 .text.__lwp_thread_handler
                0x80020ca0       0x74 C:/devkitPro/libogc/lib/wii\libogc.a(lwp_threads.o)
 .text.__lwp_thread_start
                0x80020d14       0xcc C:/devkitPro/libogc/lib/wii\libogc.a(lwp_threads.o)
                0x80020d14                __lwp_thread_start
 .text.__lwp_thread_startmultitasking
                0x80020de0       0xb0 C:/devkitPro/libogc/lib/wii\libogc.a(lwp_threads.o)
                0x80020de0                __lwp_thread_startmultitasking
 .text.__lwp_thread_stopmultitasking
                0x80020e90       0x58 C:/devkitPro/libogc/lib/wii\libogc.a(lwp_threads.o)
                0x80020e90                __lwp_thread_stopmultitasking
 .text.__lwp_thread_coreinit
                0x80020ee8       0xb0 C:/devkitPro/libogc/lib/wii\libogc.a(lwp_threads.o)
                0x80020ee8                __lwp_thread_coreinit
 .text.idle_func
                0x80020f98        0x4 C:/devkitPro/libogc/lib/wii\libogc.a(lwp.o)
 .text.__lwp_sysinit
                0x80020f9c      0x118 C:/devkitPro/libogc/lib/wii\libogc.a(lwp.o)
                0x80020f9c                __lwp_sysinit
 .text.LWP_CreateThread
                0x800210b4      0x1a4 C:/devkitPro/libogc/lib/wii\libogc.a(lwp.o)
                0x800210b4                LWP_CreateThread
 .text.LWP_SuspendThread
                0x80021258       0xb4 C:/devkitPro/libogc/lib/wii\libogc.a(lwp.o)
                0x80021258                LWP_SuspendThread
 .text.LWP_ResumeThread
                0x8002130c       0xb8 C:/devkitPro/libogc/lib/wii\libogc.a(lwp.o)
                0x8002130c                LWP_ResumeThread
 .text.LWP_GetSelf
                0x800213c4       0x28 C:/devkitPro/libogc/lib/wii\libogc.a(lwp.o)
                0x800213c4                LWP_GetSelf
 .text.LWP_InitQueue
                0x800213ec      0x14c C:/devkitPro/libogc/lib/wii\libogc.a(lwp.o)
                0x800213ec                LWP_InitQueue
 .text.LWP_CloseQueue
                0x80021538       0xd8 C:/devkitPro/libogc/lib/wii\libogc.a(lwp.o)
                0x80021538                LWP_CloseQueue
 .text.LWP_ThreadSleep
                0x80021610       0xfc C:/devkitPro/libogc/lib/wii\libogc.a(lwp.o)
                0x80021610                LWP_ThreadSleep
 .text.LWP_ThreadBroadcast
                0x8002170c       0x8c C:/devkitPro/libogc/lib/wii\libogc.a(lwp.o)
                0x8002170c                LWP_ThreadBroadcast
 .text.LWP_ThreadSignal
                0x80021798       0x74 C:/devkitPro/libogc/lib/wii\libogc.a(lwp.o)
                0x80021798                LWP_ThreadSignal
 .text.__lwp_stack_allocate
                0x8002180c       0x84 C:/devkitPro/libogc/lib/wii\libogc.a(lwp_stack.o)
                0x8002180c                __lwp_stack_allocate
 .text.__lwp_stack_free
                0x80021890       0x1c C:/devkitPro/libogc/lib/wii\libogc.a(lwp_stack.o)
                0x80021890                __lwp_stack_free
 .text.__lwp_wd_settimer.isra.3
                0x800218ac       0xd0 C:/devkitPro/libogc/lib/wii\libogc.a(lwp_watchdog.o)
 .text.__lwp_watchdog_init
                0x8002197c       0x2c C:/devkitPro/libogc/lib/wii\libogc.a(lwp_watchdog.o)
                0x8002197c                __lwp_watchdog_init
 .text.__lwp_wd_insert
                0x800219a8      0x1e8 C:/devkitPro/libogc/lib/wii\libogc.a(lwp_watchdog.o)
                0x800219a8                __lwp_wd_insert
 .text.__lwp_wd_remove
                0x80021b90      0x100 C:/devkitPro/libogc/lib/wii\libogc.a(lwp_watchdog.o)
                0x80021b90                __lwp_wd_remove
 .text.__lwp_wd_tickle
                0x80021c90      0x11c C:/devkitPro/libogc/lib/wii\libogc.a(lwp_watchdog.o)
                0x80021c90                __lwp_wd_tickle
 .text.__lwp_wkspace_init
                0x80021dac       0xc8 C:/devkitPro/libogc/lib/wii\libogc.a(lwp_wkspace.o)
                0x80021dac                __lwp_wkspace_init
 .text.__lwp_objmgr_initinfo
                0x80021e74      0x1a4 C:/devkitPro/libogc/lib/wii\libogc.a(lwp_objmgr.o)
                0x80021e74                __lwp_objmgr_initinfo
 .text.__lwp_objmgr_getisrdisable
                0x80022018       0x68 C:/devkitPro/libogc/lib/wii\libogc.a(lwp_objmgr.o)
                0x80022018                __lwp_objmgr_getisrdisable
 .text.__lwp_objmgr_getnoprotection
                0x80022080       0x24 C:/devkitPro/libogc/lib/wii\libogc.a(lwp_objmgr.o)
                0x80022080                __lwp_objmgr_getnoprotection
 .text.__lwp_objmgr_get
                0x800220a4       0x70 C:/devkitPro/libogc/lib/wii\libogc.a(lwp_objmgr.o)
                0x800220a4                __lwp_objmgr_get
 .text.__lwp_objmgr_allocate
                0x80022114       0x78 C:/devkitPro/libogc/lib/wii\libogc.a(lwp_objmgr.o)
                0x80022114                __lwp_objmgr_allocate
 .text.__lwp_objmgr_free
                0x8002218c       0x60 C:/devkitPro/libogc/lib/wii\libogc.a(lwp_objmgr.o)
                0x8002218c                __lwp_objmgr_free
 .text.__lwp_heap_init
                0x800221ec       0xa8 C:/devkitPro/libogc/lib/wii\libogc.a(lwp_heap.o)
                0x800221ec                __lwp_heap_init
 .text.__lwp_heap_allocate
                0x80022294      0x180 C:/devkitPro/libogc/lib/wii\libogc.a(lwp_heap.o)
                0x80022294                __lwp_heap_allocate
 .text.__lwp_heap_free
                0x80022414      0x1a0 C:/devkitPro/libogc/lib/wii\libogc.a(lwp_heap.o)
                0x80022414                __lwp_heap_free
 .text.__SetInterrupts
                0x800225b4      0x2a0 C:/devkitPro/libogc/lib/wii\libogc.a(irq.o)
 .text.c_irqdispatcher
                0x80022854      0x284 C:/devkitPro/libogc/lib/wii\libogc.a(irq.o)
                0x80022854                c_irqdispatcher
 .text.__UnmaskIrq
                0x80022ad8       0x8c C:/devkitPro/libogc/lib/wii\libogc.a(irq.o)
                0x80022ad8                __UnmaskIrq
 .text.__MaskIrq
                0x80022b64       0x8c C:/devkitPro/libogc/lib/wii\libogc.a(irq.o)
                0x80022b64                __MaskIrq
 .text.__irq_init
                0x80022bf0       0x98 C:/devkitPro/libogc/lib/wii\libogc.a(irq.o)
                0x80022bf0                __irq_init
 .text.IRQ_Request
                0x80022c88       0x54 C:/devkitPro/libogc/lib/wii\libogc.a(irq.o)
                0x80022c88                IRQ_Request
 .text.IRQ_GetHandler
                0x80022cdc       0x48 C:/devkitPro/libogc/lib/wii\libogc.a(irq.o)
                0x80022cdc                IRQ_GetHandler
 .text.IRQ_Disable
                0x80022d24       0x24 C:/devkitPro/libogc/lib/wii\libogc.a(irq.o)
                0x80022d24                IRQ_Disable
 .text.IRQ_Restore
                0x80022d48       0x1c C:/devkitPro/libogc/lib/wii\libogc.a(irq.o)
                0x80022d48                IRQ_Restore
 .text.__VISendI2CData.constprop.3
                0x80022d64      0x4a4 C:/devkitPro/libogc/lib/wii\libogc.a(video.o)
 .text.__VIWriteI2CRegister16
                0x80023208       0x44 C:/devkitPro/libogc/lib/wii\libogc.a(video.o)
 .text.__VIWriteI2CRegister8
                0x8002324c       0x38 C:/devkitPro/libogc/lib/wii\libogc.a(video.o)
 .text.__VISetYUVSEL
                0x80023284       0x68 C:/devkitPro/libogc/lib/wii\libogc.a(video.o)
 .text.VIDEO_Configure
                0x800232ec      0x7d8 C:/devkitPro/libogc/lib/wii\libogc.a(video.o)
                0x800232ec                VIDEO_Configure
 .text.VIDEO_WaitVSync
                0x80023ac4       0x7c C:/devkitPro/libogc/lib/wii\libogc.a(video.o)
                0x80023ac4                VIDEO_WaitVSync
 .text.VIDEO_SetFramebuffer
                0x80023b40      0x228 C:/devkitPro/libogc/lib/wii\libogc.a(video.o)
                0x80023b40                VIDEO_SetFramebuffer
 .text.VIDEO_SetNextFramebuffer
                0x80023d68      0x1d4 C:/devkitPro/libogc/lib/wii\libogc.a(video.o)
                0x80023d68                VIDEO_SetNextFramebuffer
 .text.VIDEO_Flush
                0x80023f3c      0x110 C:/devkitPro/libogc/lib/wii\libogc.a(video.o)
                0x80023f3c                VIDEO_Flush
 .text.VIDEO_SetBlack
                0x8002404c      0x160 C:/devkitPro/libogc/lib/wii\libogc.a(video.o)
                0x8002404c                VIDEO_SetBlack
 .text.VIDEO_GetCurrentTvMode
                0x800241ac       0x80 C:/devkitPro/libogc/lib/wii\libogc.a(video.o)
                0x800241ac                VIDEO_GetCurrentTvMode
 .text.__VIRetraceHandler
                0x8002422c      0x2c0 C:/devkitPro/libogc/lib/wii\libogc.a(video.o)
 .text.__VISetupEncoder
                0x800244ec      0x208 C:/devkitPro/libogc/lib/wii\libogc.a(video.o)
 .text.VIDEO_Init
                0x800246f4      0x410 C:/devkitPro/libogc/lib/wii\libogc.a(video.o)
                0x800246f4                VIDEO_Init
 .text.VIDEO_GetPreferredMode
                0x80024b04      0x108 C:/devkitPro/libogc/lib/wii\libogc.a(video.o)
                0x80024b04                VIDEO_GetPreferredMode
 .text.VIDEO_GetCurrentLine
                0x80024c0c       0xa4 C:/devkitPro/libogc/lib/wii\libogc.a(video.o)
                0x80024c0c                VIDEO_GetCurrentLine
 .text.VIDEO_GetFrameBufferSize
                0x80024cb0       0x30 C:/devkitPro/libogc/lib/wii\libogc.a(video.o)
                0x80024cb0                VIDEO_GetFrameBufferSize
 .text.__call_resetfuncs
                0x80024ce0       0xbc C:/devkitPro/libogc/lib/wii\libogc.a(system.o)
 .text.__MEMInterruptHandler
                0x80024d9c       0x14 C:/devkitPro/libogc/lib/wii\libogc.a(system.o)
 .text.__POWDefaultHandler
                0x80024db0        0x4 C:/devkitPro/libogc/lib/wii\libogc.a(system.o)
 .text.__sram_write
                0x80024db4      0x114 C:/devkitPro/libogc/lib/wii\libogc.a(system.o)
 .text.__unlocksram
                0x80024ec8      0x150 C:/devkitPro/libogc/lib/wii\libogc.a(system.o)
 .text.__sram_writecallback
                0x80025018       0x54 C:/devkitPro/libogc/lib/wii\libogc.a(system.o)
 .text.__mem_onreset
                0x8002506c       0x48 C:/devkitPro/libogc/lib/wii\libogc.a(system.o)
 .text.__sys_alarmhandler
                0x800250b4       0xec C:/devkitPro/libogc/lib/wii\libogc.a(system.o)
 .text.__STMEventHandler