Archive member included to satisfy reference by file (symbol)

C:/devkitPro/libogc/lib/wii\libwiiuse.a(wpad.o)
                              gxsprites.o (WPAD_Init)
C:/devkitPro/libogc/lib/wii\libwiiuse.a(motion_plus.o)
                              C:/devkitPro/libogc/lib/wii\libwiiuse.a(wpad.o) (wiiuse_set_motion_plus)
C:/devkitPro/libogc/lib/wii\libwiiuse.a(dynamics.o)
                              C:/devkitPro/libogc/lib/wii\libwiiuse.a(wpad.o) (calculate_gforce)
C:/devkitPro/libogc/lib/wii\libwiiuse.a(io.o)
                              C:/devkitPro/libogc/lib/wii\libwiiuse.a(motion_plus.o) (wiiuse_disable_expansion)
C:/devkitPro/libogc/lib/wii\libwiiuse.a(io_wii.o)
                              C:/devkitPro/libogc/lib/wii\libwiiuse.a(wpad.o) (__wiiuse_sensorbar_enable)
C:/devkitPro/libogc/lib/wii\libwiiuse.a(ir.o)
                              C:/devkitPro/libogc/lib/wii\libwiiuse.a(motion_plus.o) (wiiuse_set_ir_mode)
C:/devkitPro/libogc/lib/wii\libwiiuse.a(nunchuk.o)
                              C:/devkitPro/libogc/lib/wii\libwiiuse.a(io.o) (nunchuk_handshake)
C:/devkitPro/libogc/lib/wii\libwiiuse.a(wiiboard.o)
                              C:/devkitPro/libogc/lib/wii\libwiiuse.a(io.o) (wii_board_handshake)
C:/devkitPro/libogc/lib/wii\libwiiuse.a(wiiuse.o)
                              C:/devkitPro/libogc/lib/wii\libwiiuse.a(wpad.o) (wiiuse_init)
C:/devkitPro/libogc/lib/wii\libwiiuse.a(speaker.o)
                              C:/devkitPro/libogc/lib/wii\libwiiuse.a(wpad.o) (wencdata)
C:/devkitPro/libogc/lib/wii\libwiiuse.a(classic.o)
                              C:/devkitPro/libogc/lib/wii\libwiiuse.a(io.o) (classic_ctrl_handshake)
C:/devkitPro/libogc/lib/wii\libwiiuse.a(events.o)
                              C:/devkitPro/libogc/lib/wii\libwiiuse.a(io_wii.o) (parse_event)
C:/devkitPro/libogc/lib/wii\libwiiuse.a(guitar_hero_3.o)
                              C:/devkitPro/libogc/lib/wii\libwiiuse.a(io.o) (guitar_hero_3_handshake)
C:/devkitPro/libogc/lib/wii\libbte.a(bte.o)
                              C:/devkitPro/libogc/lib/wii\libwiiuse.a(wpad.o) (BTE_Init)
C:/devkitPro/libogc/lib/wii\libbte.a(hci.o)
                              C:/devkitPro/libogc/lib/wii\libbte.a(bte.o) (hci_init)
C:/devkitPro/libogc/lib/wii\libbte.a(l2cap.o)
                              C:/devkitPro/libogc/lib/wii\libbte.a(bte.o) (l2cap_init)
C:/devkitPro/libogc/lib/wii\libbte.a(btmemb.o)
                              C:/devkitPro/libogc/lib/wii\libbte.a(bte.o) (btmemb_init)
C:/devkitPro/libogc/lib/wii\libbte.a(btmemr.o)
                              C:/devkitPro/libogc/lib/wii\libbte.a(hci.o) (btmemr_init)
C:/devkitPro/libogc/lib/wii\libbte.a(btpbuf.o)
                              C:/devkitPro/libogc/lib/wii\libbte.a(hci.o) (btpbuf_init)
C:/devkitPro/libogc/lib/wii\libbte.a(physbusif.o)
                              C:/devkitPro/libogc/lib/wii\libbte.a(bte.o) (physbusif_init)
C:/devkitPro/libogc/lib/wii\libogc.a(lwp_queue.o)
                              C:/devkitPro/libogc/lib/wii\libwiiuse.a(io_wii.o) (__lwp_queue_initialize)
C:/devkitPro/libogc/lib/wii\libogc.a(lwp_threads.o)
                              C:/devkitPro/libogc/lib/wii\libwiiuse.a(wpad.o) (_thread_dispatch_disable_level)
C:/devkitPro/libogc/lib/wii\libogc.a(lwp.o)
                              C:/devkitPro/libogc/lib/wii\libbte.a(bte.o) (LWP_InitQueue)
C:/devkitPro/libogc/lib/wii\libogc.a(lwp_handler.o)
                              C:/devkitPro/libogc/lib/wii\libogc.a(lwp_threads.o) (_cpu_context_save_fp)
C:/devkitPro/libogc/lib/wii\libogc.a(lwp_stack.o)
                              C:/devkitPro/libogc/lib/wii\libogc.a(lwp_threads.o) (__lwp_stack_allocate)
C:/devkitPro/libogc/lib/wii\libogc.a(lwp_watchdog.o)
                              C:/devkitPro/libogc/lib/wii\libogc.a(lwp_threads.o) (_wd_ticks_queue)
C:/devkitPro/libogc/lib/wii\libogc.a(lwp_wkspace.o)
                              C:/devkitPro/libogc/lib/wii\libwiiuse.a(motion_plus.o) (__wkspace_heap)
C:/devkitPro/libogc/lib/wii\libogc.a(lwp_objmgr.o)
                              C:/devkitPro/libogc/lib/wii\libogc.a(lwp.o) (__lwp_objmgr_initinfo)
C:/devkitPro/libogc/lib/wii\libogc.a(lwp_heap.o)
                              C:/devkitPro/libogc/lib/wii\libogc.a(lwp_wkspace.o) (__lwp_heap_init)
C:/devkitPro/libogc/lib/wii\libogc.a(sys_state.o)
                              C:/devkitPro/libogc/lib/wii\libogc.a(lwp_threads.o) (_sys_state_curr)
C:/devkitPro/libogc/lib/wii\libogc.a(irq.o)
                              C:/devkitPro/libogc/lib/wii\libwiiuse.a(io_wii.o) (IRQ_Disable)
C:/devkitPro/libogc/lib/wii\libogc.a(video.o)
                              gxsprites.o (VIDEO_Configure)
C:/devkitPro/libogc/lib/wii\libogc.a(system.o)
                              C:/devkitPro/libogc/lib/wii\libwiiuse.a(wpad.o) (__SYS_DoPowerCB)
C:/devkitPro/libogc/lib/wii\libogc.a(system_asm.o)
                              C:/devkitPro/libogc/lib/wii\libbte.a(bte.o) (SYS_SwitchFiber)
[...]
Memory Configuration

Name             Origin             Length             Attributes
*default*        0x00000000         0xffffffff

Linker script and memory map

                0x00003400                . = 0x3400

.stub
 *(.stub)
                0x80004000                . = 0x80004000

.init           0x80004000      0x194
 *crt0.o(*.init)
 .init          0x80004000      0x170 C:/devkitPro/libogc/lib/wii\libogc.a(ogc_crt0.o)
                0x80004000                _start
                0x80004140                _memset
 *(.init)
 .init          0x80004170        0xc c:/devkitpro/devkitppc/bin/../lib/gcc/powerpc-eabi/6.3.0/ecrti.o
                0x80004170                __init
 .init          0x8000417c        0x4 c:/devkitpro/devkitppc/bin/../lib/gcc/powerpc-eabi/6.3.0/crtbegin.o
 .init          0x80004180        0x4 c:/devkitpro/devkitppc/bin/../lib/gcc/powerpc-eabi/6.3.0/crtend.o
 .init          0x80004184       0x10 c:/devkitpro/devkitppc/bin/../lib/gcc/powerpc-eabi/6.3.0/ecrtn.o

.rela.dyn       0x80004194        0x0
 .rela.iplt     0x80004194        0x0 c:/devkitpro/devkitppc/bin/../lib/gcc/powerpc-eabi/6.3.0/crtbegin.o

.plt
 *(.plt)

.interp
 *(.interp)

.hash
 *(.hash)

.dynsym
 *(.dynsym)

.dynstr
 *(.dynstr)

.gnu.version
 *(.gnu.version)

.gnu.version_d
 *(.gnu.version_d)

.gnu.version_r
 *(.gnu.version_r)

.rel.init
 *(.rel.init)

.rela.init      0x80004194        0x0
 *(.rela.init)
 .rela.init     0x80004194        0x0 c:/devkitpro/devkitppc/bin/../lib/gcc/powerpc-eabi/6.3.0/crtbegin.o

.rel.text
 *(.rel.text .rel.text.* .rel.gnu.linkonce.t.*)

.rela.text      0x80004194        0x0
 *(.rela.text .rela.text.* .rela.gnu.linkonce.t.*)
 .rela.text.deregister_tm_clones
                0x80004194        0x0 c:/devkitpro/devkitppc/bin/../lib/gcc/powerpc-eabi/6.3.0/crtbegin.o
 .rela.text.register_tm_clones
                0x80004194        0x0 c:/devkitpro/devkitppc/bin/../lib/gcc/powerpc-eabi/6.3.0/crtbegin.o
 .rela.text.__do_global_dtors_aux
                0x80004194        0x0 c:/devkitpro/devkitppc/bin/../lib/gcc/powerpc-eabi/6.3.0/crtbegin.o
 .rela.text.frame_dummy
                0x80004194        0x0 c:/devkitpro/devkitppc/bin/../lib/gcc/powerpc-eabi/6.3.0/crtbegin.o
 .rela.text.drawSpriteTex
                0x80004194        0x0 c:/devkitpro/devkitppc/bin/../lib/gcc/powerpc-eabi/6.3.0/crtbegin.o
 .rela.text.startup.main
                0x80004194        0x0 c:/devkitpro/devkitppc/bin/../lib/gcc/powerpc-eabi/6.3.0/crtbegin.o
 .rela.text.wiiuse_probe_motion_plus_check1
                0x80004194        0x0 c:/devkitpro/devkitppc/bin/../lib/gcc/powerpc-eabi/6.3.0/crtbegin.o
 .rela.text.wiiuse_probe_motion_plus
                0x80004194        0x0 c:/devkitpro/devkitppc/bin/../lib/gcc/powerpc-eabi/6.3.0/crtbegin.o
 .rela.text.wiiuse_handshake
                0x80004194        0x0 c:/devkitpro/devkitppc/bin/../lib/gcc/powerpc-eabi/6.3.0/crtbegin.o
 .rela.text.wiiuse_handshake_expansion
                0x80004194        0x0 c:/devkitpro/devkitppc/bin/../lib/gcc/powerpc-eabi/6.3.0/crtbegin.o
 .rela.text.wiiuse_init_cmd_queue
                0x80004194        0x0 c:/devkitpro/devkitppc/bin/../lib/gcc/powerpc-eabi/6.3.0/crtbegin.o
 .rela.text.wiiuse_init
                0x80004194        0x0 c:/devkitpro/devkitppc/bin/../lib/gcc/powerpc-eabi/6.3.0/crtbegin.o
 .rela.text.bt_alarmhandler
                0x80004194        0x0 c:/devkitpro/devkitppc/bin/../lib/gcc/powerpc-eabi/6.3.0/crtbegin.o
 .rela.text.__lwp_rotate_readyqueue
                0x80004194        0x0 c:/devkitpro/devkitppc/bin/../lib/gcc/powerpc-eabi/6.3.0/crtbegin.o
 .rela.text.__lwp_thread_tickle_timeslice
                0x80004194        0x0 c:/devkitpro/devkitppc/bin/../lib/gcc/powerpc-eabi/6.3.0/crtbegin.o
 .rela.text.__lwp_thread_setstate
                0x80004194        0x0 c:/devkitpro/devkitppc/bin/../lib/gcc/powerpc-eabi/6.3.0/crtbegin.o
 .rela.text.__lwp_thread_setpriority
                0x80004194        0x0 c:/devkitpro/devkitppc/bin/../lib/gcc/powerpc-eabi/6.3.0/crtbegin.o
 .rela.text.__lwp_thread_suspend
                0x80004194        0x0 c:/devkitpro/devkitppc/bin/../lib/gcc/powerpc-eabi/6.3.0/crtbegin.o
 .rela.text.__lwp_thread_changepriority
                0x80004194        0x0 c:/devkitpro/devkitppc/bin/../lib/gcc/powerpc-eabi/6.3.0/crtbegin.o
 .rela.text.__lwp_thread_ready
                0x80004194        0x0 c:/devkitpro/devkitppc/bin/../lib/gcc/powerpc-eabi/6.3.0/crtbegin.o
 .rela.text.__lwp_thread_init
                0x80004194        0x0 c:/devkitpro/devkitppc/bin/../lib/gcc/powerpc-eabi/6.3.0/crtbegin.o
 .rela.text.__lwp_thread_close
                0x80004194        0x0 c:/devkitpro/devkitppc/bin/../lib/gcc/powerpc-eabi/6.3.0/crtbegin.o
 .rela.text.__lwp_thread_closeall
                0x80004194        0x0 c:/devkitpro/devkitppc/bin/../lib/gcc/powerpc-eabi/6.3.0/crtbegin.o
 .rela.text.__lwp_thread_startmultitasking
                0x80004194        0x0 c:/devkitpro/devkitppc/bin/../lib/gcc/powerpc-eabi/6.3.0/crtbegin.o
 .rela.text.__lwp_thread_stopmultitasking
                0x80004194        0x0 c:/devkitpro/devkitppc/bin/../lib/gcc/powerpc-eabi/6.3.0/crtbegin.o
 .rela.text.__lwp_thread_coreinit
                0x80004194        0x0 c:/devkitpro/devkitppc/bin/../lib/gcc/powerpc-eabi/6.3.0/crtbegin.o
 .rela.text.__lwp_sysinit
                0x80004194        0x0 c:/devkitpro/devkitppc/bin/../lib/gcc/powerpc-eabi/6.3.0/crtbegin.o
 .rela.text.__lwp_thread_isalive
                0x80004194        0x0 c:/devkitpro/devkitppc/bin/../lib/gcc/powerpc-eabi/6.3.0/crtbegin.o
 .rela.text.__lwp_thread_exists
                0x80004194        0x0 c:/devkitpro/devkitppc/bin/../lib/gcc/powerpc-eabi/6.3.0/crtbegin.o
 .rela.text.__lwp_thread_context
                0x80004194        0x0 c:/devkitpro/devkitppc/bin/../lib/gcc/powerpc-eabi/6.3.0/crtbegin.o
 .rela.text.LWP_CreateThread
                0x80004194        0x0 c:/devkitpro/devkitppc/bin/../lib/gcc/powerpc-eabi/6.3.0/crtbegin.o
 .rela.text.LWP_SuspendThread
                0x80004194        0x0 c:/devkitpro/devkitppc/bin/../lib/gcc/powerpc-eabi/6.3.0/crtbegin.o
 .rela.text.LWP_ResumeThread
                0x80004194        0x0 c:/devkitpro/devkitppc/bin/../lib/gcc/powerpc-eabi/6.3.0/crtbegin.o
 .rela.text.LWP_SetThreadPriority
                0x80004194        0x0 c:/devkitpro/devkitppc/bin/../lib/gcc/powerpc-eabi/6.3.0/crtbegin.o
 .rela.text.LWP_ThreadIsSuspended
                0x80004194        0x0 c:/devkitpro/devkitppc/bin/../lib/gcc/powerpc-eabi/6.3.0/crtbegin.o
 .rela.text.LWP_JoinThread
                0x80004194        0x0 c:/devkitpro/devkitppc/bin/../lib/gcc/powerpc-eabi/6.3.0/crtbegin.o
 .rela.text.LWP_InitQueue
                0x80004194        0x0 c:/devkitpro/devkitppc/bin/../lib/gcc/powerpc-eabi/6.3.0/crtbegin.o
 .rela.text.LWP_CloseQueue
                0x80004194        0x0 c:/devkitpro/devkitppc/bin/../lib/gcc/powerpc-eabi/6.3.0/crtbegin.o
 .rela.text.LWP_ThreadSleep
                0x80004194        0x0 c:/devkitpro/devkitppc/bin/../lib/gcc/powerpc-eabi/6.3.0/crtbegin.o
 .rela.text.LWP_ThreadBroadcast
                0x80004194        0x0 c:/devkitpro/devkitppc/bin/../lib/gcc/powerpc-eabi/6.3.0/crtbegin.o
 .rela.text.LWP_ThreadSignal
                0x80004194        0x0 c:/devkitpro/devkitppc/bin/../lib/gcc/powerpc-eabi/6.3.0/crtbegin.o
 .rela.text.__lwp_stack_allocate
                0x80004194        0x0 c:/devkitpro/devkitppc/bin/../lib/gcc/powerpc-eabi/6.3.0/crtbegin.o
 .rela.text.__lwp_stack_free
                0x80004194        0x0 c:/devkitpro/devkitppc/bin/../lib/gcc/powerpc-eabi/6.3.0/crtbegin.o
 .rela.text.__lwp_watchdog_init
                0x80004194        0x0 c:/devkitpro/devkitppc/bin/../lib/gcc/powerpc-eabi/6.3.0/crtbegin.o
 .rela.text.__lwp_wd_tickle
                0x80004194        0x0 c:/devkitpro/devkitppc/bin/../lib/gcc/powerpc-eabi/6.3.0/crtbegin.o
 .rela.text.__lwp_wkspace_heapfree
                0x80004194        0x0 c:/devkitpro/devkitppc/bin/../lib/gcc/powerpc-eabi/6.3.0/crtbegin.o
 .rela.text.__lwp_wkspace_heapused
                0x80004194        0x0 c:/devkitpro/devkitppc/bin/../lib/gcc/powerpc-eabi/6.3.0/crtbegin.o
 .rela.text.__lwp_wkspace_init
                0x80004194        0x0 c:/devkitpro/devkitppc/bin/../lib/gcc/powerpc-eabi/6.3.0/crtbegin.o
 .rela.text.__lwp_objmgr_initinfo
                0x80004194        0x0 c:/devkitpro/devkitppc/bin/../lib/gcc/powerpc-eabi/6.3.0/crtbegin.o
 .rela.text.__irq_init
                0x80004194        0x0 c:/devkitpro/devkitppc/bin/../lib/gcc/powerpc-eabi/6.3.0/crtbegin.o
 .rela.text.__call_resetfuncs
                0x80004194        0x0 c:/devkitpro/devkitppc/bin/../lib/gcc/powerpc-eabi/6.3.0/crtbegin.o
 .rela.text.__unlocksram
                0x80004194        0x0 c:/devkitpro/devkitppc/bin/../lib/gcc/powerpc-eabi/6.3.0/crtbegin.o
 .rela.text.__sram_writecallback
                0x80004194        0x0 c:/devkitpro/devkitppc/bin/../lib/gcc/powerpc-eabi/6.3.0/crtbegin.o
 .rela.text.__sys_alarmhandler
                0x80004194        0x0 c:/devkitpro/devkitppc/bin/../lib/gcc/powerpc-eabi/6.3.0/crtbegin.o
 .rela.text.__sram_read.constprop.10
                0x80004194        0x0 c:/devkitpro/devkitppc/bin/../lib/gcc/powerpc-eabi/6.3.0/crtbegin.o
 .rela.text.__sram_init
                0x80004194        0x0 c:/devkitpro/devkitppc/bin/../lib/gcc/powerpc-eabi/6.3.0/crtbegin.o
 .rela.text.__SYS_LockSram
                0x80004194        0x0 c:/devkitpro/devkitppc/bin/../lib/gcc/powerpc-eabi/6.3.0/crtbegin.o
 .rela.text.__SYS_LockSramEx
                0x80004194        0x0 c:/devkitpro/devkitppc/bin/../lib/gcc/powerpc-eabi/6.3.0/crtbegin.o
 .rela.text.__SYS_SyncSram
                0x80004194        0x0 c:/devkitpro/devkitppc/bin/../lib/gcc/powerpc-eabi/6.3.0/crtbegin.o
 .rela.text.__SYS_SetBootTime
                0x80004194        0x0 c:/devkitpro/devkitppc/bin/../lib/gcc/powerpc-eabi/6.3.0/crtbegin.o
 .rela.text.SYS_Init
                0x80004194        0x0 c:/devkitpro/devkitppc/bin/../lib/gcc/powerpc-eabi/6.3.0/crtbegin.o
 .rela.text.SYS_SetAlarm
                0x80004194        0x0 c:/devkitpro/devkitppc/bin/../lib/gcc/powerpc-eabi/6.3.0/crtbegin.o
 .rela.text.SYS_SetPeriodicAlarm
                0x80004194        0x0 c:/devkitpro/devkitppc/bin/../lib/gcc/powerpc-eabi/6.3.0/crtbegin.o
 .rela.text.SYS_RemoveAlarm
                0x80004194        0x0 c:/devkitpro/devkitppc/bin/../lib/gcc/powerpc-eabi/6.3.0/crtbegin.o
 .rela.text.SYS_CancelAlarm
                0x80004194        0x0 c:/devkitpro/devkitppc/bin/../lib/gcc/powerpc-eabi/6.3.0/crtbegin.o
 .rela.text.SYS_SetWirelessID
                0x80004194        0x0 c:/devkitpro/devkitppc/bin/../lib/gcc/powerpc-eabi/6.3.0/crtbegin.o
 .rela.text.SYS_GetWirelessID
                0x80004194        0x0 c:/devkitpro/devkitppc/bin/../lib/gcc/powerpc-eabi/6.3.0/crtbegin.o
 .rela.text.__lwp_cond_waitsupp.constprop.4
                0x80004194        0x0 c:/devkitpro/devkitppc/bin/../lib/gcc/powerpc-eabi/6.3.0/crtbegin.o
 .rela.text.__lwp_cond_signalsupp
                0x80004194        0x0 c:/devkitpro/devkitppc/bin/../lib/gcc/powerpc-eabi/6.3.0/crtbegin.o
 .rela.text.__lwp_cond_init
                0x80004194        0x0 c:/devkitpro/devkitppc/bin/../lib/gcc/powerpc-eabi/6.3.0/crtbegin.o
 .rela.text.LWP_CondInit
                0x80004194        0x0 c:/devkitpro/devkitppc/bin/../lib/gcc/powerpc-eabi/6.3.0/crtbegin.o
 .rela.text.LWP_CondDestroy
                0x80004194        0x0 c:/devkitpro/devkitppc/bin/../lib/gcc/powerpc-eabi/6.3.0/crtbegin.o
 .rela.text.__GX_InitRevBits
                0x80004194        0x0 c:/devkitpro/devkitppc/bin/../lib/gcc/powerpc-eabi/6.3.0/crtbegin.o
 .rela.text.__GX_CleanGPFifo
                0x80004194        0x0 c:/devkitpro/devkitppc/bin/../lib/gcc/powerpc-eabi/6.3.0/crtbegin.o
 .rela.text.__GXDefTexRegionCallback
                0x80004194        0x0 c:/devkitpro/devkitppc/bin/../lib/gcc/powerpc-eabi/6.3.0/crtbegin.o
 .rela.text.__GXDefTlutRegionCallback
                0x80004194        0x0 c:/devkitpro/devkitppc/bin/../lib/gcc/powerpc-eabi/6.3.0/crtbegin.o
 .rela.text.__SetSURegs
                0x80004194        0x0 c:/devkitpro/devkitppc/bin/../lib/gcc/powerpc-eabi/6.3.0/crtbegin.o
 .rela.text.__GXCPInterruptHandler
                0x80004194        0x0 c:/devkitpro/devkitppc/bin/../lib/gcc/powerpc-eabi/6.3.0/crtbegin.o
 .rela.text.__GX_Abort
                0x80004194        0x0 c:/devkitpro/devkitppc/bin/../lib/gcc/powerpc-eabi/6.3.0/crtbegin.o
 .rela.text.GX_SetTexCoordGen2.part.7
                0x80004194        0x0 c:/devkitpro/devkitppc/bin/../lib/gcc/powerpc-eabi/6.3.0/crtbegin.o
 .rela.text.__GX_SetDirtyState
                0x80004194        0x0 c:/devkitpro/devkitppc/bin/../lib/gcc/powerpc-eabi/6.3.0/crtbegin.o
 .rela.text.GX_SetCPUFifo
                0x80004194        0x0 c:/devkitpro/devkitppc/bin/../lib/gcc/powerpc-eabi/6.3.0/crtbegin.o
 .rela.text.GX_SetGPFifo
                0x80004194        0x0 c:/devkitpro/devkitppc/bin/../lib/gcc/powerpc-eabi/6.3.0/crtbegin.o
 .rela.text.GX_RestoreWriteGatherPipe
                0x80004194        0x0 c:/devkitpro/devkitppc/bin/../lib/gcc/powerpc-eabi/6.3.0/crtbegin.o
 .rela.text.GX_Flush
                0x80004194        0x0 c:/devkitpro/devkitppc/bin/../lib/gcc/powerpc-eabi/6.3.0/crtbegin.o
 .rela.text.GX_RedirectWriteGatherPipe
                0x80004194        0x0 c:/devkitpro/devkitppc/bin/../lib/gcc/powerpc-eabi/6.3.0/crtbegin.o
 .rela.text.__gx_onreset
                0x80004194        0x0 c:/devkitpro/devkitppc/bin/../lib/gcc/powerpc-eabi/6.3.0/crtbegin.o
 .rela.text.GX_EnableBreakPt
                0x80004194        0x0 c:/devkitpro/devkitppc/bin/../lib/gcc/powerpc-eabi/6.3.0/crtbegin.o
 .rela.text.GX_DisableBreakPt
                0x80004194        0x0 c:/devkitpro/devkitppc/bin/../lib/gcc/powerpc-eabi/6.3.0/crtbegin.o
 .rela.text.GX_AbortFrame
                0x80004194        0x0 c:/devkitpro/devkitppc/bin/../lib/gcc/powerpc-eabi/6.3.0/crtbegin.o
 .rela.text.GX_PixModeSync
                0x80004194        0x0 c:/devkitpro/devkitppc/bin/../lib/gcc/powerpc-eabi/6.3.0/crtbegin.o
 .rela.text.GX_SetMisc
                0x80004194        0x0 c:/devkitpro/devkitppc/bin/../lib/gcc/powerpc-eabi/6.3.0/crtbegin.o
 .rela.text.GX_SetCopyClamp
                0x80004194        0x0 c:/devkitpro/devkitppc/bin/../lib/gcc/powerpc-eabi/6.3.0/crtbegin.o
 .rela.text.GX_SetDispCopyGamma
                0x80004194        0x0 c:/devkitpro/devkitppc/bin/../lib/gcc/powerpc-eabi/6.3.0/crtbegin.o
 .rela.text.GX_SetDispCopyFrame2Field
                0x80004194        0x0 c:/devkitpro/devkitppc/bin/../lib/gcc/powerpc-eabi/6.3.0/crtbegin.o
 .rela.text.GX_SetDispCopyYScale
                0x80004194        0x0 c:/devkitpro/devkitppc/bin/../lib/gcc/powerpc-eabi/6.3.0/crtbegin.o
 .rela.text.GX_SetDispCopyDst
                0x80004194        0x0 c:/devkitpro/devkitppc/bin/../lib/gcc/powerpc-eabi/6.3.0/crtbegin.o
 .rela.text.GX_SetDispCopySrc
                0x80004194        0x0 c:/devkitpro/devkitppc/bin/../lib/gcc/powerpc-eabi/6.3.0/crtbegin.o
 .rela.text.GX_CopyDisp
                0x80004194        0x0 c:/devkitpro/devkitppc/bin/../lib/gcc/powerpc-eabi/6.3.0/crtbegin.o
 .rela.text.GX_CopyTex
                0x80004194        0x0 c:/devkitpro/devkitppc/bin/../lib/gcc/powerpc-eabi/6.3.0/crtbegin.o
 .rela.text.GX_SetTexCopySrc
                0x80004194        0x0 c:/devkitpro/devkitppc/bin/../lib/gcc/powerpc-eabi/6.3.0/crtbegin.o
 .rela.text.GX_SetTexCopyDst
                0x80004194        0x0 c:/devkitpro/devkitppc/bin/../lib/gcc/powerpc-eabi/6.3.0/crtbegin.o
 .rela.text.GX_BeginDispList
                0x80004194        0x0 c:/devkitpro/devkitppc/bin/../lib/gcc/powerpc-eabi/6.3.0/crtbegin.o
 .rela.text.GX_EndDispList
                0x80004194        0x0 c:/devkitpro/devkitppc/bin/../lib/gcc/powerpc-eabi/6.3.0/crtbegin.o
 .rela.text.GX_CallDispList
                0x80004194        0x0 c:/devkitpro/devkitppc/bin/../lib/gcc/powerpc-eabi/6.3.0/crtbegin.o
 .rela.text.GX_SetChanCtrl
                0x80004194        0x0 c:/devkitpro/devkitppc/bin/../lib/gcc/powerpc-eabi/6.3.0/crtbegin.o
 .rela.text.GX_SetChanAmbColor
                0x80004194        0x0 c:/devkitpro/devkitppc/bin/../lib/gcc/powerpc-eabi/6.3.0/crtbegin.o
 .rela.text.GX_SetChanMatColor
                0x80004194        0x0 c:/devkitpro/devkitppc/bin/../lib/gcc/powerpc-eabi/6.3.0/crtbegin.o
 .rela.text.GX_SetVtxDesc
                0x80004194        0x0 c:/devkitpro/devkitppc/bin/../lib/gcc/powerpc-eabi/6.3.0/crtbegin.o
 .rela.text.GX_SetVtxDescv
                0x80004194        0x0 c:/devkitpro/devkitppc/bin/../lib/gcc/powerpc-eabi/6.3.0/crtbegin.o
 .rela.text.GX_GetVtxDescv
                0x80004194        0x0 c:/devkitpro/devkitppc/bin/../lib/gcc/powerpc-eabi/6.3.0/crtbegin.o
 .rela.text.GX_SetVtxAttrFmt
                0x80004194        0x0 c:/devkitpro/devkitppc/bin/../lib/gcc/powerpc-eabi/6.3.0/crtbegin.o
 .rela.text.GX_SetVtxAttrFmtv
                0x80004194        0x0 c:/devkitpro/devkitppc/bin/../lib/gcc/powerpc-eabi/6.3.0/crtbegin.o
 .rela.text.GX_Begin
                0x80004194        0x0 c:/devkitpro/devkitppc/bin/../lib/gcc/powerpc-eabi/6.3.0/crtbegin.o
 .rela.text.GX_SetCurrentMtx
                0x80004194        0x0 c:/devkitpro/devkitppc/bin/../lib/gcc/powerpc-eabi/6.3.0/crtbegin.o
 .rela.text.GX_SetNumTexGens
                0x80004194        0x0 c:/devkitpro/devkitppc/bin/../lib/gcc/powerpc-eabi/6.3.0/crtbegin.o
 .rela.text.GX_SetZMode
                0x80004194        0x0 c:/devkitpro/devkitppc/bin/../lib/gcc/powerpc-eabi/6.3.0/crtbegin.o
 .rela.text.GX_LoadTexObjPreloaded
                0x80004194        0x0 c:/devkitpro/devkitppc/bin/../lib/gcc/powerpc-eabi/6.3.0/crtbegin.o
 .rela.text.GX_PreloadEntireTexture
                0x80004194        0x0 c:/devkitpro/devkitppc/bin/../lib/gcc/powerpc-eabi/6.3.0/crtbegin.o
 .rela.text.GX_InvalidateTexAll
                0x80004194        0x0 c:/devkitpro/devkitppc/bin/../lib/gcc/powerpc-eabi/6.3.0/crtbegin.o
 .rela.text.GX_InvalidateTexRegion
                0x80004194        0x0 c:/devkitpro/devkitppc/bin/../lib/gcc/powerpc-eabi/6.3.0/crtbegin.o
 .rela.text.GX_LoadTlut
                0x80004194        0x0 c:/devkitpro/devkitppc/bin/../lib/gcc/powerpc-eabi/6.3.0/crtbegin.o
 .rela.text.GX_SetTexCoordScaleManually
                0x80004194        0x0 c:/devkitpro/devkitppc/bin/../lib/gcc/powerpc-eabi/6.3.0/crtbegin.o
 .rela.text.GX_SetTexCoordCylWrap
                0x80004194        0x0 c:/devkitpro/devkitppc/bin/../lib/gcc/powerpc-eabi/6.3.0/crtbegin.o
 .rela.text.GX_SetTexCoordBias
                0x80004194        0x0 c:/devkitpro/devkitppc/bin/../lib/gcc/powerpc-eabi/6.3.0/crtbegin.o
 .rela.text.GX_SetBlendMode
                0x80004194        0x0 c:/devkitpro/devkitppc/bin/../lib/gcc/powerpc-eabi/6.3.0/crtbegin.o
 .rela.text.GX_ClearVtxDesc
                0x80004194        0x0 c:/devkitpro/devkitppc/bin/../lib/gcc/powerpc-eabi/6.3.0/crtbegin.o
 .rela.text.GX_SetLineWidth
                0x80004194        0x0 c:/devkitpro/devkitppc/bin/../lib/gcc/powerpc-eabi/6.3.0/crtbegin.o
 .rela.text.GX_SetPointSize
                0x80004194        0x0 c:/devkitpro/devkitppc/bin/../lib/gcc/powerpc-eabi/6.3.0/crtbegin.o
 .rela.text.GX_SetTevColorIn
                0x80004194        0x0 c:/devkitpro/devkitppc/bin/../lib/gcc/powerpc-eabi/6.3.0/crtbegin.o
 .rela.text.GX_SetTevAlphaIn
                0x80004194        0x0 c:/devkitpro/devkitppc/bin/../lib/gcc/powerpc-eabi/6.3.0/crtbegin.o
 .rela.text.GX_SetTevColorOp
                0x80004194        0x0 c:/devkitpro/devkitppc/bin/../lib/gcc/powerpc-eabi/6.3.0/crtbegin.o
 .rela.text.GX_SetTevAlphaOp
                0x80004194        0x0 c:/devkitpro/devkitppc/bin/../lib/gcc/powerpc-eabi/6.3.0/crtbegin.o
 .rela.text.GX_SetTevOp
                0x80004194        0x0 c:/devkitpro/devkitppc/bin/../lib/gcc/powerpc-eabi/6.3.0/crtbegin.o
 .rela.text.GX_SetCullMode
                0x80004194        0x0 c:/devkitpro/devkitppc/bin/../lib/gcc/powerpc-eabi/6.3.0/crtbegin.o
 .rela.text.GX_SetCoPlanar
                0x80004194        0x0 c:/devkitpro/devkitppc/bin/../lib/gcc/powerpc-eabi/6.3.0/crtbegin.o
 .rela.text.GX_EnableTexOffsets
                0x80004194        0x0 c:/devkitpro/devkitppc/bin/../lib/gcc/powerpc-eabi/6.3.0/crtbegin.o
 .rela.text.GX_SetScissor
                0x80004194        0x0 c:/devkitpro/devkitppc/bin/../lib/gcc/powerpc-eabi/6.3.0/crtbegin.o
 .rela.text.GX_SetNumChans
                0x80004194        0x0 c:/devkitpro/devkitppc/bin/../lib/gcc/powerpc-eabi/6.3.0/crtbegin.o
 .rela.text.GX_SetTevOrder
                0x80004194        0x0 c:/devkitpro/devkitppc/bin/../lib/gcc/powerpc-eabi/6.3.0/crtbegin.o
 .rela.text.GX_SetNumTevStages
                0x80004194        0x0 c:/devkitpro/devkitppc/bin/../lib/gcc/powerpc-eabi/6.3.0/crtbegin.o
 .rela.text.GX_SetTevKColorSel
                0x80004194        0x0 c:/devkitpro/devkitppc/bin/../lib/gcc/powerpc-eabi/6.3.0/crtbegin.o
 .rela.text.GX_SetTevKAlphaSel
                0x80004194        0x0 c:/devkitpro/devkitppc/bin/../lib/gcc/powerpc-eabi/6.3.0/crtbegin.o
 .rela.text.GX_SetTevSwapMode
                0x80004194        0x0 c:/devkitpro/devkitppc/bin/../lib/gcc/powerpc-eabi/6.3.0/crtbegin.o
 .rela.text.GX_SetTevSwapModeTable
                0x80004194        0x0 c:/devkitpro/devkitppc/bin/../lib/gcc/powerpc-eabi/6.3.0/crtbegin.o
 .rela.text.GX_SetNumIndStages
                0x80004194        0x0 c:/devkitpro/devkitppc/bin/../lib/gcc/powerpc-eabi/6.3.0/crtbegin.o
 .rela.text.GX_SetIndTexCoordScale
                0x80004194        0x0 c:/devkitpro/devkitppc/bin/../lib/gcc/powerpc-eabi/6.3.0/crtbegin.o
 .rela.text.GX_SetColorUpdate
                0x80004194        0x0 c:/devkitpro/devkitppc/bin/../lib/gcc/powerpc-eabi/6.3.0/crtbegin.o
 .rela.text.GX_SetAlphaUpdate
                0x80004194        0x0 c:/devkitpro/devkitppc/bin/../lib/gcc/powerpc-eabi/6.3.0/crtbegin.o
 .rela.text.GX_SetZCompLoc
                0x80004194        0x0 c:/devkitpro/devkitppc/bin/../lib/gcc/powerpc-eabi/6.3.0/crtbegin.o
 .rela.text.GX_SetPixelFmt
                0x80004194        0x0 c:/devkitpro/devkitppc/bin/../lib/gcc/powerpc-eabi/6.3.0/crtbegin.o
 .rela.text.GX_SetDither
                0x80004194        0x0 c:/devkitpro/devkitppc/bin/../lib/gcc/powerpc-eabi/6.3.0/crtbegin.o
 .rela.text.GX_SetDstAlpha
                0x80004194        0x0 c:/devkitpro/devkitppc/bin/../lib/gcc/powerpc-eabi/6.3.0/crtbegin.o
 .rela.text.GX_SetFieldMode
                0x80004194        0x0 c:/devkitpro/devkitppc/bin/../lib/gcc/powerpc-eabi/6.3.0/crtbegin.o
 .rela.text.GX_SetIndTexOrder
                0x80004194        0x0 c:/devkitpro/devkitppc/bin/../lib/gcc/powerpc-eabi/6.3.0/crtbegin.o
 .rela.text.GX_SetGPMetric
                0x80004194        0x0 c:/devkitpro/devkitppc/bin/../lib/gcc/powerpc-eabi/6.3.0/crtbegin.o
 .rela.text.GX_Init
                0x80004194        0x0 c:/devkitpro/devkitppc/bin/../lib/gcc/powerpc-eabi/6.3.0/crtbegin.o
 .rela.text.GX_ReadGPMetric
                0x80004194        0x0 c:/devkitpro/devkitppc/bin/../lib/gcc/powerpc-eabi/6.3.0/crtbegin.o
 .rela.text.c_decrementer_handler
                0x80004194        0x0 c:/devkitpro/devkitppc/bin/../lib/gcc/powerpc-eabi/6.3.0/crtbegin.o
 .rela.text.__lwp_mqbox_init
                0x80004194        0x0 c:/devkitpro/devkitppc/bin/../lib/gcc/powerpc-eabi/6.3.0/crtbegin.o
 .rela.text.MQ_Init
                0x80004194        0x0 c:/devkitpro/devkitppc/bin/../lib/gcc/powerpc-eabi/6.3.0/crtbegin.o
 .rela.text.MQ_Close
                0x80004194        0x0 c:/devkitpro/devkitppc/bin/../lib/gcc/powerpc-eabi/6.3.0/crtbegin.o
 .rela.text.MQ_Send
                0x80004194        0x0 c:/devkitpro/devkitppc/bin/../lib/gcc/powerpc-eabi/6.3.0/crtbegin.o
 .rela.text.MQ_Receive
                0x80004194        0x0 c:/devkitpro/devkitppc/bin/../lib/gcc/powerpc-eabi/6.3.0/crtbegin.o
 .rela.text.MQ_Jam
                0x80004194        0x0 c:/devkitpro/devkitppc/bin/../lib/gcc/powerpc-eabi/6.3.0/crtbegin.o
 .rela.text.__ios_ioctlvformat_parse
                0x80004194        0x0 c:/devkitpro/devkitppc/bin/../lib/gcc/powerpc-eabi/6.3.0/crtbegin.o
 .rela.text.__ioctlvfmtCB
                0x80004194        0x0 c:/devkitpro/devkitppc/bin/../lib/gcc/powerpc-eabi/6.3.0/crtbegin.o
 .rela.text.IOS_IoctlvFormat
                0x80004194        0x0 c:/devkitpro/devkitppc/bin/../lib/gcc/powerpc-eabi/6.3.0/crtbegin.o
 .rela.text.IOS_IoctlvFormatAsync
                0x80004194        0x0 c:/devkitpro/devkitppc/bin/../lib/gcc/powerpc-eabi/6.3.0/crtbegin.o
 .rela.text.nanosleep
                0x80004194        0x0 c:/devkitpro/devkitppc/bin/../lib/gcc/powerpc-eabi/6.3.0/crtbegin.o
 .rela.text.__libc_delete_hook
                0x80004194        0x0 c:/devkitpro/devkitppc/bin/../lib/gcc/powerpc-eabi/6.3.0/crtbegin.o
 .rela.text.__libc_init
                0x80004194        0x0 c:/devkitpro/devkitppc/bin/../lib/gcc/powerpc-eabi/6.3.0/crtbegin.o
 .rela.text.__CheckARGV
                0x80004194        0x0 c:/devkitpro/devkitppc/bin/../lib/gcc/powerpc-eabi/6.3.0/crtbegin.o
 .rela.text.__lwp_priority_init
                0x80004194        0x0 c:/devkitpro/devkitppc/bin/../lib/gcc/powerpc-eabi/6.3.0/crtbegin.o
 .rela.text.__lwp_threadqueue_enqueuefifo
                0x80004194        0x0 c:/devkitpro/devkitppc/bin/../lib/gcc/powerpc-eabi/6.3.0/crtbegin.o
 .rela.text.__lwp_threadqueue_dequeuefifo
                0x80004194        0x0 c:/devkitpro/devkitppc/bin/../lib/gcc/powerpc-eabi/6.3.0/crtbegin.o
 .rela.text.__lwp_threadqueue_enqueuepriority
                0x80004194        0x0 c:/devkitpro/devkitppc/bin/../lib/gcc/powerpc-eabi/6.3.0/crtbegin.o
 .rela.text.__lwp_threadqueue_dequeuepriority
                0x80004194        0x0 c:/devkitpro/devkitppc/bin/../lib/gcc/powerpc-eabi/6.3.0/crtbegin.o
 .rela.text.__lwp_threadqueue_enqueue
                0x80004194        0x0 c:/devkitpro/devkitppc/bin/../lib/gcc/powerpc-eabi/6.3.0/crtbegin.o
 .rela.text.__lwp_threadqueue_extractfifo
                0x80004194        0x0 c:/devkitpro/devkitppc/bin/../lib/gcc/powerpc-eabi/6.3.0/crtbegin.o
 .rela.text.__lwp_threadqueue_extractpriority
                0x80004194        0x0 c:/devkitpro/devkitppc/bin/../lib/gcc/powerpc-eabi/6.3.0/crtbegin.o
 .rela.text.__lwpmq_initialize
                0x80004194        0x0 c:/devkitpro/devkitppc/bin/../lib/gcc/powerpc-eabi/6.3.0/crtbegin.o
 .rela.text.__lwpmq_close
                0x80004194        0x0 c:/devkitpro/devkitppc/bin/../lib/gcc/powerpc-eabi/6.3.0/crtbegin.o
 .rela.text.__systemcall_init
                0x80004194        0x0 c:/devkitpro/devkitppc/bin/../lib/gcc/powerpc-eabi/6.3.0/crtbegin.o
 .rela.text.__exception_init
                0x80004194        0x0 c:/devkitpro/devkitppc/bin/../lib/gcc/powerpc-eabi/6.3.0/crtbegin.o
 .rela.text.__exception_close
                0x80004194        0x0 c:/devkitpro/devkitppc/bin/../lib/gcc/powerpc-eabi/6.3.0/crtbegin.o
 .rela.text.__exception_sethandler
                0x80004194        0x0 c:/devkitpro/devkitppc/bin/../lib/gcc/powerpc-eabi/6.3.0/crtbegin.o
 .rela.text     0x80004194        0x0 c:/devkitpro/devkitppc/bin/../lib/gcc/powerpc-eabi/6.3.0/crtbegin.o
 .rela.text.__lwp_sema_init
                0x80004194        0x0 c:/devkitpro/devkitppc/bin/../lib/gcc/powerpc-eabi/6.3.0/crtbegin.o
 .rela.text.LWP_SemInit
                0x80004194        0x0 c:/devkitpro/devkitppc/bin/../lib/gcc/powerpc-eabi/6.3.0/crtbegin.o
 .rela.text.LWP_SemWait
                0x80004194        0x0 c:/devkitpro/devkitppc/bin/../lib/gcc/powerpc-eabi/6.3.0/crtbegin.o
 .rela.text.LWP_SemPost
                0x80004194        0x0 c:/devkitpro/devkitppc/bin/../lib/gcc/powerpc-eabi/6.3.0/crtbegin.o
 .rela.text.LWP_SemDestroy
                0x80004194        0x0 c:/devkitpro/devkitppc/bin/../lib/gcc/powerpc-eabi/6.3.0/crtbegin.o
 .rela.text.__lwp_mutex_locksupp.constprop.8
                0x80004194        0x0 c:/devkitpro/devkitppc/bin/../lib/gcc/powerpc-eabi/6.3.0/crtbegin.o
 .rela.text.__lwp_mutex_init
                0x80004194        0x0 c:/devkitpro/devkitppc/bin/../lib/gcc/powerpc-eabi/6.3.0/crtbegin.o
 .rela.text.LWP_MutexInit
                0x80004194        0x0 c:/devkitpro/devkitppc/bin/../lib/gcc/powerpc-eabi/6.3.0/crtbegin.o
 .rela.text.LWP_MutexDestroy
                0x80004194        0x0 c:/devkitpro/devkitppc/bin/../lib/gcc/powerpc-eabi/6.3.0/crtbegin.o
 .rela.text.LWP_MutexUnlock
                0x80004194        0x0 c:/devkitpro/devkitppc/bin/../lib/gcc/powerpc-eabi/6.3.0/crtbegin.o
 .rela.text.kprintf
                0x80004194        0x0 c:/devkitpro/devkitppc/bin/../lib/gcc/powerpc-eabi/6.3.0/crtbegin.o
 .rela.text.__console_init
                0x80004194        0x0 c:/devkitpro/devkitppc/bin/../lib/gcc/powerpc-eabi/6.3.0/crtbegin.o
 .rela.text.__console_init_ex
                0x80004194        0x0 c:/devkitpro/devkitppc/bin/../lib/gcc/powerpc-eabi/6.3.0/crtbegin.o
 .rela.text.CON_EnableGecko
                0x80004194        0x0 c:/devkitpro/devkitppc/bin/../lib/gcc/powerpc-eabi/6.3.0/crtbegin.o
 .rela.text.atangent
                0x80004194        0x0 c:/devkitpro/devkitppc/bin/../lib/gcc/powerpc-eabi/6.3.0/crtbegin.o
 .rela.text.atangentf
                0x80004194        0x0 c:/devkitpro/devkitppc/bin/../lib/gcc/powerpc-eabi/6.3.0/crtbegin.o
 .rela.text.sinef
                0x80004194        0x0 c:/devkitpro/devkitppc/bin/../lib/gcc/powerpc-eabi/6.3.0/crtbegin.o
 .rela.text.sqrtf
                0x80004194        0x0 c:/devkitpro/devkitppc/bin/../lib/gcc/powerpc-eabi/6.3.0/crtbegin.o
 .rela.text.tanf
                0x80004194        0x0 c:/devkitpro/devkitppc/bin/../lib/gcc/powerpc-eabi/6.3.0/crtbegin.o
 .rela.text._exit
                0x80004194        0x0 c:/devkitpro/devkitppc/bin/../lib/gcc/powerpc-eabi/6.3.0/crtbegin.o
 .rela.text.calloc
                0x80004194        0x0 c:/devkitpro/devkitppc/bin/../lib/gcc/powerpc-eabi/6.3.0/crtbegin.o
 .rela.text.__errno
                0x80004194        0x0 c:/devkitpro/devkitppc/bin/../lib/gcc/powerpc-eabi/6.3.0/crtbegin.o
 .rela.text.exit
                0x80004194        0x0 c:/devkitpro/devkitppc/bin/../lib/gcc/powerpc-eabi/6.3.0/crtbegin.o
 .rela.text.fclose
                0x80004194        0x0 c:/devkitpro/devkitppc/bin/../lib/gcc/powerpc-eabi/6.3.0/crtbegin.o
 .rela.text.fflush
                0x80004194        0x0 c:/devkitpro/devkitppc/bin/../lib/gcc/powerpc-eabi/6.3.0/crtbegin.o
 .rela.text.std.isra.0
                0x80004194        0x0 c:/devkitpro/devkitppc/bin/../lib/gcc/powerpc-eabi/6.3.0/crtbegin.o
 .rela.text._cleanup
                0x80004194        0x0 c:/devkitpro/devkitppc/bin/../lib/gcc/powerpc-eabi/6.3.0/crtbegin.o
 .rela.text.__sfp
                0x80004194        0x0 c:/devkitpro/devkitppc/bin/../lib/gcc/powerpc-eabi/6.3.0/crtbegin.o
 .rela.text.__fp_lock_all
                0x80004194        0x0 c:/devkitpro/devkitppc/bin/../lib/gcc/powerpc-eabi/6.3.0/crtbegin.o
 .rela.text.__fp_unlock_all
                0x80004194        0x0 c:/devkitpro/devkitppc/bin/../lib/gcc/powerpc-eabi/6.3.0/crtbegin.o
 .rela.text._fopen_r
                0x80004194        0x0 c:/devkitpro/devkitppc/bin/../lib/gcc/powerpc-eabi/6.3.0/crtbegin.o
 .rela.text.fopen
                0x80004194        0x0 c:/devkitpro/devkitppc/bin/../lib/gcc/powerpc-eabi/6.3.0/crtbegin.o
 .rela.text.fprintf
                0x80004194        0x0 c:/devkitpro/devkitppc/bin/../lib/gcc/powerpc-eabi/6.3.0/crtbegin.o
 .rela.text.fread
                0x80004194        0x0 c:/devkitpro/devkitppc/bin/../lib/gcc/powerpc-eabi/6.3.0/crtbegin.o
 .rela.text._malloc_trim_r
                0x80004194        0x0 c:/devkitpro/devkitppc/bin/../lib/gcc/powerpc-eabi/6.3.0/crtbegin.o
 .rela.text._free_r
                0x80004194        0x0 c:/devkitpro/devkitppc/bin/../lib/gcc/powerpc-eabi/6.3.0/crtbegin.o
 .rela.text.fseek
                0x80004194        0x0 c:/devkitpro/devkitppc/bin/../lib/gcc/powerpc-eabi/6.3.0/crtbegin.o
 .rela.text._fseeko_r
                0x80004194        0x0 c:/devkitpro/devkitppc/bin/../lib/gcc/powerpc-eabi/6.3.0/crtbegin.o
 .rela.text.fseeko
                0x80004194        0x0 c:/devkitpro/devkitppc/bin/../lib/gcc/powerpc-eabi/6.3.0/crtbegin.o
 .rela.text.fwrite
                0x80004194        0x0 c:/devkitpro/devkitppc/bin/../lib/gcc/powerpc-eabi/6.3.0/crtbegin.o
 .rela.text.__loadlocale
                0x80004194        0x0 c:/devkitpro/devkitppc/bin/../lib/gcc/powerpc-eabi/6.3.0/crtbegin.o
 .rela.text._dtoa_r
                0x80004194        0x0 c:/devkitpro/devkitppc/bin/../lib/gcc/powerpc-eabi/6.3.0/crtbegin.o
 .rela.text._findenv_r
                0x80004194        0x0 c:/devkitpro/devkitppc/bin/../lib/gcc/powerpc-eabi/6.3.0/crtbegin.o

.rel.fini
 *(.rel.fini)

.rela.fini
 *(.rela.fini)

.rel.rodata
 *(.rel.rodata .rel.rodata.* .rel.gnu.linkonce.r.*)

.rela.rodata    0x80004194        0x0
 *(.rela.rodata .rela.rodata.* .rela.gnu.linkonce.r.*)
 .rela.rodata.__C_locale
                0x80004194        0x0 c:/devkitpro/devkitppc/bin/../lib/gcc/powerpc-eabi/6.3.0/crtbegin.o

.rel.data
 *(.rel.data .rel.data.* .rel.gnu.linkonce.d.*)

.rela.data      0x80004194        0x0
 *(.rela.data .rela.data.* .rela.gnu.linkonce.d.*)
 .rela.data.__global_locale
                0x80004194        0x0 c:/devkitpro/devkitppc/bin/../lib/gcc/powerpc-eabi/6.3.0/crtbegin.o

.rel.tdata
 *(.rel.tdata .rel.tdata.* .rel.gnu.linkonce.td.*)

.rela.tdata
 *(.rela.tdata .rela.tdata.* .rela.gnu.linkonce.td.*)

.rel.tbss
 *(.rel.tbss .rel.tbss.* .rel.gnu.linkonce.tb.*)

.rela.tbss
 *(.rela.tbss .rela.tbss.* .rela.gnu.linkonce.tb.*)

.rel.ctors
 *(.rel.ctors)

.rela.ctors
 *(.rela.ctors)

.rel.dtors
 *(.rel.dtors)

.rela.dtors
 *(.rela.dtors)

.rel.got
 *(.rel.got)

.rela.got
 *(.rela.got)

.rela.got1
 *(.rela.got1)

.rela.got2      0x80004194        0x0
 *(.rela.got2)
 .rela.got2     0x80004194        0x0 c:/devkitpro/devkitppc/bin/../lib/gcc/powerpc-eabi/6.3.0/crtbegin.o

.rel.sdata
 *(.rel.sdata .rel.sdata.* .rel.gnu.linkonce.s.*)

.rela.sdata
 *(.rela.sdata .rela.sdata.* .rela.gnu.linkonce.s.*)

.rel.sbss
 *(.rel.sbss .rel.sbss.* .rel.gnu.linkonce.sb.*)

.rela.sbss
 *(.rela.sbss .rela.sbss.* .rel.gnu.linkonce.sb.*)

.rel.sdata2
 *(.rel.sdata2 .rel.sdata2.* .rel.gnu.linkonce.s2.*)

.rela.sdata2    0x80004194        0x0
 *(.rela.sdata2 .rela.sdata2.* .rela.gnu.linkonce.s2.*)
 .rela.sdata2.__sys_inIPL
                0x80004194        0x0 c:/devkitpro/devkitppc/bin/../lib/gcc/powerpc-eabi/6.3.0/crtbegin.o

.rel.sbss2
 *(.rel.sbss2 .rel.sbss2.* .rel.gnu.linkonce.sb2.*)

.rela.sbss2
 *(.rela.sbss2 .rela.sbss2.* .rela.gnu.linkonce.sb2.*)

.rel.bss
 *(.rel.bss .rel.bss.* .rel.gnu.linkonce.b.*)

.rela.bss
 *(.rela.bss .rela.bss.* .rela.gnu.linkonce.b.*)

.rel.plt
 *(.rel.plt)

.rela.plt
 *(.rela.plt)

.text           0x800041a0    0x3b000
 *(.text)
 .text          0x800041a0      0x44c C:/devkitPro/libogc/lib/wii\libogc.a(lwp_handler.o)
                0x800041a0                _cpu_context_save_fp
                0x800042e0                _cpu_context_restore_fp
                0x80004420                _cpu_context_switch
                0x80004500                _cpu_context_save
                0x80004580                _cpu_context_restore
 .text          0x800045ec      0x4a0 C:/devkitPro/libogc/lib/wii\libogc.a(system_asm.o)
                0x800045ec                __realmode
                0x80004604                __configBATS
                0x80004734                __InitFPRS
                0x80004860                __InitPS
                0x800048bc                __InitCache
                0x80004914                __InitSystem
                0x8000499c                __flush_cache
                0x800049d0                __reset
                0x80004a40                __InitBATS
                0x80004a5c                SYS_SwitchFiber
 .text          0x80004a8c      0x8dc C:/devkitPro/libogc/lib/wii\libogc.a(gu_psasm.o)
                0x80004a8c                ps_guMtxConcat
                0x80004b50                ps_guMtxIdentity
                0x80004b7c                ps_guMtxCopy
                0x80004bb0                ps_guMtxTranspose
                0x80004c00                ps_guMtxInverse
                0x80004cf8                ps_guMtxInvXpose
                0x80004dc0                ps_guMtxScale
                0x80004de8                ps_guMtxScaleApply
                0x80004e40                ps_guMtxApplyScale
                0x80004ea4                ps_guMtxTrans
                0x80004ed8                ps_guMtxTransApply
                0x80004f24                ps_guMtxApplyTrans
                0x80004fa0                ps_guMtxRotTrig
                0x80005050                __ps_guMtxRotAxisRadInternal
                0x80005110                ps_guMtxReflect
                0x80005180                ps_guVecAdd
                0x800051a4                ps_guVecSub
                0x800051c8                ps_guVecScale
                0x800051e4                ps_guVecNormalize
                0x80005228                ps_guVecCross
                0x80005264                ps_guVecDotProduct
                0x80005284                ps_guVecMultiply
                0x800052d8                ps_guVecMultiplySR
                0x80005348                ps_guQuatDotProduct
 .text          0x80005368      0x1ac C:/devkitPro/libogc/lib/wii\libogc.a(irq_handler.o)
                0x80005368                irq_exceptionhandler
 .text          0x80005514      0x4f4 C:/devkitPro/libogc/lib/wii\libogc.a(cache_asm.o)
                0x80005514                DCFlashInvalidate
                0x80005528                DCEnable
                0x8000553c                DCDisable
                0x80005550                DCFreeze
                0x80005564                DCUnfreeze
                0x80005578                DCTouchLoad
                0x80005580                DCBlockZero
                0x80005588                DCBlockStore
                0x80005590                DCBlockFlush
                0x80005598                DCBlockInvalidate
                0x800055a0                DCInvalidateRange
                0x800055d0                DCFlushRange
                0x80005604                DCStoreRange
                0x80005638                DCFlushRangeNoSync
                0x80005668                DCStoreRangeNoSync
                0x80005698                DCZeroRange
                0x800056c8                DCTouchRange
                0x800056f8                ICInvalidateRange
                0x80005730                ICFlashInvalidate
                0x80005744                ICEnable
                0x80005758                ICDisable
                0x8000576c                ICFreeze
                0x80005780                ICUnfreeze
                0x80005794                ICBlockInvalidate
                0x8000579c                ICSync
                0x800057a4                L2Init
                0x800057ec                L2Enable
                0x80005808                L2Disable
                0x80005820                L2GlobalInvalidate
                0x80005878                __LCEnable
                0x80005944                LCDisable
                0x8000596c                LCAllocOneTag
                0x80005980                LCAllocTags
                0x800059c0                LCLoadBlocks
                0x800059e4                LCStoreBlocks
 .text          0x80005a08      0x1ac C:/devkitPro/libogc/lib/wii\libogc.a(decrementer_handler.o)
                0x80005a08                dec_exceptionhandler
 .text          0x80005bb4      0x35c C:/devkitPro/libogc/lib/wii\libogc.a(exception_handler.o)
                0x80005bb4                exceptionhandler_start
                0x80005c30                exceptionhandler_patch
                0x80005c64                exceptionhandler_end
                0x80005c68                default_exceptionhandler
                0x80005d98                fpu_exceptionhandler
                0x80005ee0                systemcallhandler_start
                0x80005f0c                systemcallhandler_end
 .text          0x80005f10       0x48 c:/devkitpro/devkitppc/bin/../lib/gcc/powerpc-eabi/6.3.0\libgcc.a(eabi.o)
                0x80005f10                __eabi
 *(.text.*)
 .text.deregister_tm_clones
                0x80005f58       0x38 c:/devkitpro/devkitppc/bin/../lib/gcc/powerpc-eabi/6.3.0/crtbegin.o
 .text.register_tm_clones
                0x80005f90       0x3c c:/devkitpro/devkitppc/bin/../lib/gcc/powerpc-eabi/6.3.0/crtbegin.o
 .text.__do_global_dtors_aux
                0x80005fcc       0xd4 c:/devkitpro/devkitppc/bin/../lib/gcc/powerpc-eabi/6.3.0/crtbegin.o
 .text.frame_dummy
                0x800060a0       0x74 c:/devkitpro/devkitppc/bin/../lib/gcc/powerpc-eabi/6.3.0/crtbegin.o
 .text.__crtmain
                0x80006114       0x44 c:/devkitpro/devkitppc/bin/../lib/gcc/powerpc-eabi/6.3.0/../../../../powerpc-eabi/lib/crtmain.o
                0x80006118                __crtmain
 .text.drawSpriteTex
                0x80006158      0x194 gxsprites.o
                0x80006158                drawSpriteTex
 .text.startup.main
                0x800062ec      0x5d4 gxsprites.o
                0x800062ec                main
 .text.__wpad_assign_slot
                0x800068c0      0x20c C:/devkitPro/libogc/lib/wii\libwiiuse.a(wpad.o)
                0x800068c0                __wpad_assign_slot
 .text.__wpad_def_powcb
                0x80006acc        0x4 C:/devkitPro/libogc/lib/wii\libwiiuse.a(wpad.o)
 .text.__wpad_disconnect
                0x80006ad0       0x4c C:/devkitPro/libogc/lib/wii\libwiiuse.a(wpad.o)
 .text.__readlinkkey_finished
                0x80006b1c       0x34 C:/devkitPro/libogc/lib/wii\libwiiuse.a(wpad.o)
 .text.__wpad_patch_finished
                0x80006b50       0x2c C:/devkitPro/libogc/lib/wii\libwiiuse.a(wpad.o)
 .text.__wpad_setfmt
                0x80006b7c      0x124 C:/devkitPro/libogc/lib/wii\libwiiuse.a(wpad.o)
 .text.__wpad_eventCB
                0x80006ca0      0xa48 C:/devkitPro/libogc/lib/wii\libwiiuse.a(wpad.o)
 .text.__wpad_disconnectCB
                0x800076e8       0xd4 C:/devkitPro/libogc/lib/wii\libwiiuse.a(wpad.o)
                0x800076e8                __wpad_disconnectCB
 .text.__wpad_timeouthandler
                0x800077bc       0xb0 C:/devkitPro/libogc/lib/wii\libwiiuse.a(wpad.o)
 .text.__initcore_finished
                0x8000786c       0x48 C:/devkitPro/libogc/lib/wii\libwiiuse.a(wpad.o)
 .text.__wpad_init_finished
                0x800078b4      0x1d0 C:/devkitPro/libogc/lib/wii\libwiiuse.a(wpad.o)
 .text.WPAD_ReadEvent
                0x80007a84      0x64c C:/devkitPro/libogc/lib/wii\libwiiuse.a(wpad.o)
                0x80007a84                WPAD_ReadEvent
 .text.WPAD_ReadPending
                0x800080d0      0x188 C:/devkitPro/libogc/lib/wii\libwiiuse.a(wpad.o)
                0x800080d0                WPAD_ReadPending
 .text.WPAD_ReadPending.part.5
                0x80008258       0x68 C:/devkitPro/libogc/lib/wii\libwiiuse.a(wpad.o)
 .text.WPAD_Shutdown
                0x800082c0       0xcc C:/devkitPro/libogc/lib/wii\libwiiuse.a(wpad.o)
                0x800082c0                WPAD_Shutdown
 .text.WPAD_Init
                0x8000838c      0x294 C:/devkitPro/libogc/lib/wii\libwiiuse.a(wpad.o)
                0x8000838c                WPAD_Init
 .text.__wpad_onreset
                0x80008620       0x34 C:/devkitPro/libogc/lib/wii\libwiiuse.a(wpad.o)
 .text.WPAD_ScanPads
                0x80008654        0x8 C:/devkitPro/libogc/lib/wii\libwiiuse.a(wpad.o)
                0x80008654                WPAD_ScanPads
 .text.WPAD_ButtonsDown
                0x8000865c       0x28 C:/devkitPro/libogc/lib/wii\libwiiuse.a(wpad.o)
                0x8000865c                WPAD_ButtonsDown
 .text.motion_plus_disconnected
                0x80008684       0x10 C:/devkitPro/libogc/lib/wii\libwiiuse.a(motion_plus.o)
                0x80008684                motion_plus_disconnected
 .text.motion_plus_event
                0x80008694       0x64 C:/devkitPro/libogc/lib/wii\libwiiuse.a(motion_plus.o)
                0x80008694                motion_plus_event
 .text.apply_smoothing.part.0
                0x800086f8       0x8c C:/devkitPro/libogc/lib/wii\libwiiuse.a(dynamics.o)
 .text.calculate_gforce
                0x80008784      0x114 C:/devkitPro/libogc/lib/wii\libwiiuse.a(dynamics.o)
                0x80008784                calculate_gforce
 .text.calc_joystick_state
                0x80008898      0x20c C:/devkitPro/libogc/lib/wii\libwiiuse.a(dynamics.o)
                0x80008898                calc_joystick_state
 .text.apply_smoothing
                0x80008aa4       0xa8 C:/devkitPro/libogc/lib/wii\libwiiuse.a(dynamics.o)
                0x80008aa4                apply_smoothing
 .text.calculate_orientation
                0x80008b4c      0x2f0 C:/devkitPro/libogc/lib/wii\libwiiuse.a(dynamics.o)
                0x80008b4c                calculate_orientation
 .text.calc_balanceboard_state
                0x80008e3c      0x3a4 C:/devkitPro/libogc/lib/wii\libwiiuse.a(dynamics.o)
                0x80008e3c                calc_balanceboard_state
 .text.wiiuse_handshake
                0x800091e0      0x1fc C:/devkitPro/libogc/lib/wii\libwiiuse.a(io.o)
                0x800091e0                wiiuse_handshake
 .text.wiiuse_handshake_expansion
                0x800093dc      0x228 C:/devkitPro/libogc/lib/wii\libwiiuse.a(io.o)
                0x800093dc                wiiuse_handshake_expansion
 .text.wiiuse_handshake_expansion_start
                0x80009604       0x24 C:/devkitPro/libogc/lib/wii\libwiiuse.a(io.o)
                0x80009604                wiiuse_handshake_expansion_start
 .text.wiiuse_disable_expansion
                0x80009628      0x1b0 C:/devkitPro/libogc/lib/wii\libwiiuse.a(io.o)
                0x80009628                wiiuse_disable_expansion
 .text.__wiiuse_connected
                0x800097d8       0x9c C:/devkitPro/libogc/lib/wii\libwiiuse.a(io_wii.o)
 .text.__wiiuse_disconnected
                0x80009874       0xb4 C:/devkitPro/libogc/lib/wii\libwiiuse.a(io_wii.o)
 .text.__wiiuse_receive
                0x80009928       0xbc C:/devkitPro/libogc/lib/wii\libwiiuse.a(io_wii.o)
 .text.__wiiuse_sensorbar_enable
                0x800099e4       0x54 C:/devkitPro/libogc/lib/wii\libwiiuse.a(io_wii.o)
                0x800099e4                __wiiuse_sensorbar_enable
 .text.wiiuse_register
                0x80009a38       0xe4 C:/devkitPro/libogc/lib/wii\libwiiuse.a(io_wii.o)
                0x80009a38                wiiuse_register
 .text.wiiuse_disconnect
                0x80009b1c       0x24 C:/devkitPro/libogc/lib/wii\libwiiuse.a(io_wii.o)
                0x80009b1c                wiiuse_disconnect
 .text.wiiuse_init_cmd_queue
                0x80009b40       0xa4 C:/devkitPro/libogc/lib/wii\libwiiuse.a(io_wii.o)
                0x80009b40                wiiuse_init_cmd_queue
 .text.wiiuse_io_write
                0x80009be4       0x1c C:/devkitPro/libogc/lib/wii\libwiiuse.a(io_wii.o)
                0x80009be4                wiiuse_io_write
 .text.get_ir_sens.isra.0
                0x80009c00       0xe4 C:/devkitPro/libogc/lib/wii\libwiiuse.a(ir.o)
 .text.rotate_dots
                0x80009ce4      0x11c C:/devkitPro/libogc/lib/wii\libwiiuse.a(ir.o)
 .text.wiiuse_set_ir_mode
                0x80009e00       0x88 C:/devkitPro/libogc/lib/wii\libwiiuse.a(ir.o)
                0x80009e00                wiiuse_set_ir_mode
 .text.wiiuse_set_ir
                0x80009e88      0x228 C:/devkitPro/libogc/lib/wii\libwiiuse.a(ir.o)
                0x80009e88                wiiuse_set_ir
 .text.wiiuse_set_ir_position
                0x8000a0b0       0x84 C:/devkitPro/libogc/lib/wii\libwiiuse.a(ir.o)
                0x8000a0b0                wiiuse_set_ir_position
 .text.wiiuse_set_aspect_ratio
                0x8000a134       0x44 C:/devkitPro/libogc/lib/wii\libwiiuse.a(ir.o)
                0x8000a134                wiiuse_set_aspect_ratio
 .text.wiiuse_set_ir_sensitivity
                0x8000a178      0x138 C:/devkitPro/libogc/lib/wii\libwiiuse.a(ir.o)
                0x8000a178                wiiuse_set_ir_sensitivity
 .text.calculate_basic_ir
                0x8000a2b0       0xec C:/devkitPro/libogc/lib/wii\libwiiuse.a(ir.o)
                0x8000a2b0                calculate_basic_ir
 .text.calculate_extended_ir
                0x8000a39c       0x70 C:/devkitPro/libogc/lib/wii\libwiiuse.a(ir.o)
                0x8000a39c                calculate_extended_ir
 .text.find_sensorbar
                0x8000a40c      0x940 C:/devkitPro/libogc/lib/wii\libwiiuse.a(ir.o)
                0x8000a40c                find_sensorbar
 .text.apply_ir_smoothing
                0x8000ad4c      0x100 C:/devkitPro/libogc/lib/wii\libwiiuse.a(ir.o)
                0x8000ad4c                apply_ir_smoothing
 .text.interpret_ir_data
                0x8000ae4c      0x3cc C:/devkitPro/libogc/lib/wii\libwiiuse.a(ir.o)
                0x8000ae4c                interpret_ir_data
 .text.nunchuk_handshake
                0x8000b218      0x2d8 C:/devkitPro/libogc/lib/wii\libwiiuse.a(nunchuk.o)
                0x8000b218                nunchuk_handshake
 .text.nunchuk_disconnected
                0x8000b4f0        0xc C:/devkitPro/libogc/lib/wii\libwiiuse.a(nunchuk.o)
                0x8000b4f0                nunchuk_disconnected
 .text.nunchuk_event
                0x8000b4fc       0xe0 C:/devkitPro/libogc/lib/wii\libwiiuse.a(nunchuk.o)
                0x8000b4fc                nunchuk_event
 .text.wii_board_handshake
                0x8000b5dc      0x2a4 C:/devkitPro/libogc/lib/wii\libwiiuse.a(wiiboard.o)
                0x8000b5dc                wii_board_handshake
 .text.wii_board_disconnected
                0x8000b880        0xc C:/devkitPro/libogc/lib/wii\libwiiuse.a(wiiboard.o)
                0x8000b880                wii_board_disconnected
 .text.wii_board_event
                0x8000b88c       0x54 C:/devkitPro/libogc/lib/wii\libwiiuse.a(wiiboard.o)
                0x8000b88c                wii_board_event
 .text.wiiuse_send_next_command
                0x8000b8e0       0x50 C:/devkitPro/libogc/lib/wii\libwiiuse.a(wiiuse.o)
                0x8000b8e0                wiiuse_send_next_command
 .text.wiiuse_init
                0x8000b930      0x1d4 C:/devkitPro/libogc/lib/wii\libwiiuse.a(wiiuse.o)
                0x8000b930                wiiuse_init
 .text.wiiuse_set_flags
                0x8000bb04       0x24 C:/devkitPro/libogc/lib/wii\libwiiuse.a(wiiuse.o)
                0x8000bb04                wiiuse_set_flags
 .text.wiiuse_read_data
                0x8000bb28      0x140 C:/devkitPro/libogc/lib/wii\libwiiuse.a(wiiuse.o)
                0x8000bb28                wiiuse_read_data
 .text.wiiuse_write_data
                0x8000bc68      0x184 C:/devkitPro/libogc/lib/wii\libwiiuse.a(wiiuse.o)
                0x8000bc68                wiiuse_write_data
 .text.wiiuse_sendcmd
                0x8000bdec      0x154 C:/devkitPro/libogc/lib/wii\libwiiuse.a(wiiuse.o)
                0x8000bdec                wiiuse_sendcmd
 .text.wiiuse_set_report_type
                0x8000bf40      0x144 C:/devkitPro/libogc/lib/wii\libwiiuse.a(wiiuse.o)
                0x8000bf40                wiiuse_set_report_type
 .text.wiiuse_motion_sensing
                0x8000c084       0x7c C:/devkitPro/libogc/lib/wii\libwiiuse.a(wiiuse.o)
                0x8000c084                wiiuse_motion_sensing
 .text.wiiuse_status
                0x8000c100       0x4c C:/devkitPro/libogc/lib/wii\libwiiuse.a(wiiuse.o)
                0x8000c100                wiiuse_status
 .text.wiiuse_set_leds
                0x8000c14c       0x50 C:/devkitPro/libogc/lib/wii\libwiiuse.a(wiiuse.o)
                0x8000c14c                wiiuse_set_leds
 .text.wiiuse_set_speaker
                0x8000c19c      0x25c C:/devkitPro/libogc/lib/wii\libwiiuse.a(speaker.o)
                0x8000c19c                wiiuse_set_speaker
 .text.classic_ctrl_handshake
                0x8000c3f8      0x2b4 C:/devkitPro/libogc/lib/wii\libwiiuse.a(classic.o)
                0x8000c3f8                classic_ctrl_handshake
 .text.classic_ctrl_disconnected
                0x8000c6ac        0xc C:/devkitPro/libogc/lib/wii\libwiiuse.a(classic.o)
                0x8000c6ac                classic_ctrl_disconnected
 .text.classic_ctrl_event
                0x8000c6b8      0x164 C:/devkitPro/libogc/lib/wii\libwiiuse.a(classic.o)
                0x8000c6b8                classic_ctrl_event
 .text.handle_expansion
                0x8000c81c       0x54 C:/devkitPro/libogc/lib/wii\libwiiuse.a(events.o)
 .text.parse_event
                0x8000c870      0x710 C:/devkitPro/libogc/lib/wii\libwiiuse.a(events.o)
                0x8000c870                parse_event
 .text.guitar_hero_3_handshake
                0x8000cf80       0x70 C:/devkitPro/libogc/lib/wii\libwiiuse.a(guitar_hero_3.o)
                0x8000cf80                guitar_hero_3_handshake
 .text.guitar_hero_3_disconnected
                0x8000cff0        0xc C:/devkitPro/libogc/lib/wii\libwiiuse.a(guitar_hero_3.o)
                0x8000cff0                guitar_hero_3_disconnected
 .text.guitar_hero_3_event
                0x8000cffc       0x64 C:/devkitPro/libogc/lib/wii\libwiiuse.a(guitar_hero_3.o)
                0x8000cffc                guitar_hero_3_event
 .text.bt_alarmhandler
                0x8000d060       0x60 C:/devkitPro/libogc/lib/wii\libbte.a(bte.o)
 .text.__bte_send_pending_request
                0x8000d0c0      0x114 C:/devkitPro/libogc/lib/wii\libbte.a(bte.o)
 .text.acl_conn_complete
                0x8000d1d4       0x2c C:/devkitPro/libogc/lib/wii\libbte.a(bte.o)
                0x8000d1d4                acl_conn_complete
 .text.l2cap_disconnected_ind
                0x8000d200      0x180 C:/devkitPro/libogc/lib/wii\libbte.a(bte.o)
                0x8000d200                l2cap_disconnected_ind
 .text.bte_process_input
                0x8000d380      0x13c C:/devkitPro/libogc/lib/wii\libbte.a(bte.o)
 .text.l2cap_accepted
                0x8000d4bc      0x110 C:/devkitPro/libogc/lib/wii\libbte.a(bte.o)
                0x8000d4bc                l2cap_accepted
 .text.acl_wlp_completed
                0x8000d5cc        0x8 C:/devkitPro/libogc/lib/wii\libbte.a(bte.o)
                0x8000d5cc                acl_wlp_completed
 .text.l2cap_disconnect_cfm
                0x8000d5d4      0x180 C:/devkitPro/libogc/lib/wii\libbte.a(bte.o)
                0x8000d5d4                l2cap_disconnect_cfm
 .text.__bte_shutdown_finished
                0x8000d754       0xd8 C:/devkitPro/libogc/lib/wii\libbte.a(bte.o)
 .text.bte_hci_apply_patch_complete
                0x8000d82c      0x154 C:/devkitPro/libogc/lib/wii\libbte.a(bte.o)
                0x8000d82c                bte_hci_apply_patch_complete
 .text.bte_hci_initsub_complete
                0x8000d980      0x234 C:/devkitPro/libogc/lib/wii\libbte.a(bte.o)
                0x8000d980                bte_hci_initsub_complete
 .text.bte_hci_initcore_complete
                0x8000dbb4      0x1f0 C:/devkitPro/libogc/lib/wii\libbte.a(bte.o)
                0x8000dbb4                bte_hci_initcore_complete
 .text.bte_read_stored_link_key_complete
                0x8000dda4      0x278 C:/devkitPro/libogc/lib/wii\libbte.a(bte.o)
                0x8000dda4                bte_read_stored_link_key_complete
 .text.bte_hci_initcore_complete2
                0x8000e01c      0x1e8 C:/devkitPro/libogc/lib/wii\libbte.a(bte.o)
                0x8000e01c                bte_hci_initcore_complete2
 .text.bte_hci_patch_complete
                0x8000e204      0x2e0 C:/devkitPro/libogc/lib/wii\libbte.a(bte.o)
                0x8000e204                bte_hci_patch_complete
 .text.BTE_Init
                0x8000e4e4      0x138 C:/devkitPro/libogc/lib/wii\libbte.a(bte.o)
                0x8000e4e4                BTE_Init
 .text.BTE_Shutdown
                0x8000e61c      0x11c C:/devkitPro/libogc/lib/wii\libbte.a(bte.o)
                0x8000e61c                BTE_Shutdown
 .text.BTE_InitCore
                0x8000e738       0x94 C:/devkitPro/libogc/lib/wii\libbte.a(bte.o)
                0x8000e738                BTE_InitCore
 .text.BTE_ApplyPatch
                0x8000e7cc       0xb8 C:/devkitPro/libogc/lib/wii\libbte.a(bte.o)
                0x8000e7cc                BTE_ApplyPatch
 .text.BTE_InitSub
                0x8000e884       0x98 C:/devkitPro/libogc/lib/wii\libbte.a(bte.o)
                0x8000e884                BTE_InitSub
 .text.BTE_ReadStoredLinkKey
                0x8000e91c       0x98 C:/devkitPro/libogc/lib/wii\libbte.a(bte.o)
                0x8000e91c                BTE_ReadStoredLinkKey
 .text.BTE_SetDisconnectCallback
                0x8000e9b4        0x4 C:/devkitPro/libogc/lib/wii\libbte.a(bte.o)
                0x8000e9b4                BTE_SetDisconnectCallback
 .text.bte_new  0x8000e9b8       0x54 C:/devkitPro/libogc/lib/wii\libbte.a(bte.o)
                0x8000e9b8                bte_new
 .text.bte_registerdeviceasync
                0x8000ea0c      0x154 C:/devkitPro/libogc/lib/wii\libbte.a(bte.o)
                0x8000ea0c                bte_registerdeviceasync
 .text.bte_disconnect
                0x8000eb60       0xd8 C:/devkitPro/libogc/lib/wii\libbte.a(bte.o)
                0x8000eb60                bte_disconnect
 .text.bte_senddata
                0x8000ec38       0xdc C:/devkitPro/libogc/lib/wii\libbte.a(bte.o)
                0x8000ec38                bte_senddata
 .text.bte_arg  0x8000ed14       0x3c C:/devkitPro/libogc/lib/wii\libbte.a(bte.o)
                0x8000ed14                bte_arg
 .text.bte_received
                0x8000ed50       0x3c C:/devkitPro/libogc/lib/wii\libbte.a(bte.o)
                0x8000ed50                bte_received
 .text.bte_disconnected
                0x8000ed8c       0x3c C:/devkitPro/libogc/lib/wii\libbte.a(bte.o)
                0x8000ed8c                bte_disconnected
 .text.hci_init
                0x8000edc8       0x7c C:/devkitPro/libogc/lib/wii\libbte.a(hci.o)
                0x8000edc8                hci_init
 .text.hci_new  0x8000ee44       0x48 C:/devkitPro/libogc/lib/wii\libbte.a(hci.o)
                0x8000ee44                hci_new
 .text.hci_get_link
                0x8000ee8c       0x84 C:/devkitPro/libogc/lib/wii\libbte.a(hci.o)
                0x8000ee8c                hci_get_link
 .text.hci_close
                0x8000ef10       0xd8 C:/devkitPro/libogc/lib/wii\libbte.a(hci.o)
                0x8000ef10                hci_close
 .text.hci_reset_all
                0x8000efe8       0xbc C:/devkitPro/libogc/lib/wii\libbte.a(hci.o)
                0x8000efe8                hci_reset_all
 .text.hci_arg  0x8000f0a4        0xc C:/devkitPro/libogc/lib/wii\libbte.a(hci.o)
                0x8000f0a4                hci_arg
 .text.hci_cmd_complete
                0x8000f0b0        0xc C:/devkitPro/libogc/lib/wii\libbte.a(hci.o)
                0x8000f0b0                hci_cmd_complete
 .text.hci_connection_complete
                0x8000f0bc        0xc C:/devkitPro/libogc/lib/wii\libbte.a(hci.o)
                0x8000f0bc                hci_connection_complete
 .text.hci_wlp_complete
                0x8000f0c8        0xc C:/devkitPro/libogc/lib/wii\libbte.a(hci.o)
                0x8000f0c8                hci_wlp_complete
 .text.hci_reset
                0x8000f0d4       0xa8 C:/devkitPro/libogc/lib/wii\libbte.a(hci.o)
                0x8000f0d4                hci_reset
 .text.hci_read_buffer_size
                0x8000f17c       0xa8 C:/devkitPro/libogc/lib/wii\libbte.a(hci.o)
                0x8000f17c                hci_read_buffer_size
 .text.hci_read_bd_addr
                0x8000f224       0xa8 C:/devkitPro/libogc/lib/wii\libbte.a(hci.o)
                0x8000f224                hci_read_bd_addr
 .text.hci_read_local_version
                0x8000f2cc       0xa4 C:/devkitPro/libogc/lib/wii\libbte.a(hci.o)
                0x8000f2cc                hci_read_local_version
 .text.hci_read_local_features
                0x8000f370       0xa8 C:/devkitPro/libogc/lib/wii\libbte.a(hci.o)
                0x8000f370                hci_read_local_features
 .text.hci_read_stored_link_key
                0x8000f418       0xfc C:/devkitPro/libogc/lib/wii\libbte.a(hci.o)
                0x8000f418                hci_read_stored_link_key
 .text.hci_write_page_timeout
                0x8000f514       0xcc C:/devkitPro/libogc/lib/wii\libbte.a(hci.o)
                0x8000f514                hci_write_page_timeout
 .text.hci_write_scan_enable
                0x8000f5e0       0xb8 C:/devkitPro/libogc/lib/wii\libbte.a(hci.o)
                0x8000f5e0                hci_write_scan_enable
 .text.hci_accecpt_conn_request
                0x8000f698       0xdc C:/devkitPro/libogc/lib/wii\libbte.a(hci.o)
                0x8000f698                hci_accecpt_conn_request
 .text.hci_write_local_name
                0x8000f774       0xd4 C:/devkitPro/libogc/lib/wii\libbte.a(hci.o)
                0x8000f774                hci_write_local_name
 .text.hci_write_pin_type
                0x8000f848       0xb8 C:/devkitPro/libogc/lib/wii\libbte.a(hci.o)
                0x8000f848                hci_write_pin_type
 .text.hci_write_inquiry_mode
                0x8000f900       0xb8 C:/devkitPro/libogc/lib/wii\libbte.a(hci.o)
                0x8000f900                hci_write_inquiry_mode
 .text.hci_write_page_scan_type
                0x8000f9b8       0xb8 C:/devkitPro/libogc/lib/wii\libbte.a(hci.o)
                0x8000f9b8                hci_write_page_scan_type
 .text.hci_write_inquiry_scan_type
                0x8000fa70       0xb8 C:/devkitPro/libogc/lib/wii\libbte.a(hci.o)
                0x8000fa70                hci_write_inquiry_scan_type
 .text.hci_vendor_specific_command
                0x8000fb28       0xe4 C:/devkitPro/libogc/lib/wii\libbte.a(hci.o)
                0x8000fb28                hci_vendor_specific_command
 .text.hci_write_link_policy_settings
                0x8000fc0c       0xfc C:/devkitPro/libogc/lib/wii\libbte.a(hci.o)
                0x8000fc0c                hci_write_link_policy_settings
 .text.hci_pin_code_request_neg_reply
                0x8000fd08       0xc8 C:/devkitPro/libogc/lib/wii\libbte.a(hci.o)
                0x8000fd08                hci_pin_code_request_neg_reply
 .text.hci_link_key_req_neg_reply
                0x8000fdd0       0xc8 C:/devkitPro/libogc/lib/wii\libbte.a(hci.o)
                0x8000fdd0                hci_link_key_req_neg_reply
 .text.hci_disconnect
                0x8000fe98       0xf4 C:/devkitPro/libogc/lib/wii\libbte.a(hci.o)
                0x8000fe98                hci_disconnect
 .text.hci_write_cod
                0x8000ff8c       0xc8 C:/devkitPro/libogc/lib/wii\libbte.a(hci.o)
                0x8000ff8c                hci_write_cod
 .text.hci_host_buffer_size
                0x80010054      0x108 C:/devkitPro/libogc/lib/wii\libbte.a(hci.o)
                0x80010054                hci_host_buffer_size
 .text.hci_host_num_comp_packets
                0x8001015c      0x104 C:/devkitPro/libogc/lib/wii\libbte.a(hci.o)
                0x8001015c                hci_host_num_comp_packets
 .text.lp_pdu_maxsize
                0x80010260        0xc C:/devkitPro/libogc/lib/wii\libbte.a(hci.o)
                0x80010260                lp_pdu_maxsize
 .text.lp_acl_write
                0x8001026c      0x16c C:/devkitPro/libogc/lib/wii\libbte.a(hci.o)
                0x8001026c                lp_acl_write
 .text.lp_write_flush_timeout
                0x800103d8       0xfc C:/devkitPro/libogc/lib/wii\libbte.a(hci.o)
                0x800103d8                lp_write_flush_timeout
 .text.hci_event_handler
                0x800104d4      0xb7c C:/devkitPro/libogc/lib/wii\libbte.a(hci.o)
                0x800104d4                hci_event_handler
 .text.hci_acldata_handler
                0x80011050      0x120 C:/devkitPro/libogc/lib/wii\libbte.a(hci.o)
                0x80011050                hci_acldata_handler
 .text.l2cap_init
                0x80011170       0x60 C:/devkitPro/libogc/lib/wii\libbte.a(l2cap.o)
                0x80011170                l2cap_init
 .text.l2cap_write
                0x800111d0      0x158 C:/devkitPro/libogc/lib/wii\libbte.a(l2cap.o)
                0x800111d0                l2cap_write
 .text.l2cap_new
                0x80011328       0x74 C:/devkitPro/libogc/lib/wii\libbte.a(l2cap.o)
                0x80011328                l2cap_new
 .text.l2cap_close
                0x8001139c      0x1b4 C:/devkitPro/libogc/lib/wii\libbte.a(l2cap.o)
                0x8001139c                l2cap_close
 .text.l2cap_reset_all
                0x80011550      0x17c C:/devkitPro/libogc/lib/wii\libbte.a(l2cap.o)
                0x80011550                l2cap_reset_all
 .text.l2cap_signal
                0x800116cc      0x21c C:/devkitPro/libogc/lib/wii\libbte.a(l2cap.o)
                0x800116cc                l2cap_signal
 .text.l2ca_config_req
                0x800118e8      0x138 C:/devkitPro/libogc/lib/wii\libbte.a(l2cap.o)
                0x800118e8                l2ca_config_req
 .text.l2ca_disconnect_req
                0x80011a20       0xc4 C:/devkitPro/libogc/lib/wii\libbte.a(l2cap.o)
                0x80011a20                l2ca_disconnect_req
 .text.l2cap_tmr
                0x80011ae4      0x288 C:/devkitPro/libogc/lib/wii\libbte.a(l2cap.o)
                0x80011ae4                l2cap_tmr
 .text.l2cap_process_sig
                0x80011d6c     0x1270 C:/devkitPro/libogc/lib/wii\libbte.a(l2cap.o)
                0x80011d6c                l2cap_process_sig
 .text.l2cap_input
                0x80012fdc      0x564 C:/devkitPro/libogc/lib/wii\libbte.a(l2cap.o)
                0x80012fdc                l2cap_input
 .text.l2ca_datawrite
                0x80013540      0x128 C:/devkitPro/libogc/lib/wii\libbte.a(l2cap.o)
                0x80013540                l2ca_datawrite
 .text.lp_connect_cfm
                0x80013668      0x148 C:/devkitPro/libogc/lib/wii\libbte.a(l2cap.o)
                0x80013668                lp_connect_cfm
 .text.lp_connect_ind
                0x800137b0        0x4 C:/devkitPro/libogc/lib/wii\libbte.a(l2cap.o)
                0x800137b0                lp_connect_ind
 .text.lp_disconnect_ind
                0x800137b4      0x134 C:/devkitPro/libogc/lib/wii\libbte.a(l2cap.o)
                0x800137b4                lp_disconnect_ind
 .text.l2cap_disconnect_bb
                0x800138e8       0x10 C:/devkitPro/libogc/lib/wii\libbte.a(l2cap.o)
                0x800138e8                l2cap_disconnect_bb
 .text.l2cap_arg
                0x800138f8        0x8 C:/devkitPro/libogc/lib/wii\libbte.a(l2cap.o)
                0x800138f8                l2cap_arg
 .text.l2cap_connect_ind
                0x80013900      0x104 C:/devkitPro/libogc/lib/wii\libbte.a(l2cap.o)
                0x80013900                l2cap_connect_ind
 .text.l2cap_disconnect_ind
                0x80013a04        0x8 C:/devkitPro/libogc/lib/wii\libbte.a(l2cap.o)
                0x80013a04                l2cap_disconnect_ind
 .text.l2cap_recv
                0x80013a0c        0x8 C:/devkitPro/libogc/lib/wii\libbte.a(l2cap.o)
                0x80013a0c                l2cap_recv
 .text.btmemb_init
                0x80013a14       0x24 C:/devkitPro/libogc/lib/wii\libbte.a(btmemb.o)
                0x80013a14                btmemb_init
 .text.btmemb_alloc
                0x80013a38       0xb0 C:/devkitPro/libogc/lib/wii\libbte.a(btmemb.o)
                0x80013a38                btmemb_alloc
 .text.btmemb_free
                0x80013ae8       0xb0 C:/devkitPro/libogc/lib/wii\libbte.a(btmemb.o)
                0x80013ae8                btmemb_free
 .text.plug_holes
                0x80013b98       0xa4 C:/devkitPro/libogc/lib/wii\libbte.a(btmemr.o)
 .text.btmemr_free.part.0
                0x80013c3c       0x7c C:/devkitPro/libogc/lib/wii\libbte.a(btmemr.o)
 .text.btmemr_init
                0x80013cb8       0xa4 C:/devkitPro/libogc/lib/wii\libbte.a(btmemr.o)
                0x80013cb8                btmemr_init
 .text.btmemr_malloc
                0x80013d5c      0x190 C:/devkitPro/libogc/lib/wii\libbte.a(btmemr.o)
                0x80013d5c                btmemr_malloc
 .text.btmemr_free
                0x80013eec       0x28 C:/devkitPro/libogc/lib/wii\libbte.a(btmemr.o)
                0x80013eec                btmemr_free
 .text.btmemr_realloc
                0x80013f14      0x11c C:/devkitPro/libogc/lib/wii\libbte.a(btmemr.o)
                0x80013f14                btmemr_realloc
 .text.btpbuf_init
                0x80014030       0x28 C:/devkitPro/libogc/lib/wii\libbte.a(btpbuf.o)
                0x80014030                btpbuf_init
 .text.btpbuf_free
                0x80014058      0x15c C:/devkitPro/libogc/lib/wii\libbte.a(btpbuf.o)
                0x80014058                btpbuf_free
 .text.btpbuf_alloc
                0x800141b4      0x234 C:/devkitPro/libogc/lib/wii\libbte.a(btpbuf.o)
                0x800141b4                btpbuf_alloc
 .text.btpbuf_realloc
                0x800143e8       0xc4 C:/devkitPro/libogc/lib/wii\libbte.a(btpbuf.o)
                0x800143e8                btpbuf_realloc
 .text.btpbuf_header
                0x800144ac       0x94 C:/devkitPro/libogc/lib/wii\libbte.a(btpbuf.o)
                0x800144ac                btpbuf_header
 .text.btpbuf_ref
                0x80014540       0x4c C:/devkitPro/libogc/lib/wii\libbte.a(btpbuf.o)
                0x80014540                btpbuf_ref
 .text.btpbuf_chain
                0x8001458c       0xac C:/devkitPro/libogc/lib/wii\libbte.a(btpbuf.o)
                0x8001458c                btpbuf_chain
 .text.btpbuf_dechain
                0x80014638       0x84 C:/devkitPro/libogc/lib/wii\libbte.a(btpbuf.o)
                0x80014638                btpbuf_dechain
 .text.btpbuf_take
                0x800146bc      0x110 C:/devkitPro/libogc/lib/wii\libbte.a(btpbuf.o)
                0x800146bc                btpbuf_take
 .text.__usb_closeCB
                0x800147cc       0x10 C:/devkitPro/libogc/lib/wii\libbte.a(physbusif.o)
 .text.__writebulkmsgCB
                0x800147dc       0x3c C:/devkitPro/libogc/lib/wii\libbte.a(physbusif.o)
 .text.__writectrlmsgCB
                0x80014818       0x3c C:/devkitPro/libogc/lib/wii\libbte.a(physbusif.o)
 .text.__issue_intrread.part.0
                0x80014854       0x80 C:/devkitPro/libogc/lib/wii\libbte.a(physbusif.o)
 .text.__readintrdataCB
                0x800148d4      0x13c C:/devkitPro/libogc/lib/wii\libbte.a(physbusif.o)
 .text.__issue_bulkread.part.2
                0x80014a10       0x80 C:/devkitPro/libogc/lib/wii\libbte.a(physbusif.o)
 .text.__readbulkdataCB
                0x80014a90      0x13c C:/devkitPro/libogc/lib/wii\libbte.a(physbusif.o)
 .text.physbusif_init
                0x80014bcc      0x200 C:/devkitPro/libogc/lib/wii\libbte.a(physbusif.o)
                0x80014bcc                physbusif_init
 .text.physbusif_close
                0x80014dcc       0x20 C:/devkitPro/libogc/lib/wii\libbte.a(physbusif.o)
                0x80014dcc                physbusif_close
 .text.physbusif_shutdown
                0x80014dec       0x24 C:/devkitPro/libogc/lib/wii\libbte.a(physbusif.o)
                0x80014dec                physbusif_shutdown
 .text.physbusif_reset_all
                0x80014e10        0x4 C:/devkitPro/libogc/lib/wii\libbte.a(physbusif.o)
                0x80014e10                physbusif_reset_all
 .text.physbusif_output
                0x80014e14      0x1a8 C:/devkitPro/libogc/lib/wii\libbte.a(physbusif.o)
                0x80014e14                physbusif_output
 .text.__lwp_queue_initialize
                0x80014fbc       0x54 C:/devkitPro/libogc/lib/wii\libogc.a(lwp_queue.o)
                0x80014fbc                __lwp_queue_initialize
 .text.__lwp_queue_get
                0x80015010       0x64 C:/devkitPro/libogc/lib/wii\libogc.a(lwp_queue.o)
                0x80015010                __lwp_queue_get
 .text.__lwp_queue_append
                0x80015074       0x50 C:/devkitPro/libogc/lib/wii\libogc.a(lwp_queue.o)
                0x80015074                __lwp_queue_append
 .text.__lwp_isr_in_progress
                0x800150c4        0x8 C:/devkitPro/libogc/lib/wii\libogc.a(lwp_threads.o)
                0x800150c4                __lwp_isr_in_progress
 .text.__thread_dispatch_fp
                0x800150cc       0x90 C:/devkitPro/libogc/lib/wii\libogc.a(lwp_threads.o)
                0x800150cc                __thread_dispatch_fp
 .text.__thread_dispatch
                0x8001515c      0x11c C:/devkitPro/libogc/lib/wii\libogc.a(lwp_threads.o)
                0x8001515c                __thread_dispatch
 .text.__lwp_thread_resettimeslice
                0x80015278       0xf0 C:/devkitPro/libogc/lib/wii\libogc.a(lwp_threads.o)
                0x80015278                __lwp_thread_resettimeslice
 .text.__lwp_thread_tickle_timeslice
                0x80015368       0xcc C:/devkitPro/libogc/lib/wii\libogc.a(lwp_threads.o)
                0x80015368                __lwp_thread_tickle_timeslice
 .text.__lwp_thread_setstate
                0x80015434      0x158 C:/devkitPro/libogc/lib/wii\libogc.a(lwp_threads.o)
                0x80015434                __lwp_thread_setstate
 .text.__lwp_thread_clearstate
                0x8001558c       0xf0 C:/devkitPro/libogc/lib/wii\libogc.a(lwp_threads.o)
                0x8001558c                __lwp_thread_clearstate
 .text.__lwp_thread_delayended
                0x8001567c       0x48 C:/devkitPro/libogc/lib/wii\libogc.a(lwp_threads.o)
                0x8001567c                __lwp_thread_delayended
 .text.__lwp_thread_suspend
                0x800156c4      0x168 C:/devkitPro/libogc/lib/wii\libogc.a(lwp_threads.o)
                0x800156c4                __lwp_thread_suspend
 .text.__lwp_thread_settransient
                0x8001582c       0xbc C:/devkitPro/libogc/lib/wii\libogc.a(lwp_threads.o)
                0x8001582c                __lwp_thread_settransient
 .text.__lwp_thread_changepriority
                0x800158e8      0x1fc C:/devkitPro/libogc/lib/wii\libogc.a(lwp_threads.o)
                0x800158e8                __lwp_thread_changepriority
 .text.__lwp_thread_resume
                0x80015ae4      0x130 C:/devkitPro/libogc/lib/wii\libogc.a(lwp_threads.o)
                0x80015ae4                __lwp_thread_resume
 .text.__lwp_thread_ready
                0x80015c14       0xf8 C:/devkitPro/libogc/lib/wii\libogc.a(lwp_threads.o)
                0x80015c14                __lwp_thread_ready
 .text.__lwp_thread_init
                0x80015d0c      0x16c C:/devkitPro/libogc/lib/wii\libogc.a(lwp_threads.o)
                0x80015d0c                __lwp_thread_init
 .text.__lwp_thread_close
                0x80015e78      0x138 C:/devkitPro/libogc/lib/wii\libogc.a(lwp_threads.o)
                0x80015e78                __lwp_thread_close
 .text.__lwp_thread_closeall
                0x80015fb0       0xc0 C:/devkitPro/libogc/lib/wii\libogc.a(lwp_threads.o)
                0x80015fb0                __lwp_thread_closeall
 .text.__lwp_thread_exit
                0x80016070       0x5c C:/devkitPro/libogc/lib/wii\libogc.a(lwp_threads.o)
                0x80016070                __lwp_thread_exit
 .text.__lwp_thread_handler
                0x800160cc       0x74 C:/devkitPro/libogc/lib/wii\libogc.a(lwp_threads.o)
 .text.__lwp_thread_start
                0x80016140       0xcc C:/devkitPro/libogc/lib/wii\libogc.a(lwp_threads.o)
                0x80016140                __lwp_thread_start
 .text.__lwp_thread_startmultitasking
                0x8001620c       0xb0 C:/devkitPro/libogc/lib/wii\libogc.a(lwp_threads.o)
                0x8001620c                __lwp_thread_startmultitasking
 .text.__lwp_thread_stopmultitasking
                0x800162bc       0x58 C:/devkitPro/libogc/lib/wii\libogc.a(lwp_threads.o)
                0x800162bc                __lwp_thread_stopmultitasking
 .text.__lwp_thread_coreinit
                0x80016314       0xb0 C:/devkitPro/libogc/lib/wii\libogc.a(lwp_threads.o)
                0x80016314                __lwp_thread_coreinit
 .text.idle_func
                0x800163c4        0x4 C:/devkitPro/libogc/lib/wii\libogc.a(lwp.o)
 .text.__lwp_sysinit
                0x800163c8      0x118 C:/devkitPro/libogc/lib/wii\libogc.a(lwp.o)
                0x800163c8                __lwp_sysinit
 .text.LWP_SuspendThread
                0x800164e0       0xb4 C:/devkitPro/libogc/lib/wii\libogc.a(lwp.o)
                0x800164e0                LWP_SuspendThread
 .text.LWP_ResumeThread
                0x80016594       0xb8 C:/devkitPro/libogc/lib/wii\libogc.a(lwp.o)
                0x80016594                LWP_ResumeThread
 .text.LWP_GetSelf
                0x8001664c       0x28 C:/devkitPro/libogc/lib/wii\libogc.a(lwp.o)
                0x8001664c                LWP_GetSelf
 .text.LWP_InitQueue
                0x80016674      0x14c C:/devkitPro/libogc/lib/wii\libogc.a(lwp.o)
                0x80016674                LWP_InitQueue
 .text.LWP_CloseQueue
                0x800167c0       0xd8 C:/devkitPro/libogc/lib/wii\libogc.a(lwp.o)
                0x800167c0                LWP_CloseQueue
 .text.LWP_ThreadSleep
                0x80016898       0xfc C:/devkitPro/libogc/lib/wii\libogc.a(lwp.o)
                0x80016898                LWP_ThreadSleep
 .text.LWP_ThreadBroadcast
                0x80016994       0x8c C:/devkitPro/libogc/lib/wii\libogc.a(lwp.o)
                0x80016994                LWP_ThreadBroadcast
 .text.LWP_ThreadSignal
                0x80016a20       0x74 C:/devkitPro/libogc/lib/wii\libogc.a(lwp.o)
                0x80016a20                LWP_ThreadSignal
 .text.__lwp_stack_allocate
                0x80016a94       0x84 C:/devkitPro/libogc/lib/wii\libogc.a(lwp_stack.o)
                0x80016a94                __lwp_stack_allocate
 .text.__lwp_stack_free
                0x80016b18       0x1c C:/devkitPro/libogc/lib/wii\libogc.a(lwp_stack.o)
                0x80016b18                __lwp_stack_free
 .text.__lwp_wd_settimer.isra.3
                0x80016b34       0xd0 C:/devkitPro/libogc/lib/wii\libogc.a(lwp_watchdog.o)
 .text.__lwp_watchdog_init
                0x80016c04       0x2c C:/devkitPro/libogc/lib/wii\libogc.a(lwp_watchdog.o)
                0x80016c04                __lwp_watchdog_init
 .text.__lwp_wd_insert
                0x80016c30      0x1e8 C:/devkitPro/libogc/lib/wii\libogc.a(lwp_watchdog.o)
                0x80016c30                __lwp_wd_insert
 .text.__lwp_wd_remove
                0x80016e18      0x100 C:/devkitPro/libogc/lib/wii\libogc.a(lwp_watchdog.o)
                0x80016e18                __lwp_wd_remove
 .text.__lwp_wd_tickle
                0x80016f18      0x11c C:/devkitPro/libogc/lib/wii\libogc.a(lwp_watchdog.o)
                0x80016f18                __lwp_wd_tickle
 .text.__lwp_wkspace_init
                0x80017034       0xc8 C:/devkitPro/libogc/lib/wii\libogc.a(lwp_wkspace.o)
                0x80017034                __lwp_wkspace_init
 .text.__lwp_objmgr_initinfo
                0x800170fc      0x1a4 C:/devkitPro/libogc/lib/wii\libogc.a(lwp_objmgr.o)
                0x800170fc                __lwp_objmgr_initinfo
 .text.__lwp_objmgr_getisrdisable
                0x800172a0       0x68 C:/devkitPro/libogc/lib/wii\libogc.a(lwp_objmgr.o)
                0x800172a0                __lwp_objmgr_getisrdisable
 .text.__lwp_objmgr_getnoprotection
                0x80017308       0x24 C:/devkitPro/libogc/lib/wii\libogc.a(lwp_objmgr.o)
                0x80017308                __lwp_objmgr_getnoprotection
 .text.__lwp_objmgr_get
                0x8001732c       0x70 C:/devkitPro/libogc/lib/wii\libogc.a(lwp_objmgr.o)
                0x8001732c                __lwp_objmgr_get
 .text.__lwp_objmgr_allocate
                0x8001739c       0x78 C:/devkitPro/libogc/lib/wii\libogc.a(lwp_objmgr.o)
                0x8001739c                __lwp_objmgr_allocate
 .text.__lwp_objmgr_free
                0x80017414       0x60 C:/devkitPro/libogc/lib/wii\libogc.a(lwp_objmgr.o)
                0x80017414                __lwp_objmgr_free
 .text.__lwp_heap_init
                0x80017474       0xa8 C:/devkitPro/libogc/lib/wii\libogc.a(lwp_heap.o)
                0x80017474                __lwp_heap_init
 .text.__lwp_heap_allocate
                0x8001751c      0x180 C:/devkitPro/libogc/lib/wii\libogc.a(lwp_heap.o)
                0x8001751c                __lwp_heap_allocate
 .text.__lwp_heap_free
                0x8001769c      0x1a0 C:/devkitPro/libogc/lib/wii\libogc.a(lwp_heap.o)
                0x8001769c                __lwp_heap_free
 .text.__SetInterrupts
                0x8001783c      0x2a0 C:/devkitPro/libogc/lib/wii\libogc.a(irq.o)
 .text.c_irqdispatcher
                0x80017adc      0x284 C:/devkitPro/libogc/lib/wii\libogc.a(irq.o)
                0x80017adc                c_irqdispatcher
 .text.__UnmaskIrq
                0x80017d60       0x8c C:/devkitPro/libogc/lib/wii\libogc.a(irq.o)
                0x80017d60                __UnmaskIrq
 .text.__MaskIrq
                0x80017dec       0x8c C:/devkitPro/libogc/lib/wii\libogc.a(irq.o)
                0x80017dec                __MaskIrq
 .text.__irq_init
                0x80017e78       0x98 C:/devkitPro/libogc/lib/wii\libogc.a(irq.o)
                0x80017e78                __irq_init
 .text.IRQ_Request
                0x80017f10       0x54 C:/devkitPro/libogc/lib/wii\libogc.a(irq.o)
                0x80017f10                IRQ_Request
 .text.IRQ_GetHandler
                0x80017f64       0x48 C:/devkitPro/libogc/lib/wii\libogc.a(irq.o)
                0x80017f64                IRQ_GetHandler
 .text.IRQ_Disable
                0x80017fac       0x24 C:/devkitPro/libogc/lib/wii\libogc.a(irq.o)
                0x80017fac                IRQ_Disable
 .text.IRQ_Restore
                0x80017fd0       0x1c C:/devkitPro/libogc/lib/wii\libogc.a(irq.o)
                0x80017fd0                IRQ_Restore
 .text.__VISendI2CData.constprop.3
                0x80017fec      0x4a4 C:/devkitPro/libogc/lib/wii\libogc.a(video.o)
 .text.__VIWriteI2CRegister16
                0x80018490       0x44 C:/devkitPro/libogc/lib/wii\libogc.a(video.o)
 .text.__VIWriteI2CRegister8
                0x800184d4       0x38 C:/devkitPro/libogc/lib/wii\libogc.a(video.o)
 .text.__VISetYUVSEL
                0x8001850c       0x68 C:/devkitPro/libogc/lib/wii\libogc.a(video.o)
 .text.VIDEO_Configure
                0x80018574      0x7d8 C:/devkitPro/libogc/lib/wii\libogc.a(video.o)
                0x80018574                VIDEO_Configure
 .text.VIDEO_WaitVSync
                0x80018d4c       0x7c C:/devkitPro/libogc/lib/wii\libogc.a(video.o)
                0x80018d4c                VIDEO_WaitVSync
 .text.VIDEO_SetFramebuffer
                0x80018dc8      0x228 C:/devkitPro/libogc/lib/wii\libogc.a(video.o)
                0x80018dc8                VIDEO_SetFramebuffer
 .text.VIDEO_SetNextFramebuffer
                0x80018ff0      0x1d4 C:/devkitPro/libogc/lib/wii\libogc.a(video.o)
                0x80018ff0                VIDEO_SetNextFramebuffer
 .text.VIDEO_Flush
                0x800191c4      0x110 C:/devkitPro/libogc/lib/wii\libogc.a(video.o)
                0x800191c4                VIDEO_Flush
 .text.VIDEO_SetBlack
                0x800192d4      0x160 C:/devkitPro/libogc/lib/wii\libogc.a(video.o)
                0x800192d4                VIDEO_SetBlack
 .text.VIDEO_GetCurrentTvMode
                0x80019434       0x80 C:/devkitPro/libogc/lib/wii\libogc.a(video.o)
                0x80019434                VIDEO_GetCurrentTvMode
 .text.__VIRetraceHandler
                0x800194b4      0x2c0 C:/devkitPro/libogc/lib/wii\libogc.a(video.o)
 .text.__VISetupEncoder
                0x80019774      0x208 C:/devkitPro/libogc/lib/wii\libogc.a(video.o)
 .text.VIDEO_Init
                0x8001997c      0x410 C:/devkitPro/libogc/lib/wii\libogc.a(video.o)
                0x8001997c                VIDEO_Init
 .text.VIDEO_GetPreferredMode
                0x80019d8c      0x108 C:/devkitPro/libogc/lib/wii\libogc.a(video.o)
                0x80019d8c                VIDEO_GetPreferredMode
 .text.VIDEO_GetCurrentLine
                0x80019e94       0xa4 C:/devkitPro/libogc/lib/wii\libogc.a(video.o)
                0x80019e94                VIDEO_GetCurrentLine
 .text.VIDEO_GetFrameBufferSize
                0x80019f38       0x30 C:/devkitPro/libogc/lib/wii\libogc.a(video.o)
                0x80019f38                VIDEO_GetFrameBufferSize
 .text.__call_resetfuncs
                0x80019f68       0xbc C:/devkitPro/libogc/lib/wii\libogc.a(system.o)
 .text.__MEMInterruptHandler
                0x8001a024       0x14 C:/devkitPro/libogc/lib/wii\libogc.a(system.o)
 .text.__POWDefaultHandler
                0x8001a038        0x4 C:/devkitPro/libogc/lib/wii\libogc.a(system.o)
 .text.__sram_write
                0x8001a03c      0x114 C:/devkitPro/libogc/lib/wii\libogc.a(system.o)
 .text.__unlocksram
                0x8001a150      0x150 C:/devkitPro/libogc/lib/wii\libogc.a(system.o)
 .text.__sram_writecallback
                0x8001a2a0       0x54 C:/devkitPro/libogc/lib/wii\libogc.a(system.o)
 .text.__mem_onreset
                0x8001a2f4       0x48 C:/devkitPro/libogc/lib/wii\libogc.a(system.o)
 .text.__sys_alarmhandler
                0x8001a33c       0xec C:/devkitPro/libogc/lib/wii\libogc.a(system.o)
 .text.__STMEventHandler
                0x8001a428       0xec C:/devkitPro/libogc/lib/wii\libogc.a(system.o)
 .text.__sram_read.constprop.10
                0x8001a514      0x124 C:/devkitPro/libogc/lib/wii\libogc.a(system.o)
 .text.__RSWDefaultHandler
                0x8001a638        0x4 C:/devkitPro/libogc/lib/wii\libogc.a(system.o)
 .text.__SYS_GetIPCBufferLo
                0x8001a63c        0x8 C:/devkitPro/libogc/lib/wii\libogc.a(system.o)
                0x8001a63c                __SYS_GetIPCBufferLo
 .text.__SYS_GetIPCBufferHi
                0x8001a644        0x8 C:/devkitPro/libogc/lib/wii\libogc.a(system.o)
                0x8001a644                __SYS_GetIPCBufferHi
 .text.__SYS_DoPowerCB
                0x8001a64c       0x78 C:/devkitPro/libogc/lib/wii\libogc.a(system.o)
                0x8001a64c                __SYS_DoPowerCB
 .text.__SYS_PreInit
                0x8001a6c4        0x4 C:/devkitPro/libogc/lib/wii\libogc.a(system.o)
                0x8001a6c4                __SYS_PreInit
 .text.SYS_PreMain
                0x8001a6c8       0x54 C:/devkitPro/libogc/lib/wii\libogc.a(system.o)
                0x8001a6c8                SYS_PreMain
 .text.SYS_ResetButtonDown
                0x8001a71c       0x18 C:/devkitPro/libogc/lib/wii\libogc.a(system.o)
                0x8001a71c                SYS_ResetButtonDown
 .text.SYS_ResetSystem
                0x8001a734      0x20c C:/devkitPro/libogc/lib/wii\libogc.a(system.o)
                0x8001a734                SYS_ResetSystem
 .text.__reload
                0x8001a940       0x80 C:/devkitPro/libogc/lib/wii\libogc.a(system.o)
                0x8001a940                __reload
 .text.__libogc_exit
                0x8001a9c0       0x88 C:/devkitPro/libogc/lib/wii\libogc.a(system.o)
                0x8001a9c0                __libogc_exit
 .text.SYS_RegisterResetFunc
                0x8001aa48       0x80 C:/devkitPro/libogc/lib/wii\libogc.a(system.o)
                0x8001aa48                SYS_RegisterResetFunc
 .text.SYS_Init
                0x8001aac8      0x6a8 C:/devkitPro/libogc/lib/wii\libogc.a(system.o)
                0x8001aac8                SYS_Init
 .text.SYS_SetArena1Lo
                0x8001b170       0x3c C:/devkitPro/libogc/lib/wii\libogc.a(system.o)
                0x8001b170                SYS_SetArena1Lo
 .text.SYS_GetArena1Lo
                0x8001b1ac       0x3c C:/devkitPro/libogc/lib/wii\libogc.a(system.o)
                0x8001b1ac                SYS_GetArena1Lo
 .text.SYS_GetArena1Hi
                0x8001b1e8       0x3c C:/devkitPro/libogc/lib/wii\libogc.a(system.o)
                0x8001b1e8                SYS_GetArena1Hi
 .text.SYS_SetArena2Lo
                0x8001b224       0x3c C:/devkitPro/libogc/lib/wii\libogc.a(system.o)
                0x8001b224                SYS_SetArena2Lo
 .text.SYS_GetArena2Lo
                0x8001b260       0x3c C:/devkitPro/libogc/lib/wii\libogc.a(system.o)
                0x8001b260                SYS_GetArena2Lo
 .text.SYS_SetArena2Hi
                0x8001b29c       0x3c C:/devkitPro/libogc/lib/wii\libogc.a(system.o)
                0x8001b29c                SYS_SetArena2Hi
 .text.SYS_GetArena2Hi
                0x8001b2d8       0x3c C:/devkitPro/libogc/lib/wii\libogc.a(system.o)
                0x8001b2d8                SYS_GetArena2Hi
 .text.SYS_AllocateFramebuffer
                0x8001b314       0x28 C:/devkitPro/libogc/lib/wii\libogc.a(system.o)
                0x8001b314                SYS_AllocateFramebuffer
 .text.SYS_CreateAlarm
                0x8001b33c      0x10c C:/devkitPro/libogc/lib/wii\libogc.a(system.o)
                0x8001b33c                SYS_CreateAlarm
 .text.SYS_SetAlarm
                0x8001b448      0x194 C:/devkitPro/libogc/lib/wii\libogc.a(system.o)
                0x8001b448                SYS_SetAlarm
 .text.SYS_SetPeriodicAlarm
                0x8001b5dc      0x1f4 C:/devkitPro/libogc/lib/wii\libogc.a(system.o)
                0x8001b5dc                SYS_SetPeriodicAlarm
 .text.SYS_RemoveAlarm
                0x8001b7d0      0x110 C:/devkitPro/libogc/lib/wii\libogc.a(system.o)
                0x8001b7d0                SYS_RemoveAlarm
 .text.SYS_CancelAlarm
                0x8001b8e0       0xc0 C:/devkitPro/libogc/lib/wii\libogc.a(system.o)
                0x8001b8e0                SYS_CancelAlarm
 .text.SYS_SetWirelessID
                0x8001b9a0       0x90 C:/devkitPro/libogc/lib/wii\libogc.a(system.o)
                0x8001b9a0                SYS_SetWirelessID
 .text.SYS_GetWirelessID
                0x8001ba30       0xa4 C:/devkitPro/libogc/lib/wii\libogc.a(system.o)
                0x8001ba30                SYS_GetWirelessID
 .text.SYS_GetHollywoodRevision
                0x8001bad4       0x3c C:/devkitPro/libogc/lib/wii\libogc.a(system.o)
                0x8001bad4                SYS_GetHollywoodRevision
 .text.__lwp_cond_init
                0x8001bb10       0x14 C:/devkitPro/libogc/lib/wii\libogc.a(cond.o)
                0x8001bb10                __lwp_cond_init
 .text.__GX_InitRevBits
                0x8001bb24       0x9c C:/devkitPro/libogc/lib/wii\libogc.a(gx.o)
 .text.__GX_CleanGPFifo
                0x8001bbc0      0x180 C:/devkitPro/libogc/lib/wii\libogc.a(gx.o)
 .text.__GXTokenInterruptHandler
                0x8001bd40       0x68 C:/devkitPro/libogc/lib/wii\libogc.a(gx.o)
 .text.__GXDefTexRegionCallback
                0x8001bda8       0x78 C:/devkitPro/libogc/lib/wii\libogc.a(gx.o)
 .text.__GXDefTlutRegionCallback
                0x8001be20       0x18 C:/devkitPro/libogc/lib/wii\libogc.a(gx.o)
 .text.__SetSURegs
                0x8001be38       0x94 C:/devkitPro/libogc/lib/wii\libogc.a(gx.o)
 .text.__GXCPInterruptHandler
                0x8001becc      0x16c C:/devkitPro/libogc/lib/wii\libogc.a(gx.o)
 .text.__GXFinishInterruptHandler
                0x8001c038       0x58 C:/devkitPro/libogc/lib/wii\libogc.a(gx.o)
 .text.__GX_WaitAbort
                0x8001c090       0xa0 C:/devkitPro/libogc/lib/wii\libogc.a(gx.o)
 .text.__GX_Abort
                0x8001c130       0xf4 C:/devkitPro/libogc/lib/wii\libogc.a(gx.o)
 .text.__GX_CPGPLinkCheck.part.0
                0x8001c224       0x3c C:/devkitPro/libogc/lib/wii\libogc.a(gx.o)
 .text.GX_InitFifoBase.part.3
                0x8001c260       0x70 C:/devkitPro/libogc/lib/wii\libogc.a(gx.o)
 .text.GX_SetTexCoordGen2.part.7
                0x8001c2d0      0x2c8 C:/devkitPro/libogc/lib/wii\libogc.a(gx.o)
 .text.GX_SetTexCoordGen.part.8
                0x8001c598        0xc C:/devkitPro/libogc/lib/wii\libogc.a(gx.o)
 .text.__GX_SetDirtyState
                0x8001c5a4      0x628 C:/devkitPro/libogc/lib/wii\libogc.a(gx.o)
 .text.GX_SetCPUFifo
                0x8001cbcc      0x28c C:/devkitPro/libogc/lib/wii\libogc.a(gx.o)
                0x8001cbcc                GX_SetCPUFifo
 .text.GX_SetGPFifo
                0x8001ce58      0x2e0 C:/devkitPro/libogc/lib/wii\libogc.a(gx.o)
                0x8001ce58                GX_SetGPFifo
 .text.GX_Flush
                0x8001d138       0x94 C:/devkitPro/libogc/lib/wii\libogc.a(gx.o)
                0x8001d138                GX_Flush
 .text.__gx_onreset
                0x8001d1cc       0x70 C:/devkitPro/libogc/lib/wii\libogc.a(gx.o)
 .text.GX_AbortFrame
                0x8001d23c       0x54 C:/devkitPro/libogc/lib/wii\libogc.a(gx.o)
                0x8001d23c                GX_AbortFrame
 .text.GX_DrawDone
                0x8001d290       0xc4 C:/devkitPro/libogc/lib/wii\libogc.a(gx.o)
                0x8001d290                GX_DrawDone
 .text.GX_SetViewport
                0x8001d354       0x78 C:/devkitPro/libogc/lib/wii\libogc.a(gx.o)
                0x8001d354                GX_SetViewport
 .text.GX_LoadProjectionMtx
                0x8001d3cc       0xf0 C:/devkitPro/libogc/lib/wii\libogc.a(gx.o)
                0x8001d3cc                GX_LoadProjectionMtx
 .text.GX_SetCopyClear
                0x8001d4bc       0x54 C:/devkitPro/libogc/lib/wii\libogc.a(gx.o)
                0x8001d4bc                GX_SetCopyClear
 .text.GX_SetDispCopyGamma
                0x8001d510       0x18 C:/devkitPro/libogc/lib/wii\libogc.a(gx.o)
                0x8001d510                GX_SetDispCopyGamma
 .text.GX_SetCopyFilter
                0x8001d528      0x290 C:/devkitPro/libogc/lib/wii\libogc.a(gx.o)
                0x8001d528                GX_SetCopyFilter
 .text.GX_SetDispCopyYScale
                0x8001d7b8      0x134 C:/devkitPro/libogc/lib/wii\libogc.a(gx.o)
                0x8001d7b8                GX_SetDispCopyYScale
 .text.GX_SetDispCopyDst
                0x8001d8ec       0x20 C:/devkitPro/libogc/lib/wii\libogc.a(gx.o)
                0x8001d8ec                GX_SetDispCopyDst
 .text.GX_SetDispCopySrc
                0x8001d90c       0x38 C:/devkitPro/libogc/lib/wii\libogc.a(gx.o)
                0x8001d90c                GX_SetDispCopySrc
 .text.GX_CopyDisp
                0x8001d944      0x128 C:/devkitPro/libogc/lib/wii\libogc.a(gx.o)
                0x8001d944                GX_CopyDisp
 .text.GX_SetVtxDesc